2026-07-28 12:19:40,070 | INFO | Python 자동화 시작
2026-07-28 12:20:30,629 | INFO | 3분면에서 사망 발견 / confidence=0.8050
2026-07-28 12:20:30,749 | INFO | 3분면 / 부활하기 클릭 / 01_revive.png / 4346,966 / confidence=0.8050
2026-07-28 12:20:41,079 | INFO | 3분면 / 메뉴 클릭 / 02_menu.png / 4764,706 / confidence=0.8709
2026-07-28 12:20:42,195 | INFO | 3분면 / 장비공방 클릭 / 03_equip_workshop.png / 4618,844 / confidence=0.8511
2026-07-28 12:20:44,980 | INFO | 3분면 / 분해 메뉴 클릭 / 04_dismantle_menu.png / 4310,716 / confidence=0.9393
2026-07-28 12:20:45,903 | INFO | 3분면 / 자동 등록 클릭 / 05_auto_register.png / 4551,1066 / confidence=0.8887
2026-07-28 12:20:46,815 | INFO | 3분면 / 분해 실행 클릭 / 06_dismantle_execute.png / 4231,1049 / confidence=0.9693
2026-07-28 12:21:07,999 | INFO | 07_touch_empty_space.png 검색 시간 초과 / 최고 confidence는 개별 프레임 로그 생략
2026-07-28 12:21:08,031 | INFO | 실패 화면 저장: C:\Users\Jongseo Won\Desktop\auto\debug_capture_python\q3_07_touch_empty_space_20260728_122108.png
2026-07-28 12:21:08,032 | ERROR | 3분면 복구 실패
Traceback (most recent call last):
  File "C:\Users\Jongseo Won\Desktop\auto\game_macro.py", line 435, in watch_loop
    self.run_recovery(quadrant)
    ~~~~~~~~~~~~~~~~~^^^^^^^^^^
  File "C:\Users\Jongseo Won\Desktop\auto\game_macro.py", line 342, in run_recovery
    self.click_image_step(
    ~~~~~~~~~~~~~~~~~~~~~^
        quadrant,
        ^^^^^^^^^
    ...<3 lines>...
        1.0,
        ^^^^
    )
    ^
  File "C:\Users\Jongseo Won\Desktop\auto\game_macro.py", line 283, in click_image_step
    raise RuntimeError(f"{step_name} 이미지를 찾지 못함: {image_name}")
RuntimeError: 빈 공간을 터치해주세요 이미지를 찾지 못함: 07_touch_empty_space.png
2026-07-28 12:21:10,495 | INFO | Python 자동화 시작
2026-07-28 12:21:33,506 | INFO | 2분면에서 사망 발견 / confidence=0.9987
2026-07-28 12:21:33,613 | INFO | 2분면 / 부활하기 클릭 / 01_revive.png / 5305,449 / confidence=0.9987
2026-07-28 12:21:37,934 | INFO | 2분면 / 메뉴 클릭 / 02_menu.png / 5725,195 / confidence=0.9846
2026-07-28 12:21:39,052 | INFO | 2분면 / 장비공방 클릭 / 03_equip_workshop.png / 5582,329 / confidence=0.9892
2026-07-28 12:21:40,172 | INFO | 2분면 / 분해 메뉴 클릭 / 04_dismantle_menu.png / 5270,205 / confidence=0.9698
2026-07-28 12:21:41,086 | INFO | 2분면 / 자동 등록 클릭 / 05_auto_register.png / 5506,548 / confidence=0.9972
2026-07-28 12:21:42,006 | INFO | 2분면 / 분해 실행 클릭 / 06_dismantle_execute.png / 5193,531 / confidence=0.9978
2026-07-28 12:21:43,123 | INFO | 2분면 / 빈 공간을 터치해주세요 클릭 / 07_touch_empty_space.png / 5307,498 / confidence=0.9989
2026-07-28 12:21:44,240 | INFO | 2분면 / 감정 창 닫기 클릭 / 08_close_appraisal.png / 5563,205 / confidence=0.9934
2026-07-28 12:21:45,157 | INFO | 2분면 / 메뉴 창 닫기 클릭 / 09_close_menu.png / 5725,195 / confidence=0.9985
2026-07-28 12:21:46,276 | INFO | 2분면 / 잡화 상인 클릭 / 10_general_store.png / 5601,433 / confidence=0.9684
2026-07-28 12:21:56,089 | INFO | 2분면 / 물약 선택 클릭 / 11_q2_potion.png / 4965,287 / confidence=0.9839
2026-07-28 12:21:57,003 | INFO | 2분면 / 100% 수량 클릭 / 12_100_percent.png / 5369,442 / confidence=0.9482
2026-07-28 12:21:57,819 | INFO | 2분면 / 구매 클릭 / 13_buy.png / 5362,530 / confidence=0.9993
2026-07-28 12:21:58,938 | INFO | 2분면 / 상점 나가기 클릭 / 14_close_shop.png / 5733,191 / confidence=0.9992
2026-07-28 12:22:00,022 | INFO | 2분면 / 월드맵 고정 좌표 클릭 / 4948,293
2026-07-28 12:22:01,427 | INFO | 2분면 / 이동할 지역 클릭 / 16_q2_region.png / 4944,376 / confidence=0.9967
2026-07-28 12:22:02,542 | INFO | 2분면 / 이동할 사냥터 클릭 / 17_q2_hunting_ground.png / 5345,511 / confidence=0.9975
2026-07-28 12:22:03,659 | INFO | 2분면 / 몬스터 클릭 / 18_q2_monster.png / 5592,547 / confidence=0.9994
2026-07-28 12:22:04,576 | INFO | 2분면 / 빠른 이동 클릭 / 19_quick_move.png / 5477,551 / confidence=0.9966
2026-07-28 12:22:05,495 | INFO | 2분면 / 빠른 이동 확인 클릭 / 20_confirm.png / 5377,422 / confidence=0.9996
2026-07-28 12:22:06,495 | INFO | 2분면 이동 대기 시작
2026-07-28 12:22:16,606 | INFO | 2분면 / AUTO 클릭 / 21_auto.png / 5681,440 / confidence=0.9669
2026-07-28 12:22:17,606 | INFO | 2분면 복구 완료
2026-07-28 12:22:54,226 | INFO | 3분면에서 사망 발견 / confidence=0.9060
2026-07-28 12:22:54,347 | INFO | 3분면 / 부활하기 클릭 / 01_revive.png / 4346,966 / confidence=0.9138
2026-07-28 12:23:04,087 | INFO | 3분면 / 메뉴 클릭 / 02_menu.png / 4764,706 / confidence=0.8529
2026-07-28 12:23:05,203 | INFO | 3분면 / 장비공방 클릭 / 03_equip_workshop.png / 4618,844 / confidence=0.8516
2026-07-28 12:23:08,023 | INFO | 3분면 / 분해 메뉴 클릭 / 04_dismantle_menu.png / 4310,716 / confidence=0.9401
2026-07-28 12:23:08,940 | INFO | 3분면 / 자동 등록 클릭 / 05_auto_register.png / 4551,1066 / confidence=0.8883
2026-07-28 12:23:09,859 | INFO | 3분면 / 분해 실행 클릭 / 06_dismantle_execute.png / 4231,1049 / confidence=0.9650
2026-07-28 12:23:55,080 | INFO | Python 자동화 시작
2026-07-28 12:23:55,171 | INFO | 3분면에서 사망 발견 / confidence=0.9128
2026-07-28 12:23:55,291 | INFO | 3분면 / 부활하기 클릭 / 01_revive.png / 4346,966 / confidence=0.9128
2026-07-28 12:24:05,098 | INFO | 3분면 / 메뉴 클릭 / 02_menu.png / 4764,706 / confidence=0.8497
2026-07-28 12:24:08,116 | INFO | 3분면 / 장비공방 클릭 / 03_equip_workshop.png / 4618,844 / confidence=0.8540
2026-07-28 12:24:10,874 | INFO | 3분면 / 분해 메뉴 클릭 / 04_dismantle_menu.png / 4310,716 / confidence=0.9397
2026-07-28 12:24:11,787 | INFO | 3분면 / 자동 등록 클릭 / 05_auto_register.png / 4551,1066 / confidence=0.8886
2026-07-28 12:24:12,707 | INFO | 3분면 / 분해 실행 클릭 / 06_dismantle_execute.png / 4231,1049 / confidence=0.9695
2026-07-28 12:25:27,692 | INFO | Python 자동화 시작
2026-07-28 12:26:25,412 | INFO | Python 자동화 시작
2026-07-28 12:27:21,043 | INFO | Python 자동화 시작
2026-07-28 12:28:10,071 | INFO | Python 자동화 시작
2026-07-28 12:30:24,431 | INFO | Python 자동화 시작
2026-07-28 12:30:24,531 | INFO | 3분면에서 사망 발견 / confidence=0.9136
2026-07-28 12:30:24,649 | INFO | 3분면 / 부활하기 클릭 / 01_revive.png / 4346,966 / confidence=0.9136
2026-07-28 12:30:34,905 | INFO | 3분면 / 메뉴 클릭 / 02_menu.png / 4764,706 / confidence=0.8571
2026-07-28 12:30:36,024 | INFO | 3분면 / 장비공방 클릭 / 03_equip_workshop.png / 4618,843 / confidence=0.8452
2026-07-28 12:30:38,540 | INFO | 3분면 / 분해 메뉴 클릭 / 04_dismantle_menu.png / 4310,716 / confidence=0.9401
2026-07-28 12:30:39,459 | INFO | 3분면 / 자동 등록 클릭 / 05_auto_register.png / 4551,1066 / confidence=0.8888
2026-07-28 12:30:40,377 | INFO | 3분면 / 분해 실행 클릭 / 06_dismantle_execute.png / 4231,1049 / confidence=0.9695
2026-07-28 12:31:01,644 | INFO | 07_touch_empty_space.png 검색 시간 초과 / 최고 confidence는 개별 프레임 로그 생략
2026-07-28 12:31:01,688 | INFO | 실패 화면 저장: C:\Users\Jongseo Won\Desktop\auto\debug_capture_python\q3_07_touch_empty_space_20260728_123101.png
2026-07-28 12:31:01,688 | ERROR | 3분면 복구 실패
Traceback (most recent call last):
  File "C:\Users\Jongseo Won\Desktop\auto\game_macro.py", line 455, in watch_loop
    self.run_recovery(quadrant)
    ~~~~~~~~~~~~~~~~~^^^^^^^^^^
  File "C:\Users\Jongseo Won\Desktop\auto\game_macro.py", line 362, in run_recovery
    self.click_image_step(
    ~~~~~~~~~~~~~~~~~~~~~^
        quadrant,
        ^^^^^^^^^
    ...<3 lines>...
        1.0,
        ^^^^
    )
    ^
  File "C:\Users\Jongseo Won\Desktop\auto\game_macro.py", line 303, in click_image_step
    raise RuntimeError(f"{step_name} 이미지를 찾지 못함: {image_name}")
RuntimeError: 빈 공간을 터치해주세요 이미지를 찾지 못함: 07_touch_empty_space.png
2026-07-28 12:31:53,236 | INFO | Python 자동화 시작
2026-07-28 12:36:58,408 | INFO | Python 자동화 시작
2026-07-28 12:37:24,289 | INFO | Python 자동화 시작
2026-07-28 12:37:24,379 | INFO | 3분면에서 사망 발견 / confidence=0.9134
2026-07-28 12:37:24,501 | INFO | 3분면 / 부활하기 클릭 / 01_revive.png / 4346,966 / confidence=0.9134
2026-07-28 12:37:33,989 | INFO | 3분면 / 메뉴 클릭 / 02_menu.png / 4764,706 / confidence=0.8691
2026-07-28 12:37:35,106 | INFO | 3분면 / 장비공방 클릭 / 03_equip_workshop.png / 4618,844 / confidence=0.8742
2026-07-28 12:37:37,859 | INFO | 3분면 / 분해 메뉴 클릭 / 04_dismantle_menu.png / 4310,716 / confidence=0.9384
2026-07-28 12:37:38,777 | INFO | 3분면 / 자동 등록 클릭 / 05_auto_register.png / 4551,1066 / confidence=0.8893
2026-07-28 12:37:39,694 | INFO | 3분면 / 분해 실행 클릭 / 06_dismantle_execute.png / 4231,1049 / confidence=0.9694
2026-07-28 12:37:50,950 | INFO | 07_touch_empty_space.png 검색 시간 초과 / 최고 confidence는 개별 프레임 로그 생략
2026-07-28 12:37:51,039 | INFO | 3분면 / 07 이미지 검색 실패 / 현재 마우스 위치 재클릭 / 4231,1049
2026-07-28 12:37:52,157 | INFO | 3분면 / 감정 창 닫기 클릭 / 08_close_appraisal.png / 4610,716 / confidence=0.8917
2026-07-28 12:37:53,075 | INFO | 3분면 / 메뉴 창 닫기 클릭 / 09_close_menu.png / 4764,707 / confidence=0.9578
2026-07-28 12:37:54,192 | INFO | 3분면 / 잡화 상인 클릭 / 10_general_store.png / 4637,951 / confidence=0.9512
2026-07-28 12:37:56,128 | INFO | 3분면 / 물약 선택 클릭 / 11_q3_potion.png / 4022,800 / confidence=0.9826
2026-07-28 12:37:57,044 | INFO | 3분면 / 100% 수량 클릭 / 12_100_percent.png / 4411,957 / confidence=0.8348
2026-07-28 12:37:57,863 | INFO | 3분면 / 구매 클릭 / 13_buy.png / 4404,1047 / confidence=0.9039
2026-07-28 12:37:58,980 | INFO | 3분면 / 상점 나가기 클릭 / 14_close_shop.png / 4772,703 / confidence=0.9254
2026-07-28 12:38:00,067 | INFO | 3분면 / 월드맵 고정 좌표 클릭 / 3993,805
2026-07-28 12:38:02,017 | INFO | 3분면 / 이동할 지역 클릭 / 16_q3_region.png / 3999,921 / confidence=0.9964
2026-07-28 12:38:03,133 | INFO | 3분면 / 이동할 사냥터 클릭 / 17_q3_hunting_ground.png / 4459,936 / confidence=0.9976
2026-07-28 12:38:04,253 | INFO | 3분면 / 몬스터 클릭 / 18_q3_monster.png / 4657,906 / confidence=0.9722
2026-07-28 12:38:05,171 | INFO | 3분면 / 빠른 이동 클릭 / 19_quick_move.png / 4510,1070 / confidence=0.9389
2026-07-28 12:38:06,086 | INFO | 3분면 / 빠른 이동 확인 클릭 / 20_confirm.png / 4420,938 / confidence=0.9593
2026-07-28 12:38:07,086 | INFO | 3분면 이동 대기 시작
2026-07-28 12:38:20,520 | INFO | 3분면 / AUTO 클릭 / 21_auto.png / 4719,956 / confidence=0.8199
2026-07-28 12:38:21,521 | INFO | 3분면 복구 완료
2026-07-28 12:39:33,466 | INFO | Python 자동화 시작
2026-07-28 12:39:36,739 | INFO | 2분면에서 사망 발견 / confidence=0.9986
2026-07-28 12:39:36,851 | INFO | 2분면 / 부활하기 클릭 / 01_revive.png / 5305,449 / confidence=0.9987
2026-07-28 12:39:41,132 | INFO | 2분면 / 메뉴 클릭 / 02_menu.png / 5725,195 / confidence=0.9514
2026-07-28 12:39:42,249 | INFO | 2분면 / 장비공방 클릭 / 03_equip_workshop.png / 5688,444 / confidence=0.8428
2026-07-28 12:40:34,497 | INFO | Python 자동화 시작
2026-07-28 12:40:56,718 | INFO | 2분면에서 사망 발견 / confidence=0.9635
2026-07-28 12:40:57,309 | INFO | 2분면 / 부활하기 클릭 / 01_revive.png / 5305,449 / confidence=0.9820
2026-07-28 12:41:02,113 | INFO | 2분면 / 메뉴 클릭 / 02_menu.png / 5725,195 / confidence=0.8945
2026-07-28 12:41:03,731 | INFO | 2분면 / 장비공방 클릭 / 03_equip_workshop.png / 5582,329 / confidence=0.9737
2026-07-28 12:41:05,351 | INFO | 2분면 / 분해 메뉴 클릭 / 04_dismantle_menu.png / 5270,205 / confidence=0.9855
2026-07-28 12:41:06,768 | INFO | 2분면 / 자동 등록 클릭 / 05_auto_register.png / 5506,548 / confidence=0.9989
2026-07-28 12:41:08,189 | INFO | 2분면 / 분해 실행 클릭 / 06_dismantle_execute.png / 5193,531 / confidence=0.9979
2026-07-28 12:41:09,804 | INFO | 2분면 / 빈 공간을 터치해주세요 클릭 / 07_touch_empty_space.png / 5307,498 / confidence=0.9992
2026-07-28 12:41:11,423 | INFO | 2분면 / 감정 창 닫기 클릭 / 08_close_appraisal.png / 5563,205 / confidence=0.9934
2026-07-28 12:41:12,839 | INFO | 2분면 / 메뉴 창 닫기 클릭 / 09_close_menu.png / 5725,195 / confidence=0.9985
2026-07-28 12:41:14,460 | INFO | 2분면 / 잡화 상인 클릭 / 10_general_store.png / 5601,433 / confidence=0.9852
2026-07-28 12:41:16,362 | INFO | 2분면 / 물약 선택 클릭 / 11_q2_potion.png / 4965,287 / confidence=0.9839
2026-07-28 12:41:17,780 | INFO | 2분면 / 100% 수량 클릭 / 12_100_percent.png / 5369,442 / confidence=0.9482
2026-07-28 12:41:19,097 | INFO | 2분면 / 구매 클릭 / 13_buy.png / 5362,530 / confidence=0.9993
2026-07-28 12:41:20,715 | INFO | 2분면 / 상점 나가기 클릭 / 14_close_shop.png / 5733,191 / confidence=0.9992
2026-07-28 12:41:22,300 | INFO | 2분면 / 월드맵 고정 좌표 클릭 / 4948,293
2026-07-28 12:41:24,202 | INFO | 2분면 / 이동할 지역 클릭 / 16_q2_region.png / 4944,376 / confidence=0.9968
2026-07-28 12:41:25,820 | INFO | 2분면 / 이동할 사냥터 클릭 / 17_q2_hunting_ground.png / 5345,511 / confidence=0.9973
2026-07-28 12:41:27,441 | INFO | 2분면 / 몬스터 클릭 / 18_q2_monster.png / 5592,547 / confidence=0.9994
2026-07-28 12:41:28,861 | INFO | 2분면 / 빠른 이동 클릭 / 19_quick_move.png / 5477,551 / confidence=0.9964
2026-07-28 12:41:30,275 | INFO | 2분면 / 빠른 이동 확인 클릭 / 20_confirm.png / 5377,422 / confidence=0.9996
2026-07-28 12:41:31,276 | INFO | 2분면 이동 대기 시작
2026-07-28 12:41:46,891 | INFO | 2분면 / AUTO 클릭 / 21_auto.png / 5681,440 / confidence=0.9854
2026-07-28 12:41:47,891 | INFO | 2분면 복구 완료
2026-07-28 12:41:48,705 | INFO | 4분면에서 사망 발견 / confidence=0.9396
2026-07-28 12:41:49,310 | INFO | 4분면 / 부활하기 클릭 / 01_revive.png / 5305,965 / confidence=0.9396
2026-07-28 12:41:55,451 | INFO | 4분면 / 메뉴 클릭 / 02_menu.png / 5725,711 / confidence=0.9777
2026-07-28 12:41:57,067 | INFO | 4분면 / 장비공방 클릭 / 03_equip_workshop.png / 5582,845 / confidence=0.9939
2026-07-28 12:41:58,685 | INFO | 4분면 / 분해 메뉴 클릭 / 04_dismantle_menu.png / 5270,721 / confidence=0.9884
2026-07-28 12:42:00,103 | INFO | 4분면 / 자동 등록 클릭 / 05_auto_register.png / 5506,1064 / confidence=0.9987
2026-07-28 12:42:01,522 | INFO | 4분면 / 분해 실행 클릭 / 06_dismantle_execute.png / 5193,1047 / confidence=0.9978
2026-07-28 12:42:03,140 | INFO | 4분면 / 빈 공간을 터치해주세요 클릭 / 07_touch_empty_space.png / 5308,1014 / confidence=0.8929
2026-07-28 12:42:04,759 | INFO | 4분면 / 감정 창 닫기 클릭 / 08_close_appraisal.png / 5563,721 / confidence=0.9925
2026-07-28 12:42:06,176 | INFO | 4분면 / 메뉴 창 닫기 클릭 / 09_close_menu.png / 5725,711 / confidence=0.9979
2026-07-28 12:42:07,798 | INFO | 4분면 / 잡화 상인 클릭 / 10_general_store.png / 5601,949 / confidence=0.9778
2026-07-28 12:42:17,422 | INFO | 4분면 / 물약 선택 클릭 / 11_q4_potion.png / 4979,852 / confidence=0.9835
2026-07-28 12:42:18,838 | INFO | 4분면 / 100% 수량 클릭 / 12_100_percent.png / 5369,958 / confidence=0.8868
2026-07-28 12:42:20,158 | INFO | 4분면 / 구매 클릭 / 13_buy.png / 5363,1046 / confidence=0.9411
2026-07-28 12:42:21,775 | INFO | 4분면 / 상점 나가기 클릭 / 14_close_shop.png / 5733,707 / confidence=0.9989
2026-07-28 12:42:22,775 | ERROR | 4분면 복구 실패
Traceback (most recent call last):
  File "C:\Users\Jongseo Won\Desktop\auto\game_macro.py", line 473, in watch_loop
    self.run_recovery(quadrant)
    ~~~~~~~~~~~~~~~~~^^^^^^^^^^
  File "C:\Users\Jongseo Won\Desktop\auto\game_macro.py", line 415, in run_recovery
    self.click_world_map(quadrant)
    ~~~~~~~~~~~~~~~~~~~~^^^^^^^^^^
  File "C:\Users\Jongseo Won\Desktop\auto\game_macro.py", line 325, in click_world_map
    raise RuntimeError(f"{quadrant}분면의 WORLD_MAP_POINTS가 없습니다.")
RuntimeError: 4분면의 WORLD_MAP_POINTS가 없습니다.
2026-07-28 12:47:24,637 | INFO | 1분면에서 사망 발견 / confidence=0.7333
2026-07-28 12:47:25,248 | INFO | 1분면 / 부활하기 클릭 / 01_revive.png / 4542,231 / confidence=0.7333
2026-07-28 12:47:27,365 | INFO | 1분면 / 메뉴 클릭 / 02_menu.png / 4768,167 / confidence=0.7805
2026-07-28 12:47:43,595 | INFO | 03_equip_workshop.png 검색 시간 초과 / 최고 confidence는 개별 프레임 로그 생략
2026-07-28 12:47:43,646 | INFO | 실패 화면 저장: C:\Users\Jongseo Won\Desktop\auto\debug_capture_python\q1_03_equip_workshop_20260728_124743.png
2026-07-28 12:47:43,646 | ERROR | 1분면 복구 실패
Traceback (most recent call last):
  File "C:\Users\Jongseo Won\Desktop\auto\game_macro.py", line 473, in watch_loop
    self.run_recovery(quadrant)
    ~~~~~~~~~~~~~~~~~^^^^^^^^^^
  File "C:\Users\Jongseo Won\Desktop\auto\game_macro.py", line 347, in run_recovery
    self.click_image_step(
    ~~~~~~~~~~~~~~~~~~~~~^
        quadrant, "03_equip_workshop.png", "장비공방", 15, 1.0
        ^^^^^^^^^^^^^^^^^^^^^^^^^^^^^^^^^^^^^^^^^^^^^^^^^^^^^^
    )
    ^
  File "C:\Users\Jongseo Won\Desktop\auto\game_macro.py", line 304, in click_image_step
    raise RuntimeError(f"{step_name} 이미지를 찾지 못함: {image_name}")
RuntimeError: 장비공방 이미지를 찾지 못함: 03_equip_workshop.png
2026-07-28 12:48:43,348 | INFO | Python 자동화 시작
2026-07-28 12:49:24,579 | INFO | 4분면에서 사망 발견 / confidence=0.9400
2026-07-28 12:49:25,204 | INFO | 4분면 / 부활하기 클릭 / 01_revive.png / 5305,965 / confidence=0.9400
2026-07-28 12:49:31,188 | INFO | 4분면 / 메뉴 클릭 / 02_menu.png / 5725,711 / confidence=0.9778
2026-07-28 12:49:32,807 | INFO | 4분면 / 장비공방 클릭 / 03_equip_workshop.png / 5582,845 / confidence=0.9933
2026-07-28 12:49:34,424 | INFO | 4분면 / 분해 메뉴 클릭 / 04_dismantle_menu.png / 5270,721 / confidence=0.9834
2026-07-28 12:49:35,843 | INFO | 4분면 / 자동 등록 클릭 / 05_auto_register.png / 5506,1064 / confidence=0.9981
2026-07-28 12:49:37,261 | INFO | 4분면 / 분해 실행 클릭 / 06_dismantle_execute.png / 5193,1047 / confidence=0.9977
2026-07-28 12:49:38,879 | INFO | 4분면 / 빈 공간을 터치해주세요 클릭 / 07_touch_empty_space.png / 5307,1014 / confidence=0.8926
2026-07-28 12:49:40,498 | INFO | 4분면 / 감정 창 닫기 클릭 / 08_close_appraisal.png / 5563,721 / confidence=0.9921
2026-07-28 12:49:41,914 | INFO | 4분면 / 메뉴 창 닫기 클릭 / 09_close_menu.png / 5725,711 / confidence=0.9974
2026-07-28 12:49:43,535 | INFO | 4분면 / 잡화 상인 클릭 / 10_general_store.png / 5601,949 / confidence=0.9812
2026-07-28 12:49:53,944 | INFO | 4분면 / 물약 선택 클릭 / quadrant_4/11_potion.png / 4979,852 / confidence=0.9828
2026-07-28 12:49:55,362 | INFO | 4분면 / 100% 수량 클릭 / 12_100_percent.png / 5369,958 / confidence=0.8879
2026-07-28 12:49:56,681 | INFO | 4분면 / 구매 클릭 / 13_buy.png / 5363,1046 / confidence=0.9407
2026-07-28 12:49:58,299 | INFO | 4분면 / 상점 나가기 클릭 / 14_close_shop.png / 5733,707 / confidence=0.9992
2026-07-28 12:49:59,884 | INFO | 4분면 / 월드맵 고정 좌표 클릭 / 4949,797
2026-07-28 12:50:01,786 | INFO | 4분면 / 이동할 지역 클릭 / quadrant_4/16_region.png / 4960,861 / confidence=0.9931
2026-07-28 12:50:03,403 | INFO | 4분면 / 이동할 사냥터 클릭 / quadrant_4/17_hunting_ground.png / 5419,875 / confidence=0.9971
2026-07-28 12:50:05,023 | INFO | 4분면 / 몬스터 클릭 / quadrant_4/18_monster.png / 5601,904 / confidence=0.9987
2026-07-28 12:50:06,441 | INFO | 4분면 / 빠른 이동 클릭 / 19_quick_move.png / 5477,1067 / confidence=0.9995
2026-07-28 12:50:07,859 | INFO | 4분면 / 빠른 이동 확인 클릭 / 20_confirm.png / 5378,938 / confidence=0.9373
2026-07-28 12:50:08,859 | INFO | 4분면 이동 대기 시작
2026-07-28 12:50:24,476 | INFO | 4분면 / AUTO 클릭 / 21_auto.png / 5681,956 / confidence=0.9841
2026-07-28 12:50:25,477 | INFO | 4분면 복구 완료
2026-07-28 12:51:28,009 | INFO | 1분면에서 사망 발견 / confidence=0.7563
2026-07-28 12:51:28,603 | INFO | 1분면 / 부활하기 클릭 / 01_revive.png / 4318,533 / confidence=0.7563
2026-07-28 12:51:30,713 | INFO | 1분면 / 메뉴 클릭 / 02_menu.png / 4768,167 / confidence=0.7899
2026-07-28 12:51:46,836 | INFO | 03_equip_workshop.png 검색 시간 초과 / 최고 confidence는 개별 프레임 로그 생략
2026-07-28 12:51:46,868 | INFO | 실패 화면 저장: C:\Users\Jongseo Won\Desktop\auto\debug_capture_python\q1_03_equip_workshop_20260728_125146.png
2026-07-28 12:51:46,869 | ERROR | 1분면 복구 실패
Traceback (most recent call last):
  File "C:\Users\Jongseo Won\Desktop\auto\game_macro.py", line 473, in watch_loop
    self.run_recovery(quadrant)
    ~~~~~~~~~~~~~~~~~^^^^^^^^^^
  File "C:\Users\Jongseo Won\Desktop\auto\game_macro.py", line 347, in run_recovery
    self.click_image_step(
    ~~~~~~~~~~~~~~~~~~~~~^
        quadrant, "03_equip_workshop.png", "장비공방", 15, 1.0
        ^^^^^^^^^^^^^^^^^^^^^^^^^^^^^^^^^^^^^^^^^^^^^^^^^^^^^^
    )
    ^
  File "C:\Users\Jongseo Won\Desktop\auto\game_macro.py", line 304, in click_image_step
    raise RuntimeError(f"{step_name} 이미지를 찾지 못함: {image_name}")
RuntimeError: 장비공방 이미지를 찾지 못함: 03_equip_workshop.png
2026-07-28 12:53:11,976 | INFO | 1분면에서 사망 발견 / confidence=0.7527
2026-07-28 12:53:12,573 | INFO | 1분면 / 부활하기 클릭 / 01_revive.png / 4318,444 / confidence=0.7626
2026-07-28 12:53:14,661 | INFO | 1분면 / 메뉴 클릭 / 02_menu.png / 4768,167 / confidence=0.7915
2026-07-28 12:53:25,885 | INFO | 1분면 / 장비공방 클릭 / 03_equip_workshop.png / 4070,531 / confidence=0.7934
2026-07-28 12:53:32,104 | INFO | Python 자동화 시작
2026-07-28 12:54:17,588 | INFO | 4분면에서 사망 발견 / confidence=0.9011
2026-07-28 12:54:18,197 | INFO | 4분면 / 부활하기 클릭 / 01_revive.png / 5305,1062 / confidence=0.8983
2026-07-28 12:54:20,297 | INFO | 4분면 / 메뉴 클릭 / 02_menu.png / 5725,711 / confidence=0.9758
2026-07-28 12:54:28,899 | INFO | Python 자동화 시작
2026-07-28 12:54:28,973 | INFO | 2분면에서 사망 발견 / confidence=0.9325
2026-07-28 12:54:29,592 | INFO | 2분면 / 부활하기 클릭 / 01_revive.png / 5305,546 / confidence=0.9325
2026-07-28 12:54:34,375 | INFO | 2분면 / 메뉴 클릭 / 02_menu.png / 5725,195 / confidence=0.9877
2026-07-28 12:54:35,992 | INFO | 2분면 / 장비공방 클릭 / 03_equip_workshop.png / 5582,329 / confidence=0.9906
2026-07-28 12:54:37,610 | INFO | 2분면 / 분해 메뉴 클릭 / 04_dismantle_menu.png / 5270,205 / confidence=0.9871
2026-07-28 12:54:39,030 | INFO | 2분면 / 자동 등록 클릭 / 05_auto_register.png / 5506,548 / confidence=0.9989
2026-07-28 12:54:40,447 | INFO | 2분면 / 분해 실행 클릭 / 06_dismantle_execute.png / 5193,531 / confidence=0.9979
2026-07-28 12:54:42,066 | INFO | 2분면 / 빈 공간을 터치해주세요 클릭 / 07_touch_empty_space.png / 5307,498 / confidence=0.9991
2026-07-28 12:54:43,684 | INFO | 2분면 / 감정 창 닫기 클릭 / 08_close_appraisal.png / 5563,205 / confidence=0.9935
2026-07-28 12:54:45,103 | INFO | 2분면 / 메뉴 창 닫기 클릭 / 09_close_menu.png / 5725,195 / confidence=0.9985
2026-07-28 12:54:46,724 | INFO | 2분면 / 잡화 상인 클릭 / 10_general_store.png / 5601,433 / confidence=0.9801
2026-07-28 12:54:49,957 | INFO | 2분면 / 물약 선택 클릭 / quadrant_2/11_potion.png / 4965,287 / confidence=0.9836
2026-07-28 12:54:51,375 | INFO | 2분면 / 100% 수량 클릭 / 12_100_percent.png / 5369,442 / confidence=0.9485
2026-07-28 12:54:52,693 | INFO | 2분면 / 구매 클릭 / 13_buy.png / 5362,530 / confidence=0.9993
2026-07-28 12:54:54,311 | INFO | 2분면 / 상점 나가기 클릭 / 14_close_shop.png / 5733,191 / confidence=0.9992
2026-07-28 12:54:55,896 | INFO | 2분면 / 월드맵 고정 좌표 클릭 / 4948,293
2026-07-28 12:54:57,798 | INFO | 2분면 / 이동할 지역 클릭 / quadrant_2/16_region.png / 4944,376 / confidence=0.9967
2026-07-28 12:54:59,416 | INFO | 2분면 / 이동할 사냥터 클릭 / quadrant_2/17_hunting_ground.png / 5345,511 / confidence=0.9978
2026-07-28 12:55:01,033 | INFO | 2분면 / 몬스터 클릭 / quadrant_2/18_monster.png / 5592,547 / confidence=0.9994
2026-07-28 12:55:02,453 | INFO | 2분면 / 빠른 이동 클릭 / 19_quick_move.png / 5477,551 / confidence=0.9960
2026-07-28 12:55:03,870 | INFO | 2분면 / 빠른 이동 확인 클릭 / 20_confirm.png / 5377,422 / confidence=0.9996
2026-07-28 12:55:04,871 | INFO | 2분면 이동 대기 시작
2026-07-28 12:55:20,488 | INFO | 2분면 / AUTO 클릭 / 21_auto.png / 5681,440 / confidence=0.9861
2026-07-28 12:55:21,488 | INFO | 2분면 복구 완료
2026-07-28 12:55:22,273 | INFO | 3분면에서 사망 발견 / confidence=0.9139
2026-07-28 12:55:22,889 | INFO | 3분면 / 부활하기 클릭 / 01_revive.png / 4346,966 / confidence=0.9139
2026-07-28 12:55:32,632 | INFO | 3분면 / 메뉴 클릭 / 02_menu.png / 4764,706 / confidence=0.8669
2026-07-28 12:55:34,252 | INFO | 3분면 / 장비공방 클릭 / 03_equip_workshop.png / 4618,844 / confidence=0.8633
2026-07-28 12:55:37,555 | INFO | 3분면 / 분해 메뉴 클릭 / 04_dismantle_menu.png / 4310,716 / confidence=0.9393
2026-07-28 12:55:38,972 | INFO | 3분면 / 자동 등록 클릭 / 05_auto_register.png / 4551,1066 / confidence=0.8884
2026-07-28 12:55:40,389 | INFO | 3분면 / 분해 실행 클릭 / 06_dismantle_execute.png / 4231,1049 / confidence=0.9694
2026-07-28 12:55:51,447 | INFO | 07_touch_empty_space.png 검색 시간 초과 / 최고 confidence는 개별 프레임 로그 생략
2026-07-28 12:55:52,034 | INFO | 3분면 / 07 이미지 검색 실패 / 현재 마우스 위치 재클릭 / 4231,1049
2026-07-28 12:55:53,654 | INFO | 3분면 / 감정 창 닫기 클릭 / 08_close_appraisal.png / 4610,716 / confidence=0.8918
2026-07-28 12:55:55,072 | INFO | 3분면 / 메뉴 창 닫기 클릭 / 09_close_menu.png / 4764,707 / confidence=0.9577
2026-07-28 12:55:56,690 | INFO | 3분면 / 잡화 상인 클릭 / 10_general_store.png / 4637,951 / confidence=0.9501
2026-07-28 12:56:05,148 | INFO | 3분면 / 물약 선택 클릭 / quadrant_3/11_potion.png / 4022,800 / confidence=0.9825
2026-07-28 12:56:06,569 | INFO | 3분면 / 100% 수량 클릭 / 12_100_percent.png / 4411,957 / confidence=0.8348
2026-07-28 12:56:07,885 | INFO | 3분면 / 구매 클릭 / 13_buy.png / 4404,1047 / confidence=0.9035
2026-07-28 12:56:09,502 | INFO | 3분면 / 상점 나가기 클릭 / 14_close_shop.png / 4772,703 / confidence=0.9254
2026-07-28 12:56:11,087 | INFO | 3분면 / 월드맵 고정 좌표 클릭 / 3993,805
2026-07-28 12:56:13,556 | INFO | 3분면 / 이동할 지역 클릭 / quadrant_3/16_region.png / 3999,921 / confidence=0.9966
2026-07-28 12:56:15,175 | INFO | 3분면 / 이동할 사냥터 클릭 / quadrant_3/17_hunting_ground.png / 4459,936 / confidence=0.9980
2026-07-28 12:56:16,792 | INFO | 3분면 / 몬스터 클릭 / quadrant_3/18_monster.png / 4657,906 / confidence=0.9720
2026-07-28 12:56:18,212 | INFO | 3분면 / 빠른 이동 클릭 / 19_quick_move.png / 4510,1070 / confidence=0.9387
2026-07-28 12:56:19,629 | INFO | 3분면 / 빠른 이동 확인 클릭 / 20_confirm.png / 4420,938 / confidence=0.9598
2026-07-28 12:56:20,630 | INFO | 3분면 이동 대기 시작
2026-07-28 12:56:36,246 | INFO | 3분면 / AUTO 클릭 / 21_auto.png / 4719,956 / confidence=0.7943
2026-07-28 12:56:37,247 | INFO | 3분면 복구 완료
2026-07-28 12:56:38,050 | INFO | 4분면에서 사망 발견 / confidence=0.8821
2026-07-28 12:56:38,665 | INFO | 4분면 / 부활하기 클릭 / 01_revive.png / 5305,1062 / confidence=0.8822
2026-07-28 12:56:44,055 | INFO | 4분면 / 메뉴 클릭 / 02_menu.png / 5725,711 / confidence=0.9699
2026-07-28 12:56:45,673 | INFO | 4분면 / 장비공방 클릭 / 03_equip_workshop.png / 5582,845 / confidence=0.9890
2026-07-28 12:56:47,290 | INFO | 4분면 / 분해 메뉴 클릭 / 04_dismantle_menu.png / 5270,721 / confidence=0.9872
2026-07-28 12:56:48,709 | INFO | 4분면 / 자동 등록 클릭 / 05_auto_register.png / 5506,1064 / confidence=0.9988
2026-07-28 12:56:50,129 | INFO | 4분면 / 분해 실행 클릭 / 06_dismantle_execute.png / 5193,1047 / confidence=0.9979
2026-07-28 12:56:51,750 | INFO | 4분면 / 빈 공간을 터치해주세요 클릭 / 07_touch_empty_space.png / 5308,1014 / confidence=0.8925
2026-07-28 12:56:53,363 | INFO | 4분면 / 감정 창 닫기 클릭 / 08_close_appraisal.png / 5563,721 / confidence=0.9930
2026-07-28 12:56:54,782 | INFO | 4분면 / 메뉴 창 닫기 클릭 / 09_close_menu.png / 5725,711 / confidence=0.9981
2026-07-28 12:56:56,399 | INFO | 4분면 / 잡화 상인 클릭 / 10_general_store.png / 5601,949 / confidence=0.9789
2026-07-28 12:57:02,639 | INFO | 4분면 / 물약 선택 클릭 / quadrant_4/11_potion.png / 4979,852 / confidence=0.9834
2026-07-28 12:57:04,061 | INFO | 4분면 / 100% 수량 클릭 / 12_100_percent.png / 5369,958 / confidence=0.8399
2026-07-28 12:57:05,375 | INFO | 4분면 / 구매 클릭 / 13_buy.png / 5363,1046 / confidence=0.9358
2026-07-28 12:57:06,992 | INFO | 4분면 / 상점 나가기 클릭 / 14_close_shop.png / 5733,707 / confidence=0.9992
2026-07-28 12:57:08,578 | INFO | 4분면 / 월드맵 고정 좌표 클릭 / 4949,797
2026-07-28 12:57:10,480 | INFO | 4분면 / 이동할 지역 클릭 / quadrant_4/16_region.png / 4960,861 / confidence=0.9932
2026-07-28 12:57:12,099 | INFO | 4분면 / 이동할 사냥터 클릭 / quadrant_4/17_hunting_ground.png / 5419,875 / confidence=0.9965
2026-07-28 12:57:13,718 | INFO | 4분면 / 몬스터 클릭 / quadrant_4/18_monster.png / 5601,904 / confidence=0.9988
2026-07-28 12:57:15,135 | INFO | 4분면 / 빠른 이동 클릭 / 19_quick_move.png / 5477,1067 / confidence=0.9995
2026-07-28 12:57:16,553 | INFO | 4분면 / 빠른 이동 확인 클릭 / 20_confirm.png / 5378,938 / confidence=0.9377
2026-07-28 12:57:17,553 | INFO | 4분면 이동 대기 시작
2026-07-28 12:57:33,173 | INFO | 4분면 / AUTO 클릭 / 21_auto.png / 5681,956 / confidence=0.9781
2026-07-28 12:57:34,174 | INFO | 4분면 복구 완료
