2026-07-27 22:14:24 | 스크립트 시작
2026-07-27 22:14:28 | 스크립트 시작
2026-07-27 22:14:28 | 스크립트 시작
2026-07-27 22:14:35 | 스크립트 시작
2026-07-27 22:15:15 | 스크립트 시작
2026-07-27 22:16:36 | 스크립트 시작
2026-07-27 22:18:01 | 스크립트 시작
2026-07-27 22:18:35 | 스크립트 시작
2026-07-27 22:18:35 | 스크립트 시작
2026-07-27 22:25:36 | 스크립트 시작
2026-07-27 22:26:11 | 자동화 일시정지
2026-07-27 22:26:14 | 자동화 시작
2026-07-27 22:26:59 | 자동화 일시정지
2026-07-27 22:27:02 | 자동화 시작
2026-07-27 22:29:11 | 스크립트 시작
2026-07-27 22:30:42 | 스크립트 시작
2026-07-27 22:31:11 | 스크립트 시작
2026-07-27 22:31:11 | 스크립트 시작
2026-07-27 22:31:16 | 스크립트 시작
2026-07-27 22:31:53 | 자동화 일시정지
2026-07-27 22:31:55 | 자동화 시작
2026-07-27 22:31:56 | 자동화 일시정지
2026-07-27 22:34:45 | 스크립트 시작
2026-07-27 22:35:12 | 스크립트 시작
2026-07-27 22:35:24 | 스크립트 시작
2026-07-27 22:37:49 | 스크립트 시작
2026-07-27 22:37:58 | 자동화 일시정지
2026-07-27 22:37:59 | 자동화 시작
2026-07-27 22:38:01 | 자동화 일시정지
2026-07-27 22:38:02 | 자동화 시작
2026-07-27 22:40:50 | 스크립트 시작
2026-07-27 22:41:51 | 스크립트 시작
2026-07-27 22:43:00 | 스크립트 시작
2026-07-28 09:23:45 | 스크립트 시작
2026-07-28 09:24:27 | 자동화 일시정지
2026-07-28 09:24:30 | 자동화 시작
2026-07-28 09:26:26 | 스크립트 시작
2026-07-28 09:26:29 | 자동화 일시정지
2026-07-28 09:26:32 | 자동화 시작
2026-07-28 09:26:36 | 자동화 일시정지
2026-07-28 09:26:39 | 자동화 시작
2026-07-28 09:32:22 | 스크립트 시작
2026-07-28 09:33:11 | 스크립트 시작
2026-07-28 09:33:27 | 스크립트 시작
2026-07-28 09:34:54 | 스크립트 시작
2026-07-28 09:36:13 | 자동화 일시정지
2026-07-28 09:36:23 | 자동화 시작
2026-07-28 09:36:31 | 스크립트 시작
2026-07-28 09:36:32 | 자동화 일시정지
2026-07-28 09:36:35 | 자동화 시작
2026-07-28 09:36:43 | 자동화 일시정지
2026-07-28 09:38:35 | 스크립트 시작
2026-07-28 09:44:34 | 스크립트 시작
2026-07-28 09:45:03 | 스크립트 시작
2026-07-28 09:49:37 | 스크립트 시작
2026-07-28 09:59:52 | 스크립트 시작
2026-07-28 10:05:24 | 스크립트 시작
2026-07-28 10:11:03 | 스크립트 시작
2026-07-28 10:12:32 | 스크립트 시작
2026-07-28 10:15:05 | 자동화 일시정지
2026-07-28 10:15:23 | 스크립트 시작
2026-07-28 10:15:38 | 자동화 일시정지
2026-07-28 10:15:39 | 자동화 시작
2026-07-28 10:18:04 | 스크립트 시작
2026-07-28 10:18:32 | 스크립트 시작
2026-07-28 10:19:35 | 스크립트 시작
2026-07-28 10:20:10 | 스크립트 시작
2026-07-28 10:21:00 | 스크립트 시작
2026-07-28 10:27:54 | 스크립트 시작
2026-07-28 10:28:43 | 자동화 일시정지
2026-07-28 10:28:44 | 자동화 시작
2026-07-28 10:33:33 | 스크립트 시작
2026-07-28 10:38:12 | 스크립트 시작
2026-07-28 10:38:12 | 스크립트 시작
2026-07-28 10:38:42 | 스크립트 시작
2026-07-28 10:38:51 | 스크립트 시작
2026-07-28 10:39:01 | 자동화 일시정지
2026-07-28 10:39:02 | 자동화 시작
2026-07-28 10:39:52 | 스크립트 시작
2026-07-28 10:39:53 | 스크립트 시작
2026-07-28 10:39:54 | 자동화 일시정지
2026-07-28 10:39:54 | 자동화 시작
2026-07-28 10:39:58 | 2분면에서 사망 발견 (5251, 432)
2026-07-28 10:40:00 | 2분면 / 부활하기 클릭 / 01_revive.png / 5259, 440
2026-07-28 10:42:02 | 스크립트 시작
2026-07-28 10:42:08 | 2분면에서 사망 발견 (5251, 429)
2026-07-28 10:42:10 | 2분면 / 부활하기 클릭 / 01_revive.png / 5259, 437
2026-07-28 10:45:28 | 스크립트 시작
2026-07-28 10:45:34 | 2분면에서 사망 발견 (5251, 429)
2026-07-28 10:45:36 | 2분면 / 부활하기 클릭 / 01_revive.png / 5259, 437
2026-07-28 10:45:43 | 2분면 / 메뉴 클릭 / 02_menu.png / 5724, 194
2026-07-28 10:46:56 | 스크립트 시작
2026-07-28 10:47:02 | 2분면에서 사망 발견 (5251, 429)
2026-07-28 10:47:05 | 2분면 / 부활하기 클릭 / 01_revive.png / 5259, 437
2026-07-28 10:47:11 | 2분면 / 메뉴 클릭 / 02_menu.png / 5724, 194
2026-07-28 10:47:27 | 2분면 작업 실패: 장비공방 이미지를 찾지 못함: 03_equip_workshop.png
2026-07-28 10:48:25 | 스크립트 시작
2026-07-28 10:48:30 | 2분면에서 사망 발견 (5251, 360)
2026-07-28 10:48:31 | 2분면 / 부활하기 클릭 / 01_revive.png / 5259, 368
2026-07-28 10:49:00 | 2분면 / 메뉴 클릭 / 02_menu.png / 5724, 194
2026-07-28 10:49:01 | 2분면 / 장비공방 클릭 / 03_equip_workshop.png / 5574, 331
2026-07-28 10:49:02 | 2분면 / 분해 메뉴 클릭 / 04_dismantle_menu.png / 5233, 202
2026-07-28 10:49:03 | 2분면 / 자동 등록 클릭 / 05_auto_register.png / 5481, 545
2026-07-28 10:49:09 | 스크립트 시작
2026-07-28 10:49:26 | 2분면에서 사망 발견 (5251, 429)
2026-07-28 10:49:28 | 2분면 / 부활하기 클릭 / 01_revive.png / 5259, 428
2026-07-28 10:49:39 | 2분면 / 메뉴 클릭 / 02_menu.png / 5724, 194
2026-07-28 10:49:40 | 2분면 / 장비공방 클릭 / 03_equip_workshop.png / 5574, 331
2026-07-28 10:49:41 | 2분면 / 분해 메뉴 클릭 / 04_dismantle_menu.png / 5233, 202
2026-07-28 10:49:42 | 2분면 / 자동 등록 클릭 / 05_auto_register.png / 5481, 545
2026-07-28 10:49:43 | 2분면 / 분해 실행 클릭 / 06_dismantle_execute.png / 5143, 528
2026-07-28 10:53:32 | 스크립트 시작
2026-07-28 10:53:38 | 2분면에서 사망 발견 (5251, 525)
2026-07-28 10:53:41 | 2분면 / 부활하기 클릭 / 01_revive.png / 5259, 533
2026-07-28 10:53:46 | 2분면 / 메뉴 클릭 / 02_menu.png / 5724, 194
2026-07-28 10:53:50 | 2분면 / 장비공방 클릭 / 03_equip_workshop.png / 5574, 331
2026-07-28 10:53:51 | 2분면 / 분해 메뉴 클릭 / 04_dismantle_menu.png / 5233, 202
2026-07-28 10:53:52 | 2분면 / 자동 등록 클릭 / 05_auto_register.png / 5481, 545
2026-07-28 10:54:54 | 스크립트 시작
2026-07-28 10:54:59 | 2분면에서 사망 발견 (5251, 429)
2026-07-28 10:55:01 | 2분면 / 부활하기 클릭 / 01_revive.png / 5307, 443
2026-07-28 10:56:18 | 스크립트 시작
2026-07-28 10:56:24 | 2분면에서 사망 발견 (5251, 429)
2026-07-28 10:56:26 | 2분면 / 부활하기 클릭 / 01_revive.png / 5307, 443
2026-07-28 10:56:58 | 2분면 / 메뉴 클릭 / 02_menu.png / 5725, 195
2026-07-28 10:56:59 | 2분면 / 장비공방 클릭 / 03_equip_workshop.png / 5582, 329
2026-07-28 10:57:00 | 2분면 / 분해 메뉴 클릭 / 04_dismantle_menu.png / 5270, 205
2026-07-28 10:57:01 | 2분면 / 자동 등록 클릭 / 05_auto_register.png / 5506, 548
2026-07-28 10:57:02 | 2분면 / 분해 실행 클릭 / 06_dismantle_execute.png / 5193, 531
2026-07-28 10:58:25 | 스크립트 시작
2026-07-28 10:58:30 | 2분면에서 사망 발견 (5251, 360)
2026-07-28 10:58:32 | 2분면 / 부활하기 클릭 / 01_revive.png / 5307, 374
2026-07-28 10:59:07 | 스크립트 시작
2026-07-28 10:59:25 | 2분면에서 사망 발견 (5251, 429)
2026-07-28 10:59:27 | 2분면 / 부활하기 클릭 / 01_revive.png / 5307, 443
2026-07-28 10:59:32 | 2분면 / 메뉴 클릭 / 02_menu.png / 5725, 195
2026-07-28 10:59:33 | 2분면 / 장비공방 클릭 / 03_equip_workshop.png / 5582, 329
2026-07-28 10:59:34 | 2분면 / 분해 메뉴 클릭 / 04_dismantle_menu.png / 5270, 205
2026-07-28 10:59:35 | 2분면 / 자동 등록 클릭 / 05_auto_register.png / 5506, 548
2026-07-28 10:59:36 | 2분면 / 분해 실행 클릭 / 06_dismantle_execute.png / 5193, 531
2026-07-28 10:59:37 | 2분면 / 빈 공간을 터치해주세요 클릭 / 07_touch_empty_space.png / 5307, 498
2026-07-28 10:59:38 | 2분면 / 감정 창 닫기 클릭 / 08_close_appraisal.png / 5563, 205
2026-07-28 10:59:39 | 2분면 / 메뉴 창 닫기 클릭 / 09_close_menu.png / 5725, 195
2026-07-28 10:59:40 | 2분면 / 잡화 상인 클릭 / 10_general_store.png / 5601, 433
2026-07-28 11:01:10 | 스크립트 시작
2026-07-28 11:01:16 | 2분면에서 사망 발견 (5251, 420)
2026-07-28 11:01:18 | 2분면 / 부활하기 클릭 / 01_revive.png / 5307, 434
2026-07-28 11:01:29 | 2분면 / 메뉴 클릭 / 02_menu.png / 5725, 195
2026-07-28 11:01:31 | 2분면 / 장비공방 클릭 / 03_equip_workshop.png / 5582, 329
2026-07-28 11:01:32 | 2분면 / 분해 메뉴 클릭 / 04_dismantle_menu.png / 5270, 205
2026-07-28 11:01:33 | 2분면 / 자동 등록 클릭 / 05_auto_register.png / 5506, 548
2026-07-28 11:01:35 | 2분면 / 분해 실행 클릭 / 06_dismantle_execute.png / 5193, 531
2026-07-28 11:01:36 | 2분면 / 빈 공간을 터치해주세요 클릭 / 07_touch_empty_space.png / 5307, 498
2026-07-28 11:01:37 | 2분면 / 감정 창 닫기 클릭 / 08_close_appraisal.png / 5563, 205
2026-07-28 11:01:37 | 2분면 / 메뉴 창 닫기 클릭 / 09_close_menu.png / 5725, 195
2026-07-28 11:01:39 | 2분면 / 잡화 상인 클릭 / 10_general_store.png / 5601, 433
2026-07-28 11:01:40 | 2분면 / 물약 선택 클릭 / 11_q2_potion.png / 4965, 287
2026-07-28 11:01:56 | 2분면 작업 실패: 100% 수량 이미지를 찾지 못함: 12_100_percent.png
2026-07-28 11:03:48 | 스크립트 시작
2026-07-28 11:03:54 | 2분면에서 사망 발견 (5251, 429)
2026-07-28 11:03:56 | 2분면 / 부활하기 클릭 / 01_revive.png / 5307, 443
2026-07-28 11:04:02 | 2분면 / 메뉴 클릭 / 02_menu.png / 5725, 195
2026-07-28 11:04:03 | 2분면 / 장비공방 클릭 / 03_equip_workshop.png / 5582, 329
2026-07-28 11:04:04 | 2분면 / 분해 메뉴 클릭 / 04_dismantle_menu.png / 5270, 205
2026-07-28 11:04:05 | 2분면 / 자동 등록 클릭 / 05_auto_register.png / 5506, 548
2026-07-28 11:04:21 | 2분면 작업 실패: 분해 실행 이미지를 찾지 못함: 06_dismantle_execute.png
2026-07-28 11:05:33 | 스크립트 시작
2026-07-28 11:05:39 | 2분면에서 사망 발견 (5251, 360)
2026-07-28 11:05:40 | 2분면 / 부활하기 클릭 / 01_revive.png / 5307, 374
2026-07-28 11:05:45 | 스크립트 시작
2026-07-28 11:05:50 | 2분면에서 사망 발견 (5251, 360)
2026-07-28 11:05:51 | 2분면 / 부활하기 클릭 / 01_revive.png / 5307, 374
2026-07-28 11:06:02 | 2분면 / 메뉴 클릭 / 02_menu.png / 5725, 195
2026-07-28 11:06:03 | 2분면 / 장비공방 클릭 / 03_equip_workshop.png / 5582, 329
2026-07-28 11:06:04 | 2분면 / 분해 메뉴 클릭 / 04_dismantle_menu.png / 5270, 205
2026-07-28 11:06:05 | 2분면 / 자동 등록 클릭 / 05_auto_register.png / 5506, 548
2026-07-28 11:06:06 | 2분면 / 분해 실행 클릭 / 06_dismantle_execute.png / 5193, 531
2026-07-28 11:06:07 | 2분면 / 빈 공간을 터치해주세요 클릭 / 07_touch_empty_space.png / 5307, 498
2026-07-28 11:06:08 | 2분면 / 감정 창 닫기 클릭 / 08_close_appraisal.png / 5563, 205
2026-07-28 11:06:09 | 2분면 / 메뉴 창 닫기 클릭 / 09_close_menu.png / 5725, 195
2026-07-28 11:06:10 | 2분면 / 잡화 상인 클릭 / 10_general_store.png / 5601, 433
2026-07-28 11:06:12 | 2분면 / 물약 선택 클릭 / 11_q2_potion.png / 4965, 287
2026-07-28 11:07:14 | 스크립트 시작
2026-07-28 11:07:32 | 2분면에서 사망 발견 (5251, 429)
2026-07-28 11:07:34 | 2분면 / 부활하기 클릭 / 01_revive.png / 5307, 368
2026-07-28 11:07:42 | 2분면 / 메뉴 클릭 / 02_menu.png / 5725, 195
2026-07-28 11:07:44 | 2분면 / 장비공방 클릭 / 03_equip_workshop.png / 5582, 329
2026-07-28 11:07:45 | 2분면 / 분해 메뉴 클릭 / 04_dismantle_menu.png / 5270, 205
2026-07-28 11:07:46 | 2분면 / 자동 등록 클릭 / 05_auto_register.png / 5506, 548
2026-07-28 11:07:52 | 2분면 / 분해 실행 없음 / 07, 08 단계 건너뜀
2026-07-28 11:08:07 | 2분면 작업 실패: 메뉴 창 닫기 이미지를 찾지 못함: 09_close_menu.png
2026-07-28 11:08:57 | 스크립트 시작
2026-07-28 11:09:14 | 2분면에서 사망 발견 (5251, 360)
2026-07-28 11:09:15 | 2분면 / 부활하기 클릭 / 01_revive.png / 5307, 374
2026-07-28 11:09:22 | 2분면 / 메뉴 클릭 / 02_menu.png / 5725, 195
2026-07-28 11:09:24 | 2분면 / 장비공방 클릭 / 03_equip_workshop.png / 5582, 329
2026-07-28 11:09:25 | 2분면 / 분해 메뉴 클릭 / 04_dismantle_menu.png / 5270, 205
2026-07-28 11:09:26 | 2분면 / 자동 등록 클릭 / 05_auto_register.png / 5506, 548
2026-07-28 11:09:27 | 2분면 / 분해 실행 클릭 / 06_dismantle_execute.png / 5193, 531
2026-07-28 11:09:28 | 2분면 / 빈 공간을 터치해주세요 클릭 / 07_touch_empty_space.png / 5307, 498
2026-07-28 11:09:29 | 2분면 / 감정 창 닫기 클릭 / 08_close_appraisal.png / 5563, 205
2026-07-28 11:09:30 | 2분면 / 메뉴 창 닫기 클릭 / 09_close_menu.png / 5725, 195
2026-07-28 11:09:31 | 2분면 / 잡화 상인 클릭 / 10_general_store.png / 5601, 433
2026-07-28 11:09:33 | 2분면 / 물약 선택 클릭 / 11_q2_potion.png / 4965, 287
2026-07-28 11:09:33 | 2분면 / 100% 수량 클릭 / 12_100_percent.png / 5362, 438
2026-07-28 11:10:46 | 스크립트 시작
2026-07-28 11:11:03 | 2분면에서 사망 발견 (5251, 360)
2026-07-28 11:11:04 | 2분면 / 부활하기 클릭 / 01_revive.png / 5307, 374
2026-07-28 11:11:12 | 2분면 / 메뉴 클릭 / 02_menu.png / 5725, 195
2026-07-28 11:11:14 | 2분면 / 장비공방 클릭 / 03_equip_workshop.png / 5582, 329
2026-07-28 11:11:15 | 2분면 / 분해 메뉴 클릭 / 04_dismantle_menu.png / 5270, 205
2026-07-28 11:11:16 | 2분면 / 자동 등록 클릭 / 05_auto_register.png / 5506, 548
2026-07-28 11:11:17 | 2분면 / 분해 실행 클릭 / 06_dismantle_execute.png / 5193, 531
2026-07-28 11:11:18 | 2분면 / 빈 공간을 터치해주세요 클릭 / 07_touch_empty_space.png / 5307, 498
2026-07-28 11:11:19 | 2분면 / 감정 창 닫기 클릭 / 08_close_appraisal.png / 5563, 205
2026-07-28 11:11:20 | 2분면 / 메뉴 창 닫기 클릭 / 09_close_menu.png / 5725, 195
2026-07-28 11:11:21 | 2분면 / 잡화 상인 클릭 / 10_general_store.png / 5601, 433
2026-07-28 11:11:23 | 2분면 / 물약 선택 클릭 / 11_q2_potion.png / 4965, 287
2026-07-28 11:11:24 | 2분면 / 100% 수량 클릭 / 12_100_percent.png / 5362, 438
2026-07-28 11:11:24 | 2분면 / 구매 클릭 / 13_buy.png / 5362, 530
2026-07-28 11:11:25 | 2분면 / 상점 나가기 클릭 / 14_close_shop.png / 5733, 191
2026-07-28 11:11:42 | 2분면 작업 실패: 월드맵 이미지를 찾지 못함: 15_world_map.png
2026-07-28 11:16:26 | 스크립트 시작
2026-07-28 11:16:49 | 스크립트 시작
2026-07-28 11:17:42 | 스크립트 시작
2026-07-28 11:17:59 | 2분면에서 사망 발견 (5251, 420)
2026-07-28 11:18:01 | 2분면 / 부활하기 클릭 / 01_revive.png / 5307, 434
2026-07-28 11:18:08 | 2분면 / 메뉴 클릭 / 02_menu.png / 5725, 195
2026-07-28 11:18:09 | 2분면 / 장비공방 클릭 / 03_equip_workshop.png / 5582, 329
2026-07-28 11:18:10 | 2분면 / 분해 메뉴 클릭 / 04_dismantle_menu.png / 5270, 205
2026-07-28 11:18:11 | 2분면 / 자동 등록 클릭 / 05_auto_register.png / 5506, 548
2026-07-28 11:18:12 | 2분면 / 분해 실행 클릭 / 06_dismantle_execute.png / 5193, 531
2026-07-28 11:18:13 | 2분면 / 빈 공간을 터치해주세요 클릭 / 07_touch_empty_space.png / 5307, 498
2026-07-28 11:18:14 | 2분면 / 감정 창 닫기 클릭 / 08_close_appraisal.png / 5563, 205
2026-07-28 11:18:15 | 2분면 / 메뉴 창 닫기 클릭 / 09_close_menu.png / 5725, 195
2026-07-28 11:18:16 | 2분면 / 잡화 상인 클릭 / 10_general_store.png / 5601, 433
2026-07-28 11:18:18 | 2분면 / 물약 선택 클릭 / 11_q2_potion.png / 4965, 287
2026-07-28 11:18:33 | 2분면 / 100% 수량 클릭 / 12_100_percent.png / 5362, 438
2026-07-28 11:18:49 | 2분면 작업 실패: 구매 이미지를 찾지 못함: 13_buy.png
2026-07-28 11:19:45 | 2분면에서 사망 발견 (5251, 417)
2026-07-28 11:19:47 | 2분면 / 부활하기 클릭 / 01_revive.png / 5307, 431
2026-07-28 11:19:53 | 2분면 / 메뉴 클릭 / 02_menu.png / 5725, 195
2026-07-28 11:19:54 | 2분면 / 장비공방 클릭 / 03_equip_workshop.png / 5582, 329
2026-07-28 11:19:56 | 2분면 / 분해 메뉴 클릭 / 04_dismantle_menu.png / 5270, 205
2026-07-28 11:19:56 | 2분면 / 자동 등록 클릭 / 05_auto_register.png / 5506, 548
2026-07-28 11:19:58 | 2분면 / 분해 실행 클릭 / 06_dismantle_execute.png / 5193, 531
2026-07-28 11:19:59 | 2분면 / 빈 공간을 터치해주세요 클릭 / 07_touch_empty_space.png / 5307, 498
2026-07-28 11:20:00 | 2분면 / 감정 창 닫기 클릭 / 08_close_appraisal.png / 5563, 205
2026-07-28 11:20:01 | 2분면 / 메뉴 창 닫기 클릭 / 09_close_menu.png / 5725, 195
2026-07-28 11:20:02 | 2분면 / 잡화 상인 클릭 / 10_general_store.png / 5601, 433
2026-07-28 11:20:04 | 2분면 / 물약 선택 클릭 / 11_q2_potion.png / 4965, 287
2026-07-28 11:20:20 | 2분면 작업 실패: 100% 수량 이미지를 찾지 못함: 12_100_percent.png
2026-07-28 11:20:31 | 3분면에서 사망 발견 (4291, 945)
2026-07-28 11:20:33 | 3분면 / 부활하기 클릭 / 01_revive.png / 4347, 959
2026-07-28 11:24:21 | 스크립트 시작
2026-07-28 11:24:26 | 2분면에서 사망 발견 (5251, 354)
2026-07-28 11:24:28 | 2분면 / 부활하기 클릭 / 01_revive.png / 5307, 368
2026-07-28 11:24:29 | 2분면 / 검증 플래그로 02~09 단계 건너뜀
2026-07-28 11:24:34 | 2분면 / 잡화 상인 클릭 / 10_general_store.png / 5601, 433
2026-07-28 11:24:36 | 2분면 / 물약 선택 클릭 / 11_q2_potion.png / 4965, 287
2026-07-28 11:24:37 | 2분면 / 100% 수량 클릭 / 12_100_percent.png / 5362, 438
2026-07-28 11:24:38 | 2분면 / 구매 클릭 / 13_buy.png / 5362, 530
2026-07-28 11:24:39 | 2분면 / 상점 나가기 클릭 / 14_close_shop.png / 5733, 191
2026-07-28 11:24:40 | 2분면 / 월드맵 고정 좌표 클릭 / 4948, 293
2026-07-28 11:24:41 | 2분면 / 이동할 지역 클릭 / 16_q2_region.png / 4944, 376
2026-07-28 11:24:42 | 2분면 / 이동할 사냥터 클릭 / 17_q2_hunting_ground.png / 5345, 511
2026-07-28 11:24:44 | 2분면 / 몬스터 클릭 / 18_q2_monster.png / 5592, 547
2026-07-28 11:24:45 | 2분면 / 빠른 이동 클릭 / 19_quick_move.png / 5477, 551
2026-07-28 11:25:01 | 2분면 작업 실패: 빠른 이동 확인 이미지를 찾지 못함: 20_confirm.png
2026-07-28 11:27:42 | 스크립트 시작
2026-07-28 11:27:47 | 2분면에서 사망 발견 (5251, 402)
2026-07-28 11:27:50 | 2분면 / 부활하기 클릭 / 01_revive.png / 5307, 443
2026-07-28 11:27:51 | 2분면 / 검증 플래그로 02~09 단계 건너뜀
2026-07-28 11:27:55 | 2분면 / 잡화 상인 클릭 / 10_general_store.png / 5601, 433
2026-07-28 11:27:57 | 2분면 / 물약 선택 클릭 / 11_q2_potion.png / 4965, 287
2026-07-28 11:27:58 | 2분면 / 100% 수량 클릭 / 12_100_percent.png / 5362, 438
2026-07-28 11:27:59 | 2분면 / 구매 클릭 / 13_buy.png / 5362, 530
2026-07-28 11:28:00 | 2분면 / 상점 나가기 클릭 / 14_close_shop.png / 5733, 191
2026-07-28 11:28:01 | 2분면 / 월드맵 고정 좌표 클릭 / 4948, 293
2026-07-28 11:28:03 | 2분면 / 이동할 지역 클릭 / 16_q2_region.png / 4944, 376
2026-07-28 11:28:04 | 2분면 / 이동할 사냥터 클릭 / 17_q2_hunting_ground.png / 5345, 511
2026-07-28 11:28:05 | 2분면 / 몬스터 클릭 / 18_q2_monster.png / 5592, 547
2026-07-28 11:28:06 | 2분면 / 빠른 이동 클릭 / 19_quick_move.png / 5477, 551
2026-07-28 11:28:07 | 2분면 / 빠른 이동 확인 클릭 / 20_confirm.png / 5377, 422
2026-07-28 11:28:08 | 2분면 이동 대기 시작
2026-07-28 11:28:18 | 2분면 / AUTO 클릭 / 21_auto.png / 5681, 440
2026-07-28 11:28:19 | 2분면 복구 완료
2026-07-28 11:29:26 | 스크립트 시작
2026-07-28 11:30:41 | 2분면에서 사망 발견 (5251, 423)
2026-07-28 11:30:43 | 2분면 / 부활하기 클릭 / 01_revive.png / 5307, 437
2026-07-28 11:30:48 | 2분면 / 메뉴 클릭 / 02_menu.png / 5725, 195
2026-07-28 11:30:49 | 2분면 / 장비공방 클릭 / 03_equip_workshop.png / 5582, 329
2026-07-28 11:30:50 | 2분면 / 분해 메뉴 클릭 / 04_dismantle_menu.png / 5270, 205
2026-07-28 11:30:51 | 2분면 / 자동 등록 클릭 / 05_auto_register.png / 5506, 548
2026-07-28 11:30:52 | 2분면 / 분해 실행 클릭 / 06_dismantle_execute.png / 5193, 531
2026-07-28 11:30:53 | 2분면 / 빈 공간을 터치해주세요 클릭 / 07_touch_empty_space.png / 5307, 498
2026-07-28 11:30:54 | 2분면 / 감정 창 닫기 클릭 / 08_close_appraisal.png / 5563, 205
2026-07-28 11:30:55 | 2분면 / 메뉴 창 닫기 클릭 / 09_close_menu.png / 5725, 195
2026-07-28 11:30:56 | 2분면 / 잡화 상인 클릭 / 10_general_store.png / 5601, 433
2026-07-28 11:30:58 | 2분면 / 물약 선택 클릭 / 11_q2_potion.png / 4965, 287
2026-07-28 11:31:14 | 2분면 작업 실패: 100% 수량 이미지를 찾지 못함: 12_100_percent.png
2026-07-28 11:32:21 | 스크립트 시작
2026-07-28 11:32:37 | 2분면에서 사망 발견 (5251, 351)
2026-07-28 11:32:39 | 2분면 / 부활하기 클릭 / 01_revive.png / 5307, 365
2026-07-28 11:32:48 | 2분면 / 메뉴 클릭 / 02_menu.png / 5725, 195
2026-07-28 11:32:49 | 2분면 / 장비공방 클릭 / 03_equip_workshop.png / 5582, 329
2026-07-28 11:32:50 | 2분면 / 분해 메뉴 클릭 / 04_dismantle_menu.png / 5270, 205
2026-07-28 11:32:51 | 2분면 / 자동 등록 클릭 / 05_auto_register.png / 5506, 548
2026-07-28 11:32:52 | 2분면 / 분해 실행 클릭 / 06_dismantle_execute.png / 5193, 531
2026-07-28 11:32:53 | 2분면 / 빈 공간을 터치해주세요 클릭 / 07_touch_empty_space.png / 5307, 498
2026-07-28 11:32:54 | 2분면 / 감정 창 닫기 클릭 / 08_close_appraisal.png / 5563, 205
2026-07-28 11:32:55 | 2분면 / 메뉴 창 닫기 클릭 / 09_close_menu.png / 5725, 195
2026-07-28 11:32:56 | 2분면 / 잡화 상인 클릭 / 10_general_store.png / 5601, 433
2026-07-28 11:32:58 | 2분면 / 물약 선택 클릭 / 11_q2_potion.png / 4965, 287
2026-07-28 11:32:59 | 2분면 / 100% 수량 클릭 / 12_100_percent.png / 5369, 442
2026-07-28 11:33:00 | 2분면 / 구매 클릭 / 13_buy.png / 5362, 530
2026-07-28 11:33:01 | 2분면 / 상점 나가기 클릭 / 14_close_shop.png / 5733, 191
2026-07-28 11:33:02 | 2분면 / 월드맵 고정 좌표 클릭 / 4948, 293
2026-07-28 11:33:04 | 2분면 / 이동할 지역 클릭 / 16_q2_region.png / 4944, 376
2026-07-28 11:33:05 | 2분면 / 이동할 사냥터 클릭 / 17_q2_hunting_ground.png / 5345, 511
2026-07-28 11:33:06 | 2분면 / 몬스터 클릭 / 18_q2_monster.png / 5592, 547
2026-07-28 11:33:07 | 2분면 / 빠른 이동 클릭 / 19_quick_move.png / 5477, 551
2026-07-28 11:33:08 | 2분면 / 빠른 이동 확인 클릭 / 20_confirm.png / 5377, 422
2026-07-28 11:33:09 | 2분면 이동 대기 시작
2026-07-28 11:33:19 | 2분면 / AUTO 클릭 / 21_auto.png / 5681, 440
2026-07-28 11:33:20 | 2분면 복구 완료
2026-07-28 11:34:38 | 3분면에서 사망 발견 (4291, 933)
2026-07-28 11:34:50 | 3분면 작업 실패: 부활하기 이미지를 찾지 못함: 01_revive.png
2026-07-28 11:35:15 | 3분면에서 사망 발견 (4291, 1032)
2026-07-28 11:35:17 | 3분면 / 부활하기 클릭 / 01_revive.png / 4347, 974
2026-07-28 11:36:05 | 스크립트 시작
2026-07-28 11:36:13 | 3분면에서 사망 발견 (4291, 945)
2026-07-28 11:36:15 | 3분면 / 부활하기 클릭 / 01_revive.png / 4347, 959
2026-07-28 11:37:02 | 3분면 작업 실패: 메뉴 이미지를 찾지 못함: 02_menu.png
2026-07-28 11:39:16 | 스크립트 시작
2026-07-28 11:39:46 | 2분면에서 사망 발견 (5251, 429)
2026-07-28 11:39:48 | 2분면 / 부활하기 클릭 / 01_revive.png / 5307, 443
2026-07-28 11:40:35 | 2분면 작업 실패: 메뉴 이미지를 찾지 못함: 02_menu.png
2026-07-28 11:44:20 | 스크립트 시작
2026-07-28 11:44:27 | 2분면에서 사망 발견 (5251, 438)
2026-07-28 11:44:29 | 2분면 / 부활하기 클릭 / 01_revive.png / 5307, 365
2026-07-28 11:44:33 | 2분면 / 메뉴 클릭 / 02_menu.png / 5725, 195
2026-07-28 11:44:42 | 2분면 / 장비공방 클릭 / 03_equip_workshop.png / 5582, 329
2026-07-28 11:44:43 | 2분면 / 분해 메뉴 클릭 / 04_dismantle_menu.png / 5270, 205
2026-07-28 11:44:44 | 2분면 / 자동 등록 클릭 / 05_auto_register.png / 5506, 548
2026-07-28 11:44:45 | 2분면 / 분해 실행 클릭 / 06_dismantle_execute.png / 5193, 531
2026-07-28 11:44:47 | 2분면 / 빈 공간을 터치해주세요 클릭 / 07_touch_empty_space.png / 5307, 498
2026-07-28 11:44:48 | 2분면 / 감정 창 닫기 클릭 / 08_close_appraisal.png / 5563, 205
2026-07-28 11:44:48 | 2분면 / 메뉴 창 닫기 클릭 / 09_close_menu.png / 5725, 195
2026-07-28 11:44:50 | 2분면 / 잡화 상인 클릭 / 10_general_store.png / 5601, 433
2026-07-28 11:44:51 | 2분면 / 물약 선택 클릭 / 11_q2_potion.png / 4965, 287
2026-07-28 11:44:52 | 2분면 / 100% 수량 클릭 / 12_100_percent.png / 5369, 442
2026-07-28 11:44:53 | 2분면 / 구매 클릭 / 13_buy.png / 5362, 530
2026-07-28 11:44:54 | 2분면 / 상점 나가기 클릭 / 14_close_shop.png / 5733, 191
2026-07-28 11:44:55 | 2분면 / 월드맵 고정 좌표 클릭 / 4948, 293
2026-07-28 11:44:57 | 2분면 / 이동할 지역 클릭 / 16_q2_region.png / 4944, 376
2026-07-28 11:44:58 | 2분면 / 이동할 사냥터 클릭 / 17_q2_hunting_ground.png / 5345, 511
2026-07-28 11:44:59 | 2분면 / 몬스터 클릭 / 18_q2_monster.png / 5592, 547
2026-07-28 11:45:00 | 2분면 / 빠른 이동 클릭 / 19_quick_move.png / 5477, 551
2026-07-28 11:45:01 | 2분면 / 빠른 이동 확인 클릭 / 20_confirm.png / 5377, 422
2026-07-28 11:45:02 | 2분면 이동 대기 시작
2026-07-28 11:45:12 | 2분면 / AUTO 클릭 / 21_auto.png / 5681, 440
2026-07-28 11:45:13 | 2분면 복구 완료
2026-07-28 11:45:58 | 3분면에서 사망 발견 (4291, 936)
2026-07-28 11:46:00 | 3분면 / 부활하기 클릭 / 01_revive.png / 4347, 950
2026-07-28 11:46:46 | 스크립트 시작
2026-07-28 11:47:06 | 3분면에서 사망 발견 (4291, 945)
2026-07-28 11:47:08 | 3분면 / 부활하기 클릭 / 01_revive.png / 4347, 959
2026-07-28 11:48:06 | 스크립트 시작
2026-07-28 11:48:24 | 2분면에서 사망 발견 (5251, 429)
2026-07-28 11:48:27 | 2분면 / 부활하기 클릭 / 01_revive.png / 5307, 443
2026-07-28 11:48:54 | 2분면 / 메뉴 클릭 / 02_menu.png / 5725, 195
2026-07-28 11:48:55 | 2분면 / 장비공방 클릭 / 03_equip_workshop.png / 5582, 329
2026-07-28 11:48:56 | 2분면 / 분해 메뉴 클릭 / 04_dismantle_menu.png / 5270, 205
2026-07-28 11:48:57 | 2분면 / 자동 등록 클릭 / 05_auto_register.png / 5506, 548
2026-07-28 11:51:16 | 스크립트 시작
2026-07-28 11:51:24 | 3분면에서 사망 발견 (4291, 945)
2026-07-28 11:51:26 | 3분면 / 부활하기 클릭 / 01_revive.png / 4347, 959
2026-07-28 11:52:28 | 스크립트 시작
2026-07-28 11:52:48 | 3분면에서 사망 발견 (4291, 945)
2026-07-28 11:52:50 | 3분면 / 부활하기 클릭 / 01_revive.png / 4347, 959
2026-07-28 11:53:37 | 3분면 작업 실패: 메뉴 이미지를 찾지 못함: 02_menu.png
2026-07-28 11:54:58 | 스크립트 시작
2026-07-28 11:55:07 | 3분면에서 사망 발견 (4291, 945)
2026-07-28 11:55:09 | 3분면 / 부활하기 클릭 / 01_revive.png / 4347, 959
2026-07-28 11:56:02 | 스크립트 시작
2026-07-28 11:59:29 | 스크립트 시작
2026-07-28 12:00:38 | 스크립트 시작
2026-07-28 12:00:47 | 3분면에서 사망 발견 (4291, 933)
2026-07-28 12:00:49 | 3분면 / 부활하기 클릭 / 01_revive.png / 4347, 947
2026-07-28 12:01:01 | 3분면 작업 실패: 3분면의 메뉴 대체 상대좌표를 먼저 입력해주세요.
2026-07-28 12:02:15 | 스크립트 시작
2026-07-28 12:02:23 | 3분면에서 사망 발견 (4291, 933)
2026-07-28 12:02:25 | 3분면 / 부활하기 클릭 / 01_revive.png / 4347, 947
2026-07-28 12:02:57 | 3분면 작업 실패: 3분면의 메뉴 대체 상대좌표를 먼저 입력해주세요.
2026-07-28 12:03:33 | 3분면에서 사망 발견 (4291, 960)
2026-07-28 12:03:34 | 3분면 / 부활하기 클릭 / 01_revive.png / 4347, 734
2026-07-28 12:03:51 | 스크립트 시작
2026-07-28 12:03:59 | 3분면에서 사망 발견 (4291, 945)
2026-07-28 12:04:01 | 3분면 / 부활하기 클릭 / 01_revive.png / 4347, 959
2026-07-28 12:05:03 | 3분면 작업 실패: 3분면의 메뉴 대체 상대좌표를 먼저 입력해주세요.
2026-07-28 12:05:23 | 스크립트 시작
2026-07-28 12:06:25 | 스크립트 시작
2026-07-28 12:06:33 | 3분면에서 사망 발견 (4291, 933)
2026-07-28 12:06:35 | 3분면 / 부활하기 클릭 / 01_revive.png / 4347, 947
2026-07-28 12:07:37 | 3분면 / 02 메뉴 검색 실패 / 고정 좌표 클릭 / 4762, 704
2026-07-28 12:07:53 | 3분면 작업 실패: 장비공방 이미지를 찾지 못함: 03_equip_workshop.png
2026-07-28 12:08:25 | 스크립트 시작
2026-07-28 12:08:47 | 4분면에서 사망 발견 (5251, 945)
2026-07-28 12:08:49 | 4분면 / 부활하기 클릭 / 01_revive.png / 5307, 959
2026-07-28 12:08:54 | 4분면 / 메뉴 클릭 / 02_menu.png / 5725, 711
2026-07-28 12:08:55 | 4분면 / 장비공방 클릭 / 03_equip_workshop.png / 5582, 845
2026-07-28 12:08:56 | 4분면 / 분해 메뉴 클릭 / 04_dismantle_menu.png / 4846, 674
2026-07-28 12:08:57 | 4분면 / 자동 등록 클릭 / 05_auto_register.png / 5506, 1064
2026-07-28 12:09:04 | 4분면 / 분해 실행 없음 / 07, 08 단계 건너뜀
2026-07-28 12:09:07 | 4분면 / 메뉴 창 닫기 클릭 / 09_close_menu.png / 5725, 711
2026-07-28 12:09:12 | 4분면 / 잡화 상인 클릭 / 10_general_store.png / 5601, 949
2026-07-28 12:09:28 | 4분면 작업 실패: 물약 선택 이미지를 찾지 못함: 11_q4_potion.png
2026-07-28 12:09:34 | 스크립트 시작
2026-07-28 12:09:45 | 4분면에서 사망 발견 (5251, 945)
2026-07-28 12:09:47 | 4분면 / 부활하기 클릭 / 01_revive.png / 5307, 959
2026-07-28 12:09:52 | 4분면 / 메뉴 클릭 / 02_menu.png / 5725, 711
2026-07-28 12:09:53 | 4분면 / 장비공방 클릭 / 03_equip_workshop.png / 5582, 845
2026-07-28 12:09:54 | 4분면 / 분해 메뉴 클릭 / 04_dismantle_menu.png / 4846, 674
2026-07-28 12:09:55 | 4분면 / 자동 등록 클릭 / 05_auto_register.png / 5506, 1064
2026-07-28 12:10:02 | 4분면 / 분해 실행 없음 / 07, 08 단계 건너뜀
2026-07-28 12:10:11 | 4분면 / 메뉴 창 닫기 클릭 / 09_close_menu.png / 5725, 711
2026-07-28 12:10:12 | 4분면 / 잡화 상인 클릭 / 10_general_store.png / 5601, 949
2026-07-28 12:10:14 | 4분면 / 물약 선택 클릭 / 11_q4_potion.png / 4979, 852
2026-07-28 12:11:42 | 스크립트 시작
2026-07-28 12:11:53 | 4분면에서 사망 발견 (5251, 945)
2026-07-28 12:11:55 | 4분면 / 부활하기 클릭 / 01_revive.png / 5307, 959
2026-07-28 12:12:00 | 4분면 / 메뉴 클릭 / 02_menu.png / 5725, 711
2026-07-28 12:12:01 | 4분면 / 장비공방 클릭 / 03_equip_workshop.png / 5582, 845
2026-07-28 12:12:02 | 4분면 / 분해 메뉴 클릭 / 04_dismantle_menu.png / 4846, 674
2026-07-28 12:12:03 | 4분면 / 자동 등록 클릭 / 05_auto_register.png / 5506, 1064
2026-07-28 12:12:10 | 4분면 / 분해 실행 없음 / 07, 08 단계 건너뜀
