2026-08-20 12:19:42,223 INFO [m1q1] DungeonRunner 시작
2026-08-20 12:19:42,281 INFO [m1q1] rect=Rect(left=3840, top=116, width=960, height=540)
2026-08-20 12:19:42,282 INFO [m1q1] 오늘 던전 A 선택: status=NOT_STARTED, 누적=0.0s / 3600.0s
2026-08-20 12:19:42,282 INFO [m1q1] SELECT_DUNGEON -> WAIT_MENU
2026-08-20 12:19:42,317 INFO [m1q1] 02_menu 감지 0.970 -> 클릭 (4765,194)
2026-08-20 12:19:43,470 INFO [m1q1] WAIT_MENU -> WAIT_DUNGEON_MENU
2026-08-20 12:19:43,505 INFO [m1q1] dungeon 감지 0.983 -> 클릭 (4622,366)
2026-08-20 12:19:44,652 INFO [m1q1] WAIT_DUNGEON_MENU -> WAIT_DUNGEON_SELECT
2026-08-20 12:19:44,686 INFO [m1q1] dungeon_A 감지 0.993 -> 클릭 (4021,378)
2026-08-20 12:19:45,839 INFO [m1q1] WAIT_DUNGEON_SELECT -> WAIT_ENTER
2026-08-20 12:19:45,871 INFO [m1q1] enter 감지 0.999 -> 클릭 (4623,569)
2026-08-20 12:19:47,024 INFO [m1q1] WAIT_ENTER -> WAIT_AUTO
2026-08-20 12:19:47,055 INFO [m1q1] 21_auto 감지 0.839 -> 클릭 (4721,440)
2026-08-20 12:19:48,214 INFO [m1q1] 던전 A 사냥 세션 시작
2026-08-20 12:19:48,214 INFO [m1q1] WAIT_AUTO -> HUNTING
2026-08-20 12:20:10,218 INFO [m1q1] 던전 A 세션 22.0s 누적 -> 총 22.0s / 3600.0s
2026-08-20 12:20:10,218 INFO [m1q1] DungeonRunner 종료
2026-08-20 12:22:01,156 INFO [m1q1] DungeonRunner 시작
2026-08-20 12:22:01,203 INFO [m1q1] rect=Rect(left=3840, top=116, width=960, height=540)
2026-08-20 12:22:01,204 INFO [m1q1] 오늘 던전 A 선택: status=IN_PROGRESS, 누적=22.0s / 3600.0s
2026-08-20 12:22:01,205 INFO [m1q1] SELECT_DUNGEON -> WAIT_MENU
2026-08-20 12:22:01,228 INFO [m1q1] 02_menu 감지 0.969 -> 클릭 (4765,194)
2026-08-20 12:22:02,367 INFO [m1q1] WAIT_MENU -> WAIT_DUNGEON_MENU
2026-08-20 12:22:02,397 INFO [m1q1] dungeon 감지 0.984 -> 클릭 (4622,366)
2026-08-20 12:22:03,535 INFO [m1q1] WAIT_DUNGEON_MENU -> WAIT_DUNGEON_SELECT
2026-08-20 12:22:03,564 INFO [m1q1] dungeon_A 감지 0.993 -> 클릭 (4021,378)
2026-08-20 12:22:04,700 INFO [m1q1] WAIT_DUNGEON_SELECT -> WAIT_ENTER
2026-08-20 12:22:04,732 INFO [m1q1] enter 감지 0.999 -> 클릭 (4623,569)
2026-08-20 12:22:05,869 INFO [m1q1] WAIT_ENTER -> WAIT_AUTO
2026-08-20 12:22:05,893 ERROR [m1q1] DungeonRunner 오류
Traceback (most recent call last):
  File "C:\Users\Jongseo Won\Desktop\auto\aa.py", line 527, in run
    if auto is not None:
       ^^^^
UnboundLocalError: cannot access local variable 'auto' where it is not associated with a value
2026-08-20 12:22:05,894 INFO [m1q1] DungeonRunner 종료
2026-08-20 12:22:42,588 INFO [m1q1] DungeonRunner 시작
2026-08-20 12:22:42,631 INFO [m1q1] rect=Rect(left=3840, top=116, width=960, height=540)
2026-08-20 12:22:42,632 INFO [m1q1] 오늘 던전 A 선택: status=IN_PROGRESS, 누적=22.0s / 3600.0s
2026-08-20 12:22:42,632 INFO [m1q1] SELECT_DUNGEON -> WAIT_MENU
2026-08-20 12:22:42,663 INFO [m1q1] 02_menu 감지 0.970 -> 클릭 (4765,194)
2026-08-20 12:22:43,826 INFO [m1q1] WAIT_MENU -> WAIT_DUNGEON_MENU
2026-08-20 12:22:43,861 INFO [m1q1] dungeon 감지 0.986 -> 클릭 (4622,366)
2026-08-20 12:22:45,010 INFO [m1q1] WAIT_DUNGEON_MENU -> WAIT_DUNGEON_SELECT
2026-08-20 12:22:45,045 INFO [m1q1] dungeon_A 감지 0.992 -> 클릭 (4021,378)
2026-08-20 12:22:46,205 INFO [m1q1] WAIT_DUNGEON_SELECT -> WAIT_ENTER
2026-08-20 12:22:46,226 INFO [m1q1] enter 감지 0.999 -> 클릭 (4623,569)
2026-08-20 12:22:47,380 INFO [m1q1] WAIT_ENTER -> WAIT_AUTO
2026-08-20 12:22:47,593 INFO [m1q1] 21_auto 감지 -> 5초 후 클릭
2026-08-20 12:22:52,615 WARNING [m1q1] 5초 대기 후 21_auto가 사라짐 -> 계속 대기
2026-08-20 12:22:54,701 INFO [m1q1] 21_auto 감지 -> 5초 후 클릭
2026-08-20 12:22:59,723 INFO [m1q1] 21_auto 감지 0.924 -> 클릭 (4726,440)
2026-08-20 12:23:00,866 INFO [m1q1] 던전 A 사냥 세션 시작
2026-08-20 12:23:00,867 INFO [m1q1] WAIT_AUTO -> HUNTING
2026-08-20 12:32:47,632 INFO [m1q1] 던전 A 세션 586.8s 누적 -> 총 608.8s / 3600.0s
2026-08-20 12:32:47,632 INFO [m1q1] DungeonRunner 종료
2026-08-20 12:32:49,324 INFO [m1q1] DungeonRunner 시작
2026-08-20 12:32:49,371 INFO [m1q1] rect=Rect(left=3840, top=116, width=960, height=540)
2026-08-20 12:32:49,372 INFO [m1q1] 오늘 던전 A 선택: status=IN_PROGRESS, 누적=608.8s / 3600.0s
2026-08-20 12:32:49,372 INFO [m1q1] SELECT_DUNGEON -> WAIT_MENU
2026-08-20 12:32:49,395 INFO [m1q1] 02_menu 감지 0.970 -> 클릭 (4765,194)
2026-08-20 12:32:50,532 INFO [m1q1] WAIT_MENU -> WAIT_DUNGEON_MENU
2026-08-20 12:32:50,565 INFO [m1q1] dungeon 감지 0.986 -> 클릭 (4622,366)
2026-08-20 12:32:51,719 INFO [m1q1] WAIT_DUNGEON_MENU -> WAIT_DUNGEON_SELECT
2026-08-20 12:32:51,750 INFO [m1q1] dungeon_A 감지 0.992 -> 클릭 (4021,378)
2026-08-20 12:32:52,900 INFO [m1q1] WAIT_DUNGEON_SELECT -> WAIT_ENTER
2026-08-20 12:32:52,933 INFO [m1q1] enter 감지 0.999 -> 클릭 (4623,569)
2026-08-20 12:32:54,070 INFO [m1q1] WAIT_ENTER -> WAIT_AUTO
2026-08-20 12:32:54,101 INFO [m1q1] 21_auto 감지 0.821 -> 클릭 (4726,440)
2026-08-20 12:32:55,258 INFO [m1q1] 던전 A 사냥 세션 시작
2026-08-20 12:32:55,258 INFO [m1q1] WAIT_AUTO -> HUNTING
2026-08-20 12:33:00,915 INFO [m1q1] in_dungeon 감지 0.850 -> 커서 이동 (3948,356)
2026-08-20 12:33:02,083 INFO [m1q1] in_dungeon 감지 0.969 -> 커서 이동 (3948,356)
2026-08-20 12:33:03,248 INFO [m1q1] in_dungeon 감지 0.971 -> 커서 이동 (3948,356)
2026-08-20 12:33:04,437 INFO [m1q1] in_dungeon 감지 0.976 -> 커서 이동 (3948,356)
2026-08-20 12:33:05,619 INFO [m1q1] in_dungeon 감지 0.981 -> 커서 이동 (3948,356)
2026-08-20 12:33:06,805 INFO [m1q1] in_dungeon 감지 0.983 -> 커서 이동 (3948,356)
2026-08-20 12:33:07,978 INFO [m1q1] in_dungeon 감지 0.991 -> 커서 이동 (3948,356)
2026-08-20 12:33:09,143 INFO [m1q1] in_dungeon 감지 0.993 -> 커서 이동 (3948,356)
2026-08-20 12:33:10,309 INFO [m1q1] in_dungeon 감지 0.992 -> 커서 이동 (3948,356)
2026-08-20 12:33:11,511 INFO [m1q1] in_dungeon 감지 0.992 -> 커서 이동 (3948,356)
2026-08-20 12:33:12,697 INFO [m1q1] in_dungeon 감지 0.987 -> 커서 이동 (3948,356)
2026-08-20 12:33:13,897 INFO [m1q1] in_dungeon 감지 0.995 -> 커서 이동 (3948,356)
2026-08-20 12:33:15,114 INFO [m1q1] in_dungeon 감지 0.995 -> 커서 이동 (3948,356)
2026-08-20 12:33:16,336 INFO [m1q1] in_dungeon 감지 0.995 -> 커서 이동 (3948,356)
2026-08-20 12:33:17,533 INFO [m1q1] in_dungeon 감지 0.995 -> 커서 이동 (3948,356)
2026-08-20 12:33:18,723 INFO [m1q1] in_dungeon 감지 0.996 -> 커서 이동 (3948,356)
2026-08-20 12:33:19,726 INFO [m1q1] in_dungeon 감지 0.989 -> 커서 이동 (3948,356)
2026-08-20 12:33:20,887 INFO [m1q1] in_dungeon 감지 0.990 -> 커서 이동 (3948,356)
2026-08-20 12:33:22,073 INFO [m1q1] in_dungeon 감지 0.983 -> 커서 이동 (3948,356)
2026-08-20 12:33:23,276 INFO [m1q1] in_dungeon 감지 0.995 -> 커서 이동 (3948,356)
2026-08-20 12:35:10,366 INFO [m1q1] DungeonRunner 시작
2026-08-20 12:35:10,423 INFO [m1q1] rect=Rect(left=3840, top=116, width=960, height=540)
2026-08-20 12:35:10,424 INFO [m1q1] 오늘 던전 A 선택: status=IN_PROGRESS, 누적=608.8s / 3600.0s
2026-08-20 12:35:10,424 INFO [m1q1] SELECT_DUNGEON -> WAIT_MENU
2026-08-20 12:35:10,448 INFO [m1q1] 02_menu 감지 0.976 -> 클릭 (4765,194)
2026-08-20 12:35:11,595 INFO [m1q1] WAIT_MENU -> WAIT_DUNGEON_MENU
2026-08-20 12:35:11,627 INFO [m1q1] dungeon 감지 0.978 -> 클릭 (4622,366)
2026-08-20 12:35:12,765 INFO [m1q1] WAIT_DUNGEON_MENU -> WAIT_DUNGEON_SELECT
2026-08-20 12:35:12,797 INFO [m1q1] dungeon_A 감지 0.993 -> 클릭 (4021,378)
2026-08-20 12:35:13,949 INFO [m1q1] WAIT_DUNGEON_SELECT -> WAIT_ENTER
2026-08-20 12:35:13,986 INFO [m1q1] enter 감지 0.999 -> 클릭 (4623,569)
2026-08-20 12:35:15,139 INFO [m1q1] WAIT_ENTER -> WAIT_AUTO
2026-08-20 12:35:15,164 INFO [m1q1] 21_auto 감지 0.826 -> 클릭 (4726,440)
2026-08-20 12:35:16,308 INFO [m1q1] 던전 A 사냥 세션 시작
2026-08-20 12:35:16,309 INFO [m1q1] WAIT_AUTO -> HUNTING
2026-08-20 12:35:16,343 INFO [m1q1] in_dungeon 감지 0.996
2026-08-20 12:35:16,571 INFO [m1q1] in_dungeon 감지 0.996
2026-08-20 12:35:16,807 INFO [m1q1] in_dungeon 감지 0.996
2026-08-20 12:35:17,041 INFO [m1q1] in_dungeon 감지 0.996
2026-08-20 12:35:17,272 INFO [m1q1] in_dungeon 감지 0.996
2026-08-20 12:35:17,507 INFO [m1q1] in_dungeon 감지 0.996
2026-08-20 12:35:17,742 INFO [m1q1] in_dungeon 감지 0.996
2026-08-20 12:35:17,973 INFO [m1q1] in_dungeon 감지 0.996
2026-08-20 12:35:18,208 INFO [m1q1] in_dungeon 감지 0.996
2026-08-20 12:35:18,441 INFO [m1q1] in_dungeon 감지 0.996
2026-08-20 12:35:18,674 INFO [m1q1] in_dungeon 감지 0.996
2026-08-20 12:35:18,909 INFO [m1q1] in_dungeon 감지 0.996
2026-08-20 12:35:19,145 INFO [m1q1] in_dungeon 감지 0.996
2026-08-20 12:35:19,375 INFO [m1q1] in_dungeon 감지 0.996
2026-08-20 12:35:19,610 INFO [m1q1] in_dungeon 감지 0.996
2026-08-20 12:35:19,841 INFO [m1q1] in_dungeon 감지 0.996
2026-08-20 12:35:20,075 INFO [m1q1] in_dungeon 감지 0.996
2026-08-20 12:35:20,309 INFO [m1q1] in_dungeon 감지 0.996
2026-08-20 12:35:20,547 INFO [m1q1] in_dungeon 감지 0.996
2026-08-20 12:35:20,776 INFO [m1q1] in_dungeon 감지 0.996
2026-08-20 12:35:21,011 INFO [m1q1] in_dungeon 감지 0.996
2026-08-20 12:35:21,244 INFO [m1q1] in_dungeon 감지 0.996
2026-08-20 12:35:21,477 INFO [m1q1] in_dungeon 감지 0.991
2026-08-20 12:35:21,712 INFO [m1q1] in_dungeon 감지 0.995
2026-08-20 12:35:21,945 INFO [m1q1] in_dungeon 감지 0.995
2026-08-20 12:35:22,181 INFO [m1q1] in_dungeon 감지 0.995
2026-08-20 12:35:22,430 INFO [m1q1] in_dungeon 감지 0.996
2026-08-20 12:35:22,661 INFO [m1q1] in_dungeon 감지 0.996
2026-08-20 12:35:22,895 INFO [m1q1] in_dungeon 감지 0.996
2026-08-20 12:35:23,129 INFO [m1q1] in_dungeon 감지 0.996
2026-08-20 12:35:23,361 INFO [m1q1] in_dungeon 감지 0.996
2026-08-20 12:35:23,596 INFO [m1q1] in_dungeon 감지 0.996
2026-08-20 12:35:23,830 INFO [m1q1] in_dungeon 감지 0.996
2026-08-20 12:35:24,063 INFO [m1q1] in_dungeon 감지 0.996
2026-08-20 12:35:24,296 INFO [m1q1] in_dungeon 감지 0.996
2026-08-20 12:35:24,529 INFO [m1q1] in_dungeon 감지 0.996
2026-08-20 12:35:24,764 INFO [m1q1] in_dungeon 감지 0.996
2026-08-20 12:35:24,996 INFO [m1q1] in_dungeon 감지 0.996
2026-08-20 12:35:25,250 INFO [m1q1] in_dungeon 감지 0.996
2026-08-20 12:35:25,483 INFO [m1q1] in_dungeon 감지 0.996
2026-08-20 12:35:25,717 INFO [m1q1] in_dungeon 감지 0.996
2026-08-20 12:35:25,948 INFO [m1q1] in_dungeon 감지 0.996
2026-08-20 12:35:26,201 INFO [m1q1] in_dungeon 감지 0.961
2026-08-20 12:36:10,623 INFO [m1q1] 던전 A 세션 54.3s 누적 -> 총 663.1s / 3600.0s
2026-08-20 12:36:10,624 INFO [m1q1] DungeonRunner 종료
2026-08-20 12:36:37,197 INFO [m1q1] DungeonRunner 시작
2026-08-20 12:36:37,246 INFO [m1q1] rect=Rect(left=3840, top=116, width=960, height=540)
2026-08-20 12:36:37,248 INFO [m1q1] 오늘 던전 A 선택: status=IN_PROGRESS, 누적=663.1s / 3600.0s
2026-08-20 12:36:37,248 INFO [m1q1] SELECT_DUNGEON -> WAIT_MENU
2026-08-20 12:36:37,269 INFO [m1q1] 02_menu 감지 0.968 -> 클릭 (4765,194)
2026-08-20 12:36:38,421 INFO [m1q1] WAIT_MENU -> WAIT_DUNGEON_MENU
2026-08-20 12:36:38,455 INFO [m1q1] dungeon 감지 0.978 -> 클릭 (4622,366)
2026-08-20 12:36:39,606 INFO [m1q1] WAIT_DUNGEON_MENU -> WAIT_DUNGEON_SELECT
2026-08-20 12:36:39,637 INFO [m1q1] dungeon_A 감지 0.993 -> 클릭 (4021,378)
2026-08-20 12:36:40,776 INFO [m1q1] WAIT_DUNGEON_SELECT -> WAIT_ENTER
2026-08-20 12:36:40,806 INFO [m1q1] enter 감지 0.999 -> 클릭 (4623,569)
2026-08-20 12:36:41,942 INFO [m1q1] WAIT_ENTER -> WAIT_AUTO
2026-08-20 12:36:42,077 INFO [m1q1] 21_auto 감지 -> 5초 후 클릭
2026-08-20 12:36:47,113 WARNING [m1q1] 5초 대기 후 21_auto가 사라짐 -> 계속 대기
2026-08-20 12:36:49,012 INFO [m1q1] 21_auto 감지 -> 5초 후 클릭
2026-08-20 12:36:54,056 INFO [m1q1] 21_auto 감지 0.921 -> 클릭 (4726,440)
2026-08-20 12:36:55,209 INFO [m1q1] 던전 A 사냥 세션 시작
2026-08-20 12:36:55,209 INFO [m1q1] WAIT_AUTO -> HUNTING
2026-08-20 12:49:43,246 INFO [m1q1] 던전 A 세션 768.0s 누적 -> 총 1431.1s / 3600.0s
2026-08-20 12:49:43,247 INFO [m1q1] DungeonRunner 종료
2026-08-20 12:50:34,502 INFO [m1q1] DungeonRunner 시작
2026-08-20 12:50:34,558 INFO [m1q1] rect=Rect(left=3840, top=116, width=960, height=540)
2026-08-20 12:50:34,559 INFO [m1q1] 오늘 던전 A 선택: status=IN_PROGRESS, 누적=1431.1s / 3600.0s
2026-08-20 12:50:34,559 INFO [m1q1] SELECT_DUNGEON -> WAIT_MENU
2026-08-20 12:50:34,586 INFO [m1q1] 02_menu 감지 0.972 -> 클릭 (4765,194)
2026-08-20 12:50:35,742 INFO [m1q1] WAIT_MENU -> WAIT_DUNGEON_MENU
2026-08-20 12:50:35,771 INFO [m1q1] dungeon 감지 0.963 -> 클릭 (4622,366)
2026-08-20 12:50:36,922 INFO [m1q1] WAIT_DUNGEON_MENU -> WAIT_DUNGEON_SELECT
2026-08-20 12:50:36,953 INFO [m1q1] dungeon_A 감지 0.993 -> 클릭 (4021,378)
2026-08-20 12:50:38,090 INFO [m1q1] WAIT_DUNGEON_SELECT -> WAIT_ENTER
2026-08-20 12:50:38,125 INFO [m1q1] enter 감지 0.999 -> 클릭 (4623,569)
2026-08-20 12:50:39,275 INFO [m1q1] WAIT_ENTER -> WAIT_AUTO
2026-08-20 12:50:39,306 INFO [m1q1] 21_auto 감지 0.822 -> 클릭 (4726,440)
2026-08-20 12:50:40,464 INFO [m1q1] 던전 A 사냥 세션 시작
2026-08-20 12:50:40,465 INFO [m1q1] WAIT_AUTO -> HUNTING
2026-08-20 12:50:45,522 INFO [m1q1] in_dungeon 5.0초 연속 미검출 -> 던전 A 정상 종료로 간주
2026-08-20 12:50:45,528 INFO [m1q1] 던전 A DB COMPLETED 처리
2026-08-20 12:50:45,528 INFO [m1q1] HUNTING -> NEXT_DUNGEON
2026-08-20 12:50:45,543 INFO [m1q1] 오늘 던전 B 선택: status=NOT_STARTED, 누적=0.0s / 3600.0s
2026-08-20 12:50:45,544 INFO [m1q1] NEXT_DUNGEON -> WAIT_MENU
2026-08-20 12:50:46,500 INFO [m1q1] 02_menu 감지 0.935 -> 클릭 (4765,194)
2026-08-20 12:50:47,651 INFO [m1q1] WAIT_MENU -> WAIT_DUNGEON_MENU
2026-08-20 12:51:17,780 WARNING [m1q1] WAIT_DUNGEON_MENU 단계 30s 초과 -> 메뉴부터 재시도
2026-08-20 12:51:17,780 INFO [m1q1] WAIT_DUNGEON_MENU -> WAIT_MENU
2026-08-20 12:51:17,993 INFO [m1q1] 02_menu 감지 0.972 -> 클릭 (4765,194)
2026-08-20 12:51:19,131 INFO [m1q1] WAIT_MENU -> WAIT_DUNGEON_MENU
2026-08-20 12:51:19,162 INFO [m1q1] dungeon 감지 0.962 -> 클릭 (4622,366)
2026-08-20 12:51:20,299 INFO [m1q1] WAIT_DUNGEON_MENU -> WAIT_DUNGEON_SELECT
2026-08-20 12:51:20,333 INFO [m1q1] dungeon_B 감지 0.996 -> 클릭 (4023,478)
2026-08-20 12:51:21,483 INFO [m1q1] WAIT_DUNGEON_SELECT -> WAIT_ENTER
2026-08-20 12:51:21,515 INFO [m1q1] enter 감지 0.999 -> 클릭 (4623,569)
2026-08-20 12:51:22,652 INFO [m1q1] WAIT_ENTER -> WAIT_AUTO
2026-08-20 12:51:24,016 INFO [m1q1] 21_auto 감지 0.830 -> 클릭 (4726,440)
2026-08-20 12:51:25,159 INFO [m1q1] 던전 B 사냥 세션 시작
2026-08-20 12:51:25,159 INFO [m1q1] WAIT_AUTO -> HUNTING
2026-08-20 12:51:30,350 INFO [m1q1] in_dungeon 5.2초 연속 미검출 -> 던전 B 정상 종료로 간주
2026-08-20 12:51:30,355 INFO [m1q1] 던전 B DB COMPLETED 처리
2026-08-20 12:51:30,355 INFO [m1q1] HUNTING -> NEXT_DUNGEON
2026-08-20 12:51:30,371 INFO [m1q1] 오늘 A/B 던전 모두 완료
2026-08-20 12:51:30,371 INFO [m1q1] NEXT_DUNGEON -> ALL_DONE
2026-08-20 12:51:52,841 INFO [m1q1] DungeonRunner 종료
2026-08-20 12:53:26,817 INFO [m1q1] DungeonRunner 시작
2026-08-20 12:53:26,879 INFO [m1q1] rect=Rect(left=3840, top=116, width=960, height=540)
2026-08-20 12:53:26,880 INFO [m1q1] 오늘 던전 A 선택: status=NOT_STARTED, 누적=0.0s / 3600.0s
2026-08-20 12:53:26,880 INFO [m1q1] SELECT_DUNGEON -> WAIT_MENU
2026-08-20 12:53:26,919 INFO [m1q1] 02_menu 감지 0.966 -> 클릭 (4765,194)
2026-08-20 12:53:28,071 INFO [m1q1] WAIT_MENU -> WAIT_DUNGEON_MENU
2026-08-20 12:53:28,101 INFO [m1q1] dungeon 감지 0.974 -> 클릭 (4622,366)
2026-08-20 12:53:29,255 INFO [m1q1] WAIT_DUNGEON_MENU -> WAIT_DUNGEON_SELECT
2026-08-20 12:53:29,287 INFO [m1q1] dungeon_A 감지 0.993 -> 클릭 (4021,378)
2026-08-20 12:53:30,438 INFO [m1q1] WAIT_DUNGEON_SELECT -> WAIT_ENTER
2026-08-20 12:53:30,473 INFO [m1q1] enter 감지 0.999 -> 클릭 (4623,569)
2026-08-20 12:53:31,625 INFO [m1q1] WAIT_ENTER -> WAIT_AUTO
2026-08-20 12:53:31,658 INFO [m1q1] 21_auto 감지 -> 5초 후 클릭
2026-08-20 12:53:36,659 INFO [m1q1] 21_auto 감지 0.820 -> 클릭 (4726,440)
2026-08-20 12:53:37,802 INFO [m1q1] 던전 A 사냥 세션 시작
2026-08-20 12:53:37,803 INFO [m1q1] WAIT_AUTO -> HUNTING
2026-08-20 12:55:08,241 INFO [m1q1] 던전 A 세션 93.3s 누적 -> 총 93.3s / 3600.0s
2026-08-20 12:55:08,241 INFO [m1q1] DungeonRunner 종료
2026-08-20 12:55:28,516 INFO [m1q1] DungeonRunner 시작
2026-08-20 12:55:28,568 INFO [m1q1] rect=Rect(left=3840, top=116, width=960, height=540)
2026-08-20 12:55:28,569 INFO [m1q1] 오늘 던전 A 선택: status=NOT_STARTED, 누적=0.0s / 3600.0s
2026-08-20 12:55:28,569 INFO [m1q1] SELECT_DUNGEON -> WAIT_MENU
2026-08-20 12:55:28,595 INFO [m1q1] 02_menu 감지 0.967 -> 클릭 (4765,194)
2026-08-20 12:55:29,748 INFO [m1q1] WAIT_MENU -> WAIT_DUNGEON_MENU
2026-08-20 12:55:29,781 INFO [m1q1] dungeon 감지 0.984 -> 클릭 (4622,366)
2026-08-20 12:55:30,929 INFO [m1q1] WAIT_DUNGEON_MENU -> WAIT_DUNGEON_SELECT
2026-08-20 12:55:30,963 INFO [m1q1] dungeon_A 감지 0.993 -> 클릭 (4021,378)
2026-08-20 12:55:32,121 INFO [m1q1] WAIT_DUNGEON_SELECT -> WAIT_ENTER
2026-08-20 12:55:32,153 INFO [m1q1] enter 감지 0.999 -> 클릭 (4623,569)
2026-08-20 12:55:33,298 INFO [m1q1] WAIT_ENTER -> WAIT_AUTO
2026-08-20 12:55:33,567 INFO [m1q1] 21_auto 감지 -> 5초 후 클릭
2026-08-20 12:55:43,568 INFO [m1q1] 21_auto 감지 0.830 -> 클릭 (4726,440)
2026-08-20 12:55:44,720 INFO [m1q1] 던전 A 사냥 세션 시작
2026-08-20 12:55:44,721 INFO [m1q1] WAIT_AUTO -> HUNTING
2026-08-20 12:59:47,011 INFO [m1q1] 던전 A 세션 242.3s 누적 -> 총 242.3s / 3600.0s
2026-08-20 12:59:47,012 INFO [m1q1] DungeonRunner 종료
2026-08-20 13:03:46,230 INFO [m1q1] DungeonRunner 시작
2026-08-20 13:03:46,230 INFO [m1q2] DungeonRunner 시작
2026-08-20 13:03:46,285 INFO [m1q2] rect=Rect(left=4800, top=116, width=960, height=540)
2026-08-20 13:03:46,287 INFO [m1q2] 오늘 던전 A 선택: status=NOT_STARTED, 누적=0.0s / 3600.0s
2026-08-20 13:03:46,287 INFO [m1q2] SELECT_DUNGEON -> WAIT_MENU
2026-08-20 13:03:46,288 INFO [m1q1] rect=Rect(left=3840, top=116, width=960, height=540)
2026-08-20 13:03:46,289 INFO [m1q1] 오늘 던전 A 선택: status=NOT_STARTED, 누적=0.0s / 3600.0s
2026-08-20 13:03:46,289 INFO [m1q1] SELECT_DUNGEON -> WAIT_MENU
2026-08-20 13:03:46,319 INFO [m1q1] 02_menu 감지 0.969 -> 클릭 (4765,194)
2026-08-20 13:03:46,336 INFO [m1q2] 02_menu 감지 0.976 -> 클릭 (5725,194)
2026-08-20 13:03:47,471 INFO [m1q1] WAIT_MENU -> WAIT_DUNGEON_MENU
2026-08-20 13:03:47,502 INFO [m1q1] dungeon 감지 0.971 -> 클릭 (4622,366)
2026-08-20 13:03:47,621 INFO [m1q2] WAIT_MENU -> WAIT_DUNGEON_MENU
2026-08-20 13:03:47,653 INFO [m1q2] dungeon 감지 0.983 -> 클릭 (5582,366)
2026-08-20 13:03:48,661 INFO [m1q1] WAIT_DUNGEON_MENU -> WAIT_DUNGEON_SELECT
2026-08-20 13:03:48,686 INFO [m1q1] dungeon_A_expired 감지 0.958 -> COMPLETED
2026-08-20 13:03:48,691 INFO [m1q1] WAIT_DUNGEON_SELECT -> NEXT_DUNGEON
2026-08-20 13:03:48,715 INFO [m1q1] 오늘 던전 B 선택: status=NOT_STARTED, 누적=0.0s / 3600.0s
2026-08-20 13:03:48,715 INFO [m1q1] NEXT_DUNGEON -> WAIT_MENU
2026-08-20 13:03:48,803 INFO [m1q2] WAIT_DUNGEON_MENU -> WAIT_DUNGEON_SELECT
2026-08-20 13:03:48,835 INFO [m1q2] dungeon_A_expired 감지 0.992 -> COMPLETED
2026-08-20 13:03:48,839 INFO [m1q2] WAIT_DUNGEON_SELECT -> NEXT_DUNGEON
2026-08-20 13:03:48,864 INFO [m1q2] 오늘 던전 B 선택: status=NOT_STARTED, 누적=0.0s / 3600.0s
2026-08-20 13:03:48,864 INFO [m1q2] NEXT_DUNGEON -> WAIT_MENU
2026-08-20 13:04:01,234 INFO [m1q2] 02_menu 감지 0.974 -> 클릭 (5725,194)
2026-08-20 13:04:02,386 INFO [m1q2] WAIT_MENU -> WAIT_DUNGEON_MENU
2026-08-20 13:04:02,600 INFO [m1q1] DungeonRunner 종료
2026-08-20 13:04:02,637 INFO [m1q2] DungeonRunner 종료
2026-08-20 13:04:08,419 INFO [m1q1] DungeonRunner 시작
2026-08-20 13:04:08,419 INFO [m1q2] DungeonRunner 시작
2026-08-20 13:04:08,458 INFO [m1q2] rect=Rect(left=4800, top=116, width=960, height=540)
2026-08-20 13:04:08,459 INFO [m1q2] 오늘 던전 B 선택: status=NOT_STARTED, 누적=0.0s / 3600.0s
2026-08-20 13:04:08,460 INFO [m1q2] SELECT_DUNGEON -> WAIT_MENU
2026-08-20 13:04:08,467 INFO [m1q1] rect=Rect(left=3840, top=116, width=960, height=540)
2026-08-20 13:04:08,468 INFO [m1q1] 오늘 던전 B 선택: status=NOT_STARTED, 누적=0.0s / 3600.0s
2026-08-20 13:04:08,468 INFO [m1q1] SELECT_DUNGEON -> WAIT_MENU
2026-08-20 13:04:08,494 INFO [m1q2] 02_menu 감지 0.975 -> 클릭 (5725,194)
2026-08-20 13:04:08,507 INFO [m1q1] 02_menu 감지 0.963 -> 클릭 (4765,194)
2026-08-20 13:04:09,645 INFO [m1q2] WAIT_MENU -> WAIT_DUNGEON_MENU
2026-08-20 13:04:09,676 INFO [m1q2] dungeon 감지 0.979 -> 클릭 (5582,366)
2026-08-20 13:04:09,795 INFO [m1q1] WAIT_MENU -> WAIT_DUNGEON_MENU
2026-08-20 13:04:09,825 INFO [m1q1] dungeon 감지 0.966 -> 클릭 (4622,366)
2026-08-20 13:04:10,829 INFO [m1q2] WAIT_DUNGEON_MENU -> WAIT_DUNGEON_SELECT
2026-08-20 13:04:10,865 INFO [m1q2] dungeon_B_expired 감지 0.996 -> COMPLETED
2026-08-20 13:04:10,870 INFO [m1q2] WAIT_DUNGEON_SELECT -> NEXT_DUNGEON
2026-08-20 13:04:10,906 INFO [m1q2] 오늘 A/B 던전 모두 완료
2026-08-20 13:04:10,907 INFO [m1q2] NEXT_DUNGEON -> ALL_DONE
2026-08-20 13:04:10,978 INFO [m1q1] WAIT_DUNGEON_MENU -> WAIT_DUNGEON_SELECT
2026-08-20 13:04:11,011 INFO [m1q1] dungeon_B_expired 감지 0.966 -> COMPLETED
2026-08-20 13:04:11,016 INFO [m1q1] WAIT_DUNGEON_SELECT -> NEXT_DUNGEON
2026-08-20 13:04:11,040 INFO [m1q1] 오늘 A/B 던전 모두 완료
2026-08-20 13:04:11,040 INFO [m1q1] NEXT_DUNGEON -> ALL_DONE
2026-08-20 13:04:25,166 INFO [m1q2] DungeonRunner 종료
2026-08-20 13:04:25,332 INFO [m1q1] DungeonRunner 종료
2026-08-20 13:05:42,328 INFO [m1q1] DungeonRunner 시작
2026-08-20 13:05:42,329 INFO [m1q2] DungeonRunner 시작
2026-08-20 13:05:42,367 INFO [m1q2] rect=Rect(left=4800, top=116, width=960, height=540)
2026-08-20 13:05:42,368 INFO [m1q2] 오늘 던전 A 선택: status=NOT_STARTED, 누적=0.0s / 3600.0s
2026-08-20 13:05:42,368 INFO [m1q2] SELECT_DUNGEON -> WAIT_MENU
2026-08-20 13:05:42,375 INFO [m1q1] rect=Rect(left=3840, top=116, width=960, height=540)
2026-08-20 13:05:42,376 INFO [m1q1] 오늘 던전 A 선택: status=NOT_STARTED, 누적=0.0s / 3600.0s
2026-08-20 13:05:42,376 INFO [m1q1] SELECT_DUNGEON -> WAIT_MENU
2026-08-20 13:05:42,395 INFO [m1q2] 02_menu 감지 0.968 -> 클릭 (5725,194)
2026-08-20 13:05:42,424 INFO [m1q1] 02_menu 감지 0.974 -> 클릭 (4765,194)
2026-08-20 13:05:43,550 INFO [m1q2] WAIT_MENU -> WAIT_DUNGEON_MENU
2026-08-20 13:05:43,594 INFO [m1q2] dungeon 감지 0.978 -> 클릭 (5582,366)
2026-08-20 13:05:43,693 INFO [m1q1] WAIT_MENU -> WAIT_DUNGEON_MENU
2026-08-20 13:05:43,724 INFO [m1q1] dungeon 감지 0.974 -> 클릭 (4622,366)
2026-08-20 13:05:44,745 INFO [m1q2] WAIT_DUNGEON_MENU -> WAIT_DUNGEON_SELECT
2026-08-20 13:05:44,779 INFO [m1q2] dungeon_A_expired 감지 0.992 -> COMPLETED
2026-08-20 13:05:44,784 INFO [m1q2] WAIT_DUNGEON_SELECT -> NEXT_DUNGEON
2026-08-20 13:05:44,807 INFO [m1q2] 오늘 던전 B 선택: status=NOT_STARTED, 누적=0.0s / 3600.0s
2026-08-20 13:05:44,808 INFO [m1q2] NEXT_DUNGEON -> WAIT_MENU
2026-08-20 13:05:44,908 INFO [m1q1] WAIT_DUNGEON_MENU -> WAIT_DUNGEON_SELECT
2026-08-20 13:05:44,946 INFO [m1q1] dungeon_A_expired 감지 0.958 -> COMPLETED
2026-08-20 13:05:44,950 INFO [m1q1] WAIT_DUNGEON_SELECT -> NEXT_DUNGEON
2026-08-20 13:05:44,969 INFO [m1q1] 오늘 던전 B 선택: status=NOT_STARTED, 누적=0.0s / 3600.0s
2026-08-20 13:05:44,969 INFO [m1q1] NEXT_DUNGEON -> WAIT_MENU
2026-08-20 13:06:15,021 WARNING [m1q2] WAIT_MENU 단계 30s 초과 -> 메뉴부터 재시도
2026-08-20 13:06:15,179 WARNING [m1q1] WAIT_MENU 단계 30s 초과 -> 메뉴부터 재시도
2026-08-20 13:06:18,414 INFO [m1q1] DungeonRunner 종료
2026-08-20 13:06:18,427 INFO [m1q2] DungeonRunner 종료
2026-08-20 13:08:04,539 INFO [m1q1] DungeonRunner 시작
2026-08-20 13:08:04,539 INFO [m1q2] DungeonRunner 시작
2026-08-20 13:08:04,591 INFO [m1q1] rect=Rect(left=3840, top=116, width=960, height=540)
2026-08-20 13:08:04,591 INFO [m1q2] rect=Rect(left=4800, top=116, width=960, height=540)
2026-08-20 13:08:04,593 INFO [m1q2] 오늘 던전 B 선택: status=NOT_STARTED, 누적=0.0s / 3600.0s
2026-08-20 13:08:04,593 INFO [m1q2] SELECT_DUNGEON -> WAIT_MENU
2026-08-20 13:08:04,594 INFO [m1q1] 오늘 던전 B 선택: status=NOT_STARTED, 누적=0.0s / 3600.0s
2026-08-20 13:08:04,594 INFO [m1q1] SELECT_DUNGEON -> WAIT_MENU
2026-08-20 13:08:04,627 INFO [m1q2] 02_menu 감지 0.970 -> 클릭 (5725,194)
2026-08-20 13:08:04,641 INFO [m1q1] 02_menu 감지 0.971 -> 클릭 (4765,194)
2026-08-20 13:08:05,776 INFO [m1q2] WAIT_MENU -> WAIT_DUNGEON_MENU
2026-08-20 13:08:05,805 INFO [m1q2] dungeon 감지 0.981 -> 클릭 (5582,366)
2026-08-20 13:08:05,944 INFO [m1q1] WAIT_MENU -> WAIT_DUNGEON_MENU
2026-08-20 13:08:05,974 INFO [m1q1] dungeon 감지 0.972 -> 클릭 (4622,366)
2026-08-20 13:08:06,945 INFO [m1q2] WAIT_DUNGEON_MENU -> WAIT_DUNGEON_SELECT
2026-08-20 13:08:06,976 INFO [m1q2] dungeon_B 감지 0.988 -> 클릭 (4991,478)
2026-08-20 13:08:07,139 INFO [m1q1] WAIT_DUNGEON_MENU -> WAIT_DUNGEON_SELECT
2026-08-20 13:08:07,162 INFO [m1q1] dungeon_B 감지 0.996 -> 클릭 (4023,478)
2026-08-20 13:08:08,129 INFO [m1q2] dungeon_B 선택 -> 1.0초 후 만기 확인
2026-08-20 13:08:08,129 INFO [m1q2] WAIT_DUNGEON_SELECT -> WAIT_EXPIRED_CHECK
2026-08-20 13:08:08,314 INFO [m1q1] dungeon_B 선택 -> 1.0초 후 만기 확인
2026-08-20 13:08:08,314 INFO [m1q1] WAIT_DUNGEON_SELECT -> WAIT_EXPIRED_CHECK
2026-08-20 13:08:09,267 INFO [m1q2] dungeon_B 만기 아님 -> 입장 진행
2026-08-20 13:08:09,267 INFO [m1q2] WAIT_EXPIRED_CHECK -> WAIT_ENTER
2026-08-20 13:08:09,303 INFO [m1q2] enter 감지 0.993 -> 클릭 (5586,569)
2026-08-20 13:08:09,446 INFO [m1q1] dungeon_B 만기 아님 -> 입장 진행
2026-08-20 13:08:09,447 INFO [m1q1] WAIT_EXPIRED_CHECK -> WAIT_ENTER
2026-08-20 13:08:09,475 INFO [m1q1] enter 감지 0.999 -> 클릭 (4623,569)
2026-08-20 13:08:10,455 INFO [m1q2] 입장 버튼 클릭 -> 5초 후 AUTO 탐색 시작
2026-08-20 13:08:10,615 INFO [m1q1] 입장 버튼 클릭 -> 5초 후 AUTO 탐색 시작
2026-08-20 13:08:15,456 INFO [m1q2] WAIT_ENTER -> WAIT_AUTO
2026-08-20 13:08:15,615 INFO [m1q1] WAIT_ENTER -> WAIT_AUTO
2026-08-20 13:08:18,621 INFO [m1q1] 21_auto 감지 0.873 -> 클릭 (4726,440)
2026-08-20 13:08:19,783 INFO [m1q1] 던전 B 사냥 세션 시작
2026-08-20 13:08:19,783 INFO [m1q1] WAIT_AUTO -> HUNTING
2026-08-20 13:08:23,279 INFO [m1q2] 21_auto 감지 0.841 -> 클릭 (5681,440)
2026-08-20 13:08:24,436 INFO [m1q2] 던전 B 사냥 세션 시작
2026-08-20 13:08:24,436 INFO [m1q2] WAIT_AUTO -> HUNTING
2026-08-20 13:08:29,657 INFO [m1q2] in_dungeon 5.2초 연속 미검출 -> 던전 B 정상 종료로 간주
2026-08-20 13:08:29,662 INFO [m1q2] 던전 B DB COMPLETED 처리
2026-08-20 13:08:29,663 INFO [m1q2] HUNTING -> NEXT_DUNGEON
2026-08-20 13:08:29,700 INFO [m1q2] 오늘 A/B 던전 모두 완료
2026-08-20 13:08:29,701 INFO [m1q2] NEXT_DUNGEON -> ALL_DONE
2026-08-20 13:08:43,777 INFO [m1q1] 던전 B 세션 24.0s 누적 -> 총 24.0s / 3600.0s
2026-08-20 13:08:43,777 INFO [m1q1] DungeonRunner 종료
2026-08-20 13:08:43,992 INFO [m1q2] DungeonRunner 종료
2026-08-20 13:10:33,067 INFO [m1q1] DungeonRunner 시작
2026-08-20 13:10:33,067 INFO [m1q2] DungeonRunner 시작
2026-08-20 13:10:33,110 INFO [m1q2] rect=Rect(left=4800, top=116, width=960, height=540)
2026-08-20 13:10:33,111 INFO [m1q2] 오늘 던전 A 선택: status=NOT_STARTED, 누적=0.0s / 3600.0s
2026-08-20 13:10:33,111 INFO [m1q2] SELECT_DUNGEON -> WAIT_MENU
2026-08-20 13:10:33,119 INFO [m1q1] rect=Rect(left=3840, top=116, width=960, height=540)
2026-08-20 13:10:33,120 INFO [m1q1] 오늘 던전 A 선택: status=NOT_STARTED, 누적=0.0s / 3600.0s
2026-08-20 13:10:33,120 INFO [m1q1] SELECT_DUNGEON -> WAIT_MENU
2026-08-20 13:10:33,149 INFO [m1q2] 02_menu 감지 0.976 -> 클릭 (5725,194)
2026-08-20 13:10:33,161 INFO [m1q1] 02_menu 감지 0.977 -> 클릭 (4765,194)
2026-08-20 13:10:34,297 INFO [m1q2] WAIT_MENU -> WAIT_DUNGEON_MENU
2026-08-20 13:10:34,335 INFO [m1q2] dungeon 감지 0.983 -> 클릭 (5582,366)
2026-08-20 13:10:34,447 INFO [m1q1] WAIT_MENU -> WAIT_DUNGEON_MENU
2026-08-20 13:10:34,489 INFO [m1q1] dungeon 감지 0.982 -> 클릭 (4622,366)
2026-08-20 13:10:35,485 INFO [m1q2] WAIT_DUNGEON_MENU -> WAIT_DUNGEON_SELECT
2026-08-20 13:10:35,520 INFO [m1q2] dungeon_A 감지 0.986 -> 클릭 (4989,378)
2026-08-20 13:10:35,652 INFO [m1q1] WAIT_DUNGEON_MENU -> WAIT_DUNGEON_SELECT
2026-08-20 13:10:35,685 INFO [m1q1] dungeon_A 감지 0.992 -> 클릭 (4021,378)
2026-08-20 13:10:36,671 INFO [m1q2] dungeon_A 선택 -> 1.0초 후 만기 확인
2026-08-20 13:10:36,671 INFO [m1q2] WAIT_DUNGEON_SELECT -> WAIT_EXPIRED_CHECK
2026-08-20 13:10:36,834 INFO [m1q1] dungeon_A 선택 -> 1.0초 후 만기 확인
2026-08-20 13:10:36,834 INFO [m1q1] WAIT_DUNGEON_SELECT -> WAIT_EXPIRED_CHECK
2026-08-20 13:10:37,808 INFO [m1q2] dungeon_A 만기 아님 -> 입장 진행
2026-08-20 13:10:37,808 INFO [m1q2] WAIT_EXPIRED_CHECK -> WAIT_ENTER
2026-08-20 13:10:37,833 INFO [m1q2] enter 감지 0.993 -> 클릭 (5586,569)
2026-08-20 13:10:37,983 INFO [m1q1] dungeon_A 만기 아님 -> 입장 진행
2026-08-20 13:10:37,984 INFO [m1q1] WAIT_EXPIRED_CHECK -> WAIT_ENTER
2026-08-20 13:10:37,999 INFO [m1q1] enter 감지 0.999 -> 클릭 (4623,569)
2026-08-20 13:10:38,970 INFO [m1q2] 입장 버튼 클릭 -> 5초 후 AUTO 탐색 시작
2026-08-20 13:10:39,152 INFO [m1q1] 입장 버튼 클릭 -> 5초 후 AUTO 탐색 시작
2026-08-20 13:10:43,971 INFO [m1q2] WAIT_ENTER -> WAIT_AUTO
2026-08-20 13:10:44,154 INFO [m1q1] WAIT_ENTER -> WAIT_AUTO
2026-08-20 13:10:46,297 INFO [m1q1] 21_auto 감지 0.883 -> 클릭 (4726,440)
2026-08-20 13:10:47,456 INFO [m1q1] 던전 A 사냥 세션 시작
2026-08-20 13:10:47,456 INFO [m1q1] WAIT_AUTO -> HUNTING
2026-08-20 13:10:57,784 INFO [m1q1] 던전 A 세션 10.3s 누적 -> 총 10.3s / 3600.0s
2026-08-20 13:10:57,784 INFO [m1q1] DungeonRunner 종료
2026-08-20 13:10:57,871 INFO [m1q2] DungeonRunner 종료
2026-08-20 13:13:12,503 INFO [m1q1] DungeonRunner 시작
2026-08-20 13:13:12,503 INFO [m1q2] DungeonRunner 시작
2026-08-20 13:13:12,551 INFO [m1q1] rect=Rect(left=3840, top=116, width=960, height=540)
2026-08-20 13:13:12,552 INFO [m1q1] 오늘 던전 A 선택: status=NOT_STARTED, 누적=0.0s / 3600.0s
2026-08-20 13:13:12,552 INFO [m1q1] SELECT_DUNGEON -> WAIT_MENU
2026-08-20 13:13:12,558 INFO [m1q2] rect=Rect(left=4800, top=116, width=960, height=540)
2026-08-20 13:13:12,559 INFO [m1q2] 오늘 던전 A 선택: status=NOT_STARTED, 누적=0.0s / 3600.0s
2026-08-20 13:13:12,559 INFO [m1q2] SELECT_DUNGEON -> WAIT_MENU
2026-08-20 13:13:12,581 INFO [m1q1] 02_menu 감지 0.973 -> 클릭 (4765,194)
2026-08-20 13:13:12,599 INFO [m1q2] 02_menu 감지 0.976 -> 클릭 (5725,194)
2026-08-20 13:13:13,735 INFO [m1q1] WAIT_MENU -> WAIT_DUNGEON_MENU
2026-08-20 13:13:13,768 INFO [m1q1] dungeon 감지 0.974 -> 클릭 (4622,366)
2026-08-20 13:13:13,900 INFO [m1q2] WAIT_MENU -> WAIT_DUNGEON_MENU
2026-08-20 13:13:13,931 INFO [m1q2] dungeon 감지 0.978 -> 클릭 (5582,366)
2026-08-20 13:13:14,918 INFO [m1q1] WAIT_DUNGEON_MENU -> WAIT_DUNGEON_SELECT
2026-08-20 13:13:14,949 INFO [m1q1] dungeon_A 감지 0.993 -> 클릭 (4021,378)
2026-08-20 13:13:15,067 INFO [m1q2] WAIT_DUNGEON_MENU -> WAIT_DUNGEON_SELECT
2026-08-20 13:13:15,102 INFO [m1q2] dungeon_A 감지 0.986 -> 클릭 (4989,378)
2026-08-20 13:13:16,103 INFO [m1q1] dungeon_A 선택 -> 1.0초 후 만기 확인
2026-08-20 13:13:16,103 INFO [m1q1] WAIT_DUNGEON_SELECT -> WAIT_EXPIRED_CHECK
2026-08-20 13:13:16,252 INFO [m1q2] dungeon_A 선택 -> 1.0초 후 만기 확인
2026-08-20 13:13:16,253 INFO [m1q2] WAIT_DUNGEON_SELECT -> WAIT_EXPIRED_CHECK
2026-08-20 13:13:17,222 INFO [m1q1] dungeon_A 만기 아님 -> 입장 진행
2026-08-20 13:13:17,222 INFO [m1q1] WAIT_EXPIRED_CHECK -> WAIT_ENTER
2026-08-20 13:13:17,249 INFO [m1q1] enter 감지 0.999 -> 클릭 (4623,569)
2026-08-20 13:13:17,385 INFO [m1q2] dungeon_A 만기 아님 -> 입장 진행
2026-08-20 13:13:17,385 INFO [m1q2] WAIT_EXPIRED_CHECK -> WAIT_ENTER
2026-08-20 13:13:17,419 INFO [m1q2] enter 감지 0.993 -> 클릭 (5586,569)
2026-08-20 13:13:18,388 INFO [m1q1] 입장 버튼 클릭 -> 5초 후 AUTO 탐색 시작
2026-08-20 13:13:18,575 INFO [m1q2] 입장 버튼 클릭 -> 5초 후 AUTO 탐색 시작
2026-08-20 13:13:23,389 INFO [m1q1] WAIT_ENTER -> WAIT_AUTO
2026-08-20 13:13:23,576 INFO [m1q2] WAIT_ENTER -> WAIT_AUTO
2026-08-20 13:13:25,742 INFO [m1q1] 21_auto 감지 0.883 -> 클릭 (4726,440)
2026-08-20 13:13:26,887 INFO [m1q1] 던전 A 사냥 세션 시작
2026-08-20 13:13:26,888 INFO [m1q1] WAIT_AUTO -> HUNTING
2026-08-20 13:13:37,746 INFO [m1q2] DungeonRunner 종료
2026-08-20 13:13:37,856 INFO [m1q1] 던전 A 세션 11.0s 누적 -> 총 11.0s / 3600.0s
2026-08-20 13:13:37,857 INFO [m1q1] DungeonRunner 종료
2026-08-20 13:15:11,083 INFO [m1q1] DungeonRunner 시작
2026-08-20 13:15:11,083 INFO [m1q2] DungeonRunner 시작
2026-08-20 13:15:11,144 INFO [m1q1] rect=Rect(left=3840, top=116, width=960, height=540)
2026-08-20 13:15:11,144 INFO [m1q2] rect=Rect(left=4800, top=116, width=960, height=540)
2026-08-20 13:15:11,145 INFO [m1q1] 오늘 던전 A 선택: status=NOT_STARTED, 누적=0.0s / 3600.0s
2026-08-20 13:15:11,145 INFO [m1q1] SELECT_DUNGEON -> WAIT_MENU
2026-08-20 13:15:11,146 INFO [m1q2] 오늘 던전 A 선택: status=NOT_STARTED, 누적=0.0s / 3600.0s
2026-08-20 13:15:11,146 INFO [m1q2] SELECT_DUNGEON -> WAIT_MENU
2026-08-20 13:15:11,176 INFO [m1q1] 02_menu 감지 0.971 -> 클릭 (4765,194)
2026-08-20 13:15:11,195 INFO [m1q2] 02_menu 감지 0.975 -> 클릭 (5725,194)
2026-08-20 13:15:12,329 INFO [m1q1] WAIT_MENU -> WAIT_DUNGEON_MENU
2026-08-20 13:15:12,356 INFO [m1q1] dungeon 감지 0.962 -> 클릭 (4622,366)
2026-08-20 13:15:12,475 INFO [m1q2] WAIT_MENU -> WAIT_DUNGEON_MENU
2026-08-20 13:15:12,507 INFO [m1q2] dungeon 감지 0.982 -> 클릭 (5582,366)
2026-08-20 13:15:13,511 INFO [m1q1] WAIT_DUNGEON_MENU -> WAIT_DUNGEON_SELECT
2026-08-20 13:15:13,543 INFO [m1q1] dungeon_A 감지 0.992 -> 클릭 (4021,378)
2026-08-20 13:15:13,666 INFO [m1q2] WAIT_DUNGEON_MENU -> WAIT_DUNGEON_SELECT
2026-08-20 13:15:13,697 INFO [m1q2] dungeon_A 감지 0.986 -> 클릭 (4989,378)
2026-08-20 13:15:14,692 INFO [m1q1] dungeon_A 선택 -> 1.0초 후 만기 확인
2026-08-20 13:15:14,692 INFO [m1q1] WAIT_DUNGEON_SELECT -> WAIT_EXPIRED_CHECK
2026-08-20 13:15:14,847 INFO [m1q2] dungeon_A 선택 -> 1.0초 후 만기 확인
2026-08-20 13:15:14,847 INFO [m1q2] WAIT_DUNGEON_SELECT -> WAIT_EXPIRED_CHECK
2026-08-20 13:15:15,827 INFO [m1q1] dungeon_A 만기 아님 -> 입장 진행
2026-08-20 13:15:15,828 INFO [m1q1] WAIT_EXPIRED_CHECK -> WAIT_ENTER
2026-08-20 13:15:15,863 INFO [m1q1] enter 감지 0.999 -> 클릭 (4623,569)
2026-08-20 13:15:15,963 INFO [m1q2] dungeon_A_expired 감지 0.998 (threshold=0.985)
2026-08-20 13:15:15,963 INFO [m1q2] 던전 A 만기 -> exit 버튼 탐색
2026-08-20 13:15:15,963 INFO [m1q2] WAIT_EXPIRED_CHECK -> WAIT_EXPIRED_EXIT
2026-08-20 13:15:15,995 INFO [m1q2] exit 감지 0.999 -> 클릭 (5733,191)
2026-08-20 13:15:17,014 INFO [m1q1] 입장 버튼 클릭 -> 5초 후 AUTO 탐색 시작
2026-08-20 13:15:17,161 INFO [m1q2] exit 클릭 -> 던전 A COMPLETED
2026-08-20 13:15:17,169 INFO [m1q2] WAIT_EXPIRED_EXIT -> NEXT_DUNGEON
2026-08-20 13:15:17,208 INFO [m1q2] 오늘 던전 B 선택: status=NOT_STARTED, 누적=0.0s / 3600.0s
2026-08-20 13:15:17,208 INFO [m1q2] NEXT_DUNGEON -> WAIT_MENU
2026-08-20 13:15:17,227 INFO [m1q2] 02_menu 감지 0.971 -> 클릭 (5725,194)
2026-08-20 13:15:18,381 INFO [m1q2] WAIT_MENU -> WAIT_DUNGEON_MENU
2026-08-20 13:15:18,412 INFO [m1q2] dungeon 감지 0.981 -> 클릭 (5582,366)
2026-08-20 13:15:19,548 INFO [m1q2] WAIT_DUNGEON_MENU -> WAIT_DUNGEON_SELECT
2026-08-20 13:15:19,585 INFO [m1q2] dungeon_B 감지 0.988 -> 클릭 (4991,478)
2026-08-20 13:15:20,734 INFO [m1q2] dungeon_B 선택 -> 1.0초 후 만기 확인
2026-08-20 13:15:20,735 INFO [m1q2] WAIT_DUNGEON_SELECT -> WAIT_EXPIRED_CHECK
2026-08-20 13:15:21,853 INFO [m1q2] dungeon_B_expired 감지 0.998 (threshold=0.985)
2026-08-20 13:15:21,858 INFO [m1q2] 던전 B DB COMPLETED 처리
2026-08-20 13:15:21,858 INFO [m1q2] WAIT_EXPIRED_CHECK -> NEXT_DUNGEON
2026-08-20 13:15:21,880 INFO [m1q2] 오늘 A/B 던전 모두 완료
2026-08-20 13:15:21,880 INFO [m1q2] NEXT_DUNGEON -> ALL_DONE
2026-08-20 13:15:22,015 INFO [m1q1] WAIT_ENTER -> WAIT_AUTO
2026-08-20 13:15:24,151 INFO [m1q1] 21_auto 감지 0.842 -> 클릭 (4726,440)
2026-08-20 13:15:25,311 INFO [m1q1] 던전 A 사냥 세션 시작
2026-08-20 13:15:25,311 INFO [m1q1] WAIT_AUTO -> HUNTING
2026-08-20 13:16:03,623 INFO [m1q1] 던전 A 세션 38.3s 누적 -> 총 38.3s / 3600.0s
2026-08-20 13:16:03,623 INFO [m1q1] DungeonRunner 종료
2026-08-20 13:16:03,804 INFO [m1q2] DungeonRunner 종료
2026-08-20 13:16:13,832 INFO [m1q1] DungeonRunner 시작
2026-08-20 13:16:13,832 INFO [m1q2] DungeonRunner 시작
2026-08-20 13:16:13,881 INFO [m1q2] rect=Rect(left=4800, top=116, width=960, height=540)
2026-08-20 13:16:13,882 INFO [m1q2] 오늘 A/B 던전 모두 완료
2026-08-20 13:16:13,883 INFO [m1q2] SELECT_DUNGEON -> ALL_DONE
2026-08-20 13:16:13,889 INFO [m1q1] rect=Rect(left=3840, top=116, width=960, height=540)
2026-08-20 13:16:13,890 INFO [m1q1] 오늘 던전 A 선택: status=IN_PROGRESS, 누적=38.3s / 3600.0s
2026-08-20 13:16:13,890 INFO [m1q1] SELECT_DUNGEON -> WAIT_MENU
2026-08-20 13:16:13,936 INFO [m1q1] 02_menu 감지 0.970 -> 클릭 (4765,194)
2026-08-20 13:16:15,072 INFO [m1q1] WAIT_MENU -> WAIT_DUNGEON_MENU
2026-08-20 13:16:15,104 INFO [m1q1] dungeon 감지 0.968 -> 클릭 (4622,366)
2026-08-20 13:16:16,242 INFO [m1q1] WAIT_DUNGEON_MENU -> WAIT_DUNGEON_SELECT
2026-08-20 13:16:16,275 INFO [m1q1] dungeon_A 감지 0.993 -> 클릭 (4021,378)
2026-08-20 13:16:17,427 INFO [m1q1] dungeon_A 선택 -> 1.0초 후 만기 확인
2026-08-20 13:16:17,427 INFO [m1q1] WAIT_DUNGEON_SELECT -> WAIT_EXPIRED_CHECK
2026-08-20 13:16:18,565 INFO [m1q1] dungeon_A 만기 아님 -> 입장 진행
2026-08-20 13:16:18,566 INFO [m1q1] WAIT_EXPIRED_CHECK -> WAIT_ENTER
2026-08-20 13:16:18,599 INFO [m1q1] enter 감지 0.999 -> 클릭 (4623,569)
2026-08-20 13:16:19,746 INFO [m1q1] 입장 버튼 클릭 -> 5초 후 AUTO 탐색 시작
2026-08-20 13:16:24,747 INFO [m1q1] WAIT_ENTER -> WAIT_AUTO
2026-08-20 13:16:27,085 INFO [m1q1] 21_auto 감지 0.860 -> 클릭 (4726,440)
2026-08-20 13:16:28,244 INFO [m1q1] 던전 A 사냥 세션 시작
2026-08-20 13:16:28,244 INFO [m1q1] WAIT_AUTO -> HUNTING
2026-08-20 13:17:39,030 INFO [m1q1] 던전 A 세션 70.8s 누적 -> 총 109.1s / 3600.0s
2026-08-20 13:17:39,030 INFO [m1q1] DungeonRunner 종료
2026-08-20 13:17:39,776 INFO [m1q2] DungeonRunner 종료
2026-08-20 13:18:01,542 INFO [m1q1] DungeonRunner 시작
2026-08-20 13:18:01,543 INFO [m1q2] DungeonRunner 시작
2026-08-20 13:18:01,583 INFO [m1q1] rect=Rect(left=3840, top=116, width=960, height=540)
2026-08-20 13:18:01,584 INFO [m1q1] 오늘 던전 A 선택: status=NOT_STARTED, 누적=0.0s / 3600.0s
2026-08-20 13:18:01,584 INFO [m1q1] SELECT_DUNGEON -> WAIT_MENU
2026-08-20 13:18:01,594 INFO [m1q2] rect=Rect(left=4800, top=116, width=960, height=540)
2026-08-20 13:18:01,595 INFO [m1q2] 오늘 던전 A 선택: status=NOT_STARTED, 누적=0.0s / 3600.0s
2026-08-20 13:18:01,595 INFO [m1q2] SELECT_DUNGEON -> WAIT_MENU
2026-08-20 13:18:01,622 INFO [m1q1] 02_menu 감지 0.973 -> 클릭 (4765,194)
2026-08-20 13:18:01,634 INFO [m1q2] 02_menu 감지 0.976 -> 클릭 (5725,194)
2026-08-20 13:18:02,773 INFO [m1q1] WAIT_MENU -> WAIT_DUNGEON_MENU
2026-08-20 13:18:02,804 INFO [m1q1] dungeon 감지 0.981 -> 클릭 (4622,366)
2026-08-20 13:18:02,920 INFO [m1q2] WAIT_MENU -> WAIT_DUNGEON_MENU
2026-08-20 13:18:02,951 INFO [m1q2] dungeon 감지 0.975 -> 클릭 (5582,366)
2026-08-20 13:18:03,956 INFO [m1q1] WAIT_DUNGEON_MENU -> WAIT_DUNGEON_SELECT
2026-08-20 13:18:03,992 INFO [m1q1] dungeon_A 감지 0.992 -> 클릭 (4021,378)
2026-08-20 13:18:04,105 INFO [m1q2] WAIT_DUNGEON_MENU -> WAIT_DUNGEON_SELECT
2026-08-20 13:18:04,137 INFO [m1q2] dungeon_A 감지 0.986 -> 클릭 (4989,378)
2026-08-20 13:18:05,143 INFO [m1q1] dungeon_A 선택 -> 1.0초 후 만기 확인
2026-08-20 13:18:05,144 INFO [m1q1] WAIT_DUNGEON_SELECT -> WAIT_EXPIRED_CHECK
2026-08-20 13:18:05,291 INFO [m1q2] dungeon_A 선택 -> 1.0초 후 만기 확인
2026-08-20 13:18:05,291 INFO [m1q2] WAIT_DUNGEON_SELECT -> WAIT_EXPIRED_CHECK
2026-08-20 13:18:06,277 INFO [m1q1] dungeon_A 만기 아님 -> 입장 진행
2026-08-20 13:18:06,277 INFO [m1q1] WAIT_EXPIRED_CHECK -> WAIT_ENTER
2026-08-20 13:18:06,307 INFO [m1q1] enter 감지 0.999 -> 클릭 (4623,569)
2026-08-20 13:18:06,439 INFO [m1q2] dungeon_A_expired 감지 0.997 (threshold=0.985)
2026-08-20 13:18:06,440 INFO [m1q2] 던전 A 만기 -> exit 버튼 탐색
2026-08-20 13:18:06,440 INFO [m1q2] WAIT_EXPIRED_CHECK -> WAIT_EXPIRED_EXIT
2026-08-20 13:18:06,456 INFO [m1q2] exit 감지 0.999 -> 클릭 (5733,191)
2026-08-20 13:18:07,458 INFO [m1q1] 입장 버튼 클릭 -> 5초 후 AUTO 탐색 시작
2026-08-20 13:18:07,609 INFO [m1q2] exit 클릭 -> 던전 A COMPLETED
2026-08-20 13:18:07,614 INFO [m1q2] WAIT_EXPIRED_EXIT -> NEXT_DUNGEON
2026-08-20 13:18:07,637 INFO [m1q2] 오늘 던전 B 선택: status=NOT_STARTED, 누적=0.0s / 3600.0s
2026-08-20 13:18:07,637 INFO [m1q2] NEXT_DUNGEON -> WAIT_MENU
2026-08-20 13:18:07,661 INFO [m1q2] 02_menu 감지 0.976 -> 클릭 (5725,194)
2026-08-20 13:18:08,811 INFO [m1q2] WAIT_MENU -> WAIT_DUNGEON_MENU
2026-08-20 13:18:08,845 INFO [m1q2] dungeon 감지 0.977 -> 클릭 (5582,366)
2026-08-20 13:18:10,015 INFO [m1q2] WAIT_DUNGEON_MENU -> WAIT_DUNGEON_SELECT
2026-08-20 13:18:10,046 INFO [m1q2] dungeon_B 감지 0.988 -> 클릭 (4991,478)
2026-08-20 13:18:11,199 INFO [m1q2] dungeon_B 선택 -> 1.0초 후 만기 확인
2026-08-20 13:18:11,199 INFO [m1q2] WAIT_DUNGEON_SELECT -> WAIT_EXPIRED_CHECK
2026-08-20 13:18:12,317 INFO [m1q2] dungeon_B_expired 감지 0.998 (threshold=0.985)
2026-08-20 13:18:12,322 INFO [m1q2] 던전 B DB COMPLETED 처리
2026-08-20 13:18:12,322 INFO [m1q2] WAIT_EXPIRED_CHECK -> NEXT_DUNGEON
2026-08-20 13:18:12,345 INFO [m1q2] 오늘 A/B 던전 모두 완료
2026-08-20 13:18:12,345 INFO [m1q2] NEXT_DUNGEON -> ALL_DONE
2026-08-20 13:18:12,459 INFO [m1q1] WAIT_ENTER -> WAIT_AUTO
2026-08-20 13:18:14,818 INFO [m1q1] 21_auto 감지 -> 5초 후 클릭
2026-08-20 13:18:19,819 INFO [m1q1] 21_auto 감지 0.901 -> 클릭 (4726,440)
2026-08-20 13:18:20,961 INFO [m1q1] 던전 A 사냥 세션 시작
2026-08-20 13:18:20,961 INFO [m1q1] WAIT_AUTO -> HUNTING
2026-08-20 13:22:11,851 INFO [m1q1] 던전 A 세션 230.9s 누적 -> 총 230.9s / 3600.0s
2026-08-20 13:22:11,851 INFO [m1q1] DungeonRunner 종료
2026-08-20 13:22:12,288 INFO [m1q2] DungeonRunner 종료
2026-08-20 13:22:29,211 INFO [m1q1] DungeonRunner 시작
2026-08-20 13:22:29,212 INFO [m1q2] DungeonRunner 시작
2026-08-20 13:22:29,250 INFO [m1q2] rect=Rect(left=4800, top=116, width=960, height=540)
2026-08-20 13:22:29,251 INFO [m1q2] 오늘 던전 A 선택: status=NOT_STARTED, 누적=0.0s / 3600.0s
2026-08-20 13:22:29,251 INFO [m1q2] SELECT_DUNGEON -> WAIT_MENU
2026-08-20 13:22:29,268 INFO [m1q1] rect=Rect(left=3840, top=116, width=960, height=540)
2026-08-20 13:22:29,272 INFO [m1q1] 오늘 던전 A 선택: status=NOT_STARTED, 누적=0.0s / 3600.0s
2026-08-20 13:22:29,273 INFO [m1q1] SELECT_DUNGEON -> WAIT_MENU
2026-08-20 13:22:29,295 INFO [m1q2] 02_menu 감지 0.977 -> 클릭 (5725,194)
2026-08-20 13:22:29,321 INFO [m1q1] 02_menu 감지 0.973 -> 클릭 (4765,194)
2026-08-20 13:22:30,440 INFO [m1q2] WAIT_MENU -> WAIT_DUNGEON_MENU
2026-08-20 13:22:30,489 INFO [m1q2] dungeon 감지 0.981 -> 클릭 (5582,366)
2026-08-20 13:22:30,610 INFO [m1q1] WAIT_MENU -> WAIT_DUNGEON_MENU
2026-08-20 13:22:30,633 INFO [m1q1] dungeon 감지 0.980 -> 클릭 (4622,366)
2026-08-20 13:22:31,637 INFO [m1q2] WAIT_DUNGEON_MENU -> WAIT_DUNGEON_SELECT
2026-08-20 13:22:31,670 INFO [m1q2] dungeon_A 감지 0.985 -> 클릭 (4989,378)
2026-08-20 13:22:31,805 INFO [m1q1] WAIT_DUNGEON_MENU -> WAIT_DUNGEON_SELECT
2026-08-20 13:22:31,838 INFO [m1q1] dungeon_A 감지 0.993 -> 클릭 (4021,378)
2026-08-20 13:22:32,826 INFO [m1q2] WAIT_DUNGEON_SELECT -> WAIT_ENTER
2026-08-20 13:22:32,876 INFO [m1q2] enter 감지 0.992 -> 클릭 (5586,569)
2026-08-20 13:22:32,999 INFO [m1q1] WAIT_DUNGEON_SELECT -> WAIT_ENTER
2026-08-20 13:22:33,025 INFO [m1q1] enter 감지 0.999 -> 클릭 (4623,569)
2026-08-20 13:22:34,024 INFO [m1q2] 입장 버튼 클릭 -> 5초 후 AUTO 탐색 시작
2026-08-20 13:22:34,191 INFO [m1q1] 입장 버튼 클릭 -> 5초 후 AUTO 탐색 시작
2026-08-20 13:22:39,024 INFO [m1q2] WAIT_ENTER -> WAIT_AUTO
2026-08-20 13:22:39,192 INFO [m1q1] WAIT_ENTER -> WAIT_AUTO
2026-08-20 13:22:41,312 INFO [m1q1] 21_auto 감지 -> 즉시 클릭
2026-08-20 13:22:41,312 INFO [m1q1] 21_auto 감지 0.899 -> 클릭 (4726,440)
2026-08-20 13:22:42,474 INFO [m1q1] 던전 A 사냥 세션 시작
2026-08-20 13:22:42,474 INFO [m1q1] WAIT_AUTO -> HUNTING
2026-08-20 13:22:49,225 INFO [m1q2] AUTO 10.0초 동안 미검출 -> 던전 A 만기로 판단
2026-08-20 13:22:49,229 INFO [m1q2] 던전 A DB COMPLETED 처리 -> exit 탐색
2026-08-20 13:22:49,230 INFO [m1q2] WAIT_AUTO -> WAIT_DUNGEON_EXIT
2026-08-20 13:22:49,260 INFO [m1q2] exit 감지 0.999 -> 클릭 (5733,191)
2026-08-20 13:22:50,405 INFO [m1q2] exit 클릭 -> 다음 던전 진행
2026-08-20 13:22:50,406 INFO [m1q2] WAIT_DUNGEON_EXIT -> NEXT_DUNGEON
2026-08-20 13:22:50,433 INFO [m1q2] 오늘 던전 B 선택: status=NOT_STARTED, 누적=0.0s / 3600.0s
2026-08-20 13:22:50,433 INFO [m1q2] NEXT_DUNGEON -> WAIT_MENU
2026-08-20 13:22:50,460 INFO [m1q2] 02_menu 감지 0.976 -> 클릭 (5725,194)
2026-08-20 13:22:51,616 INFO [m1q2] WAIT_MENU -> WAIT_DUNGEON_MENU
2026-08-20 13:22:51,641 INFO [m1q2] dungeon 감지 0.982 -> 클릭 (5582,366)
2026-08-20 13:22:52,796 INFO [m1q2] WAIT_DUNGEON_MENU -> WAIT_DUNGEON_SELECT
2026-08-20 13:22:52,834 INFO [m1q2] dungeon_B 감지 0.988 -> 클릭 (4991,478)
2026-08-20 13:22:53,978 INFO [m1q2] WAIT_DUNGEON_SELECT -> WAIT_ENTER
2026-08-20 13:22:54,011 INFO [m1q2] enter 감지 0.992 -> 클릭 (5586,569)
2026-08-20 13:22:55,165 INFO [m1q2] 입장 버튼 클릭 -> 5초 후 AUTO 탐색 시작
2026-08-20 13:23:00,166 INFO [m1q2] WAIT_ENTER -> WAIT_AUTO
2026-08-20 13:23:10,191 INFO [m1q2] AUTO 10.0초 동안 미검출 -> 던전 B 만기로 판단
2026-08-20 13:23:10,195 INFO [m1q2] 던전 B DB COMPLETED 처리 -> exit 탐색
2026-08-20 13:23:10,195 INFO [m1q2] WAIT_AUTO -> WAIT_DUNGEON_EXIT
2026-08-20 13:23:10,229 INFO [m1q2] exit 감지 0.999 -> 클릭 (5733,191)
2026-08-20 13:23:11,382 INFO [m1q2] exit 클릭 -> 다음 던전 진행
2026-08-20 13:23:11,382 INFO [m1q2] WAIT_DUNGEON_EXIT -> NEXT_DUNGEON
2026-08-20 13:23:11,406 INFO [m1q2] 오늘 A/B 던전 모두 완료
2026-08-20 13:23:11,406 INFO [m1q2] NEXT_DUNGEON -> ALL_DONE
2026-08-20 13:27:11,120 INFO [m1q1] 던전 A 세션 268.6s 누적 -> 총 268.6s / 3600.0s
2026-08-20 13:27:11,120 INFO [m1q1] DungeonRunner 종료
2026-08-20 13:27:11,425 INFO [m1q2] DungeonRunner 종료
2026-08-20 13:27:19,709 INFO [m1q1] DungeonRunner 시작
2026-08-20 13:27:19,710 INFO [m1q2] DungeonRunner 시작
2026-08-20 13:27:19,710 INFO [m1q3] DungeonRunner 시작
2026-08-20 13:27:19,711 INFO [m1q4] DungeonRunner 시작
2026-08-20 13:27:19,765 INFO [m1q1] rect=Rect(left=3840, top=116, width=960, height=540)
2026-08-20 13:27:19,765 INFO [m1q4] rect=Rect(left=4800, top=656, width=960, height=540)
2026-08-20 13:27:19,765 INFO [m1q2] rect=Rect(left=4800, top=116, width=960, height=540)
2026-08-20 13:27:19,766 INFO [m1q3] rect=Rect(left=3840, top=656, width=960, height=540)
2026-08-20 13:27:19,766 INFO [m1q1] 오늘 던전 A 선택: status=IN_PROGRESS, 누적=268.6s / 3600.0s
2026-08-20 13:27:19,766 INFO [m1q1] SELECT_DUNGEON -> WAIT_MENU
2026-08-20 13:27:19,768 INFO [m1q3] 오늘 던전 A 선택: status=NOT_STARTED, 누적=0.0s / 3600.0s
2026-08-20 13:27:19,768 INFO [m1q3] SELECT_DUNGEON -> WAIT_MENU
2026-08-20 13:27:19,768 INFO [m1q4] 오늘 던전 A 선택: status=NOT_STARTED, 누적=0.0s / 3600.0s
2026-08-20 13:27:19,768 INFO [m1q4] SELECT_DUNGEON -> WAIT_MENU
2026-08-20 13:27:19,769 INFO [m1q2] 오늘 A/B 던전 모두 완료
2026-08-20 13:27:19,769 INFO [m1q2] SELECT_DUNGEON -> ALL_DONE
2026-08-20 13:27:19,791 INFO [m1q1] 02_menu 감지 0.972 -> 클릭 (4765,194)
2026-08-20 13:27:19,804 INFO [m1q3] 02_menu 감지 0.867 -> 클릭 (4764,706)
2026-08-20 13:27:19,823 INFO [m1q4] 02_menu 감지 0.973 -> 클릭 (5725,710)
2026-08-20 13:27:20,943 INFO [m1q1] WAIT_MENU -> WAIT_DUNGEON_MENU
2026-08-20 13:27:20,974 INFO [m1q1] dungeon 감지 0.963 -> 클릭 (4622,366)
2026-08-20 13:27:21,093 INFO [m1q3] WAIT_MENU -> WAIT_DUNGEON_MENU
2026-08-20 13:27:21,125 INFO [m1q3] dungeon 감지 0.925 -> 클릭 (4618,881)
2026-08-20 13:27:21,243 INFO [m1q4] WAIT_MENU -> WAIT_DUNGEON_MENU
2026-08-20 13:27:21,273 INFO [m1q4] dungeon 감지 0.981 -> 클릭 (5582,882)
2026-08-20 13:27:22,125 INFO [m1q1] WAIT_DUNGEON_MENU -> WAIT_DUNGEON_SELECT
2026-08-20 13:27:22,162 INFO [m1q1] dungeon_A 감지 0.992 -> 클릭 (4021,378)
2026-08-20 13:27:22,279 INFO [m1q3] WAIT_DUNGEON_MENU -> WAIT_DUNGEON_SELECT
2026-08-20 13:27:22,311 INFO [m1q3] dungeon_A 감지 0.864 -> 클릭 (4031,893)
2026-08-20 13:27:22,425 INFO [m1q4] WAIT_DUNGEON_MENU -> WAIT_DUNGEON_SELECT
2026-08-20 13:27:22,462 INFO [m1q4] dungeon_A 감지 0.967 -> 클릭 (4987,894)
2026-08-20 13:27:23,316 INFO [m1q1] WAIT_DUNGEON_SELECT -> WAIT_ENTER
2026-08-20 13:27:23,343 INFO [m1q1] enter 감지 0.999 -> 클릭 (4623,569)
2026-08-20 13:27:23,462 INFO [m1q3] WAIT_DUNGEON_SELECT -> WAIT_ENTER
2026-08-20 13:27:23,493 INFO [m1q3] enter 감지 0.924 -> 클릭 (4633,1087)
2026-08-20 13:27:23,612 INFO [m1q4] WAIT_DUNGEON_SELECT -> WAIT_ENTER
2026-08-20 13:27:23,645 INFO [m1q4] enter 감지 0.935 -> 클릭 (5585,1085)
2026-08-20 13:27:24,493 INFO [m1q1] 입장 버튼 클릭 -> 5초 후 AUTO 탐색 시작
2026-08-20 13:27:24,648 INFO [m1q3] 입장 버튼 클릭 -> 5초 후 AUTO 탐색 시작
2026-08-20 13:27:24,795 INFO [m1q4] 입장 버튼 클릭 -> 5초 후 AUTO 탐색 시작
2026-08-20 13:27:29,494 INFO [m1q1] WAIT_ENTER -> WAIT_AUTO
2026-08-20 13:27:29,648 INFO [m1q3] WAIT_ENTER -> WAIT_AUTO
2026-08-20 13:27:29,796 INFO [m1q4] WAIT_ENTER -> WAIT_AUTO
2026-08-20 13:27:31,818 INFO [m1q1] 21_auto 감지 -> 즉시 클릭
2026-08-20 13:27:31,819 INFO [m1q1] 21_auto 감지 0.831 -> 클릭 (4726,440)
2026-08-20 13:27:32,318 INFO [m1q4] 21_auto 감지 -> 즉시 클릭
2026-08-20 13:27:32,319 INFO [m1q4] 21_auto 감지 0.864 -> 클릭 (5686,956)
2026-08-20 13:27:32,978 INFO [m1q1] 던전 A 사냥 세션 시작
2026-08-20 13:27:32,979 INFO [m1q1] WAIT_AUTO -> HUNTING
2026-08-20 13:27:33,461 INFO [m1q4] 던전 A 사냥 세션 시작
2026-08-20 13:27:33,461 INFO [m1q4] WAIT_AUTO -> HUNTING
2026-08-20 13:27:39,699 INFO [m1q3] AUTO 10.0초 동안 미검출 -> 던전 A 만기로 판단
2026-08-20 13:27:39,704 INFO [m1q3] 던전 A DB COMPLETED 처리 -> exit 탐색
2026-08-20 13:27:39,704 INFO [m1q3] WAIT_AUTO -> WAIT_DUNGEON_EXIT
2026-08-20 13:28:09,708 WARNING [m1q3] WAIT_DUNGEON_EXIT 단계 30s 초과 -> 메뉴부터 재시도
2026-08-20 13:28:09,708 INFO [m1q3] WAIT_DUNGEON_EXIT -> WAIT_MENU
2026-08-20 13:28:09,942 INFO [m1q3] 02_menu 감지 0.866 -> 클릭 (4764,706)
2026-08-20 13:28:11,095 INFO [m1q3] WAIT_MENU -> WAIT_DUNGEON_MENU
2026-08-20 13:28:11,131 INFO [m1q3] dungeon 감지 0.924 -> 클릭 (4618,881)
2026-08-20 13:28:12,301 INFO [m1q3] WAIT_DUNGEON_MENU -> WAIT_DUNGEON_SELECT
2026-08-20 13:28:12,332 INFO [m1q3] dungeon_A 감지 0.865 -> 클릭 (4031,893)
2026-08-20 13:28:13,484 INFO [m1q3] WAIT_DUNGEON_SELECT -> WAIT_ENTER
2026-08-20 13:28:13,519 INFO [m1q3] enter 감지 0.924 -> 클릭 (4633,1087)
2026-08-20 13:28:14,663 INFO [m1q3] 입장 버튼 클릭 -> 5초 후 AUTO 탐색 시작
2026-08-20 13:28:19,664 INFO [m1q3] WAIT_ENTER -> WAIT_AUTO
2026-08-20 13:28:23,266 INFO [m1q2] DungeonRunner 종료
2026-08-20 13:28:23,337 INFO [m1q4] 던전 A 세션 49.9s 누적 -> 총 49.9s / 3600.0s
2026-08-20 13:28:23,337 INFO [m1q4] DungeonRunner 종료
2026-08-20 13:28:23,373 INFO [m1q3] DungeonRunner 종료
2026-08-20 13:28:23,374 INFO [m1q1] 던전 A 세션 50.4s 누적 -> 총 319.0s / 3600.0s
2026-08-20 13:28:23,374 INFO [m1q1] DungeonRunner 종료
2026-08-20 13:43:14,427 INFO [m1q1] DungeonRunner 시작
2026-08-20 13:43:14,428 INFO [m1q2] DungeonRunner 시작
2026-08-20 13:43:14,429 INFO [m1q3] DungeonRunner 시작
2026-08-20 13:43:14,429 INFO [m1q4] DungeonRunner 시작
2026-08-20 13:43:14,506 INFO [m1q2] rect=Rect(left=4800, top=116, width=960, height=540)
2026-08-20 13:43:14,506 INFO [m1q1] rect=Rect(left=3840, top=116, width=960, height=540)
2026-08-20 13:43:14,507 INFO [m1q3] rect=Rect(left=3840, top=656, width=960, height=540)
2026-08-20 13:43:14,507 INFO [m1q4] rect=Rect(left=4800, top=656, width=960, height=540)
2026-08-20 13:43:14,507 INFO [m1q2] 오늘 던전 A 선택: status=NOT_STARTED, 누적=0.0s / 3600.0s
2026-08-20 13:43:14,507 INFO [m1q2] SELECT_DUNGEON -> WAIT_MENU
2026-08-20 13:43:14,508 INFO [m1q3] 오늘 던전 A 선택: status=NOT_STARTED, 누적=0.0s / 3600.0s
2026-08-20 13:43:14,508 INFO [m1q3] SELECT_DUNGEON -> WAIT_MENU
2026-08-20 13:43:14,509 INFO [m1q1] 오늘 던전 A 선택: status=NOT_STARTED, 누적=0.0s / 3600.0s
2026-08-20 13:43:14,509 INFO [m1q1] SELECT_DUNGEON -> WAIT_MENU
2026-08-20 13:43:14,509 INFO [m1q4] 오늘 던전 A 선택: status=NOT_STARTED, 누적=0.0s / 3600.0s
2026-08-20 13:43:14,509 INFO [m1q4] SELECT_DUNGEON -> WAIT_MENU
2026-08-20 13:43:14,529 INFO [m1q2] 02_menu 감지 0.977 -> 클릭 (5725,194)
2026-08-20 13:43:14,544 INFO [m1q3] 02_menu 감지 0.869 -> 클릭 (4764,706)
2026-08-20 13:43:14,561 INFO [m1q1] 02_menu 감지 0.977 -> 클릭 (4765,194)
2026-08-20 13:43:14,577 INFO [m1q4] 02_menu 감지 0.978 -> 클릭 (5725,710)
2026-08-20 13:43:15,682 INFO [m1q2] WAIT_MENU -> WAIT_DUNGEON_MENU
2026-08-20 13:43:15,712 INFO [m1q2] dungeon 감지 0.982 -> 클릭 (5582,366)
2026-08-20 13:43:15,834 INFO [m1q3] WAIT_MENU -> WAIT_DUNGEON_MENU
2026-08-20 13:43:15,867 INFO [m1q3] dungeon 감지 0.926 -> 클릭 (4618,881)
2026-08-20 13:43:15,980 INFO [m1q1] WAIT_MENU -> WAIT_DUNGEON_MENU
2026-08-20 13:43:16,010 INFO [m1q1] dungeon 감지 0.980 -> 클릭 (4622,366)
2026-08-20 13:43:16,130 INFO [m1q4] WAIT_MENU -> WAIT_DUNGEON_MENU
2026-08-20 13:43:16,169 INFO [m1q4] dungeon 감지 0.984 -> 클릭 (5582,882)
2026-08-20 13:43:16,850 INFO [m1q2] WAIT_DUNGEON_MENU -> WAIT_DUNGEON_SELECT
2026-08-20 13:43:16,882 INFO [m1q2] dungeon_A 감지 0.986 -> 클릭 (4989,378)
2026-08-20 13:43:17,016 INFO [m1q3] WAIT_DUNGEON_MENU -> WAIT_DUNGEON_SELECT
2026-08-20 13:43:17,050 INFO [m1q3] dungeon_A 감지 0.864 -> 클릭 (4031,893)
2026-08-20 13:43:17,164 INFO [m1q1] WAIT_DUNGEON_MENU -> WAIT_DUNGEON_SELECT
2026-08-20 13:43:17,203 INFO [m1q1] dungeon_A 감지 0.993 -> 클릭 (4021,378)
2026-08-20 13:43:17,317 INFO [m1q4] WAIT_DUNGEON_MENU -> WAIT_DUNGEON_SELECT
2026-08-20 13:43:17,348 INFO [m1q4] dungeon_A 감지 0.966 -> 클릭 (4987,894)
2026-08-20 13:43:18,035 INFO [m1q2] WAIT_DUNGEON_SELECT -> WAIT_ENTER
2026-08-20 13:43:18,072 INFO [m1q2] enter 감지 0.992 -> 클릭 (5586,569)
2026-08-20 13:43:18,210 INFO [m1q3] WAIT_DUNGEON_SELECT -> WAIT_ENTER
2026-08-20 13:43:18,241 INFO [m1q3] enter 감지 0.924 -> 클릭 (4633,1087)
2026-08-20 13:43:18,350 INFO [m1q1] WAIT_DUNGEON_SELECT -> WAIT_ENTER
2026-08-20 13:43:18,382 INFO [m1q1] enter 감지 0.999 -> 클릭 (4623,569)
2026-08-20 13:43:18,501 INFO [m1q4] WAIT_DUNGEON_SELECT -> WAIT_ENTER
2026-08-20 13:43:18,536 INFO [m1q4] enter 감지 0.935 -> 클릭 (5585,1085)
2026-08-20 13:43:19,218 INFO [m1q2] 입장 버튼 클릭 -> 5초 후 AUTO 탐색 시작
2026-08-20 13:43:19,385 INFO [m1q3] 입장 버튼 클릭 -> 5초 후 AUTO 탐색 시작
2026-08-20 13:43:19,540 INFO [m1q1] 입장 버튼 클릭 -> 5초 후 AUTO 탐색 시작
2026-08-20 13:43:19,693 INFO [m1q4] 입장 버튼 클릭 -> 5초 후 AUTO 탐색 시작
2026-08-20 13:43:24,219 INFO [m1q2] WAIT_ENTER -> WAIT_AUTO
2026-08-20 13:43:24,386 INFO [m1q3] WAIT_ENTER -> WAIT_AUTO
2026-08-20 13:43:24,541 INFO [m1q1] WAIT_ENTER -> WAIT_AUTO
2026-08-20 13:43:24,693 INFO [m1q4] WAIT_ENTER -> WAIT_AUTO
2026-08-20 13:43:26,893 INFO [m1q1] 21_auto 감지 -> 즉시 클릭
2026-08-20 13:43:26,893 INFO [m1q1] 21_auto 감지 0.866 -> 클릭 (4726,440)
2026-08-20 13:43:27,045 INFO [m1q4] 21_auto 감지 -> 즉시 클릭
2026-08-20 13:43:27,046 INFO [m1q4] 21_auto 감지 0.889 -> 클릭 (5686,956)
2026-08-20 13:43:28,052 INFO [m1q1] 던전 A 사냥 세션 시작
2026-08-20 13:43:28,052 INFO [m1q1] WAIT_AUTO -> HUNTING
2026-08-20 13:43:28,211 INFO [m1q4] 던전 A 사냥 세션 시작
2026-08-20 13:43:28,211 INFO [m1q4] WAIT_AUTO -> HUNTING
2026-08-20 13:43:34,297 INFO [m1q2] AUTO 10.0초 동안 미검출 -> 던전 A 만기로 판단
2026-08-20 13:43:34,302 INFO [m1q2] 던전 A DB COMPLETED 처리 -> exit 탐색
2026-08-20 13:43:34,302 INFO [m1q2] WAIT_AUTO -> WAIT_DUNGEON_EXIT
2026-08-20 13:43:34,338 INFO [m1q2] exit 감지 0.999 -> 클릭 (5733,191)
2026-08-20 13:43:34,601 INFO [m1q3] AUTO 10.0초 동안 미검출 -> 던전 A 만기로 판단
2026-08-20 13:43:34,606 INFO [m1q3] 던전 A DB COMPLETED 처리 -> exit 탐색
2026-08-20 13:43:34,606 INFO [m1q3] WAIT_AUTO -> WAIT_DUNGEON_EXIT
2026-08-20 13:43:35,486 INFO [m1q2] exit 클릭 -> 다음 던전 진행
2026-08-20 13:43:35,486 INFO [m1q2] WAIT_DUNGEON_EXIT -> NEXT_DUNGEON
2026-08-20 13:43:35,510 INFO [m1q2] 오늘 던전 B 선택: status=NOT_STARTED, 누적=0.0s / 3600.0s
2026-08-20 13:43:35,510 INFO [m1q2] NEXT_DUNGEON -> WAIT_MENU
2026-08-20 13:43:35,554 INFO [m1q2] 02_menu 감지 0.974 -> 클릭 (5725,194)
2026-08-20 13:43:36,704 INFO [m1q2] WAIT_MENU -> WAIT_DUNGEON_MENU
2026-08-20 13:43:36,734 INFO [m1q2] dungeon 감지 0.985 -> 클릭 (5582,366)
2026-08-20 13:43:37,872 INFO [m1q2] WAIT_DUNGEON_MENU -> WAIT_DUNGEON_SELECT
2026-08-20 13:43:37,903 INFO [m1q2] dungeon_B 감지 0.988 -> 클릭 (4991,478)
2026-08-20 13:43:39,056 INFO [m1q2] WAIT_DUNGEON_SELECT -> WAIT_ENTER
2026-08-20 13:43:39,094 INFO [m1q2] enter 감지 0.992 -> 클릭 (5586,569)
2026-08-20 13:43:40,246 INFO [m1q2] 입장 버튼 클릭 -> 5초 후 AUTO 탐색 시작
2026-08-20 13:43:45,247 INFO [m1q2] WAIT_ENTER -> WAIT_AUTO
2026-08-20 13:43:55,308 INFO [m1q2] AUTO 10.0초 동안 미검출 -> 던전 B 만기로 판단
2026-08-20 13:43:55,313 INFO [m1q2] 던전 B DB COMPLETED 처리 -> exit 탐색
2026-08-20 13:43:55,313 INFO [m1q2] WAIT_AUTO -> WAIT_DUNGEON_EXIT
2026-08-20 13:43:55,338 INFO [m1q2] exit 감지 0.999 -> 클릭 (5733,191)
2026-08-20 13:43:56,492 INFO [m1q2] exit 클릭 -> 다음 던전 진행
2026-08-20 13:43:56,492 INFO [m1q2] WAIT_DUNGEON_EXIT -> NEXT_DUNGEON
2026-08-20 13:43:56,535 INFO [m1q2] 오늘 A/B 던전 모두 완료
2026-08-20 13:43:56,536 INFO [m1q2] NEXT_DUNGEON -> ALL_DONE
2026-08-20 13:44:04,638 WARNING [m1q3] WAIT_DUNGEON_EXIT 단계 30s 초과 -> 메뉴부터 재시도
2026-08-20 13:44:04,638 INFO [m1q3] WAIT_DUNGEON_EXIT -> WAIT_MENU
2026-08-20 13:44:04,880 INFO [m1q3] 02_menu 감지 0.868 -> 클릭 (4764,706)
2026-08-20 13:44:06,018 INFO [m1q3] WAIT_MENU -> WAIT_DUNGEON_MENU
2026-08-20 13:44:06,050 INFO [m1q3] dungeon 감지 0.925 -> 클릭 (4618,881)
2026-08-20 13:44:07,206 INFO [m1q3] WAIT_DUNGEON_MENU -> WAIT_DUNGEON_SELECT
2026-08-20 13:44:07,237 INFO [m1q3] dungeon_A 감지 0.865 -> 클릭 (4031,893)
2026-08-20 13:44:08,410 INFO [m1q3] WAIT_DUNGEON_SELECT -> WAIT_ENTER
2026-08-20 13:44:08,443 INFO [m1q3] enter 감지 0.923 -> 클릭 (4633,1087)
2026-08-20 13:44:09,603 INFO [m1q3] 입장 버튼 클릭 -> 5초 후 AUTO 탐색 시작
2026-08-20 13:44:14,603 INFO [m1q3] WAIT_ENTER -> WAIT_AUTO
2026-08-20 13:44:24,711 INFO [m1q3] AUTO 10.0초 동안 미검출 -> 던전 A 만기로 판단
2026-08-20 13:44:24,716 INFO [m1q3] 던전 A DB COMPLETED 처리 -> exit 탐색
2026-08-20 13:44:24,716 INFO [m1q3] WAIT_AUTO -> WAIT_DUNGEON_EXIT
2026-08-20 13:44:54,805 WARNING [m1q3] WAIT_DUNGEON_EXIT 단계 30s 초과 -> 메뉴부터 재시도
2026-08-20 13:44:54,805 INFO [m1q3] WAIT_DUNGEON_EXIT -> WAIT_MENU
2026-08-20 13:44:55,039 INFO [m1q3] 02_menu 감지 0.867 -> 클릭 (4764,706)
2026-08-20 13:44:56,170 INFO [m1q3] WAIT_MENU -> WAIT_DUNGEON_MENU
2026-08-20 13:45:26,202 WARNING [m1q3] WAIT_DUNGEON_MENU 단계 30s 초과 -> 메뉴부터 재시도
2026-08-20 13:45:26,203 INFO [m1q3] WAIT_DUNGEON_MENU -> WAIT_MENU
2026-08-20 13:45:26,434 INFO [m1q3] 02_menu 감지 0.868 -> 클릭 (4764,706)
2026-08-20 13:45:27,565 INFO [m1q3] WAIT_MENU -> WAIT_DUNGEON_MENU
2026-08-20 13:45:57,637 WARNING [m1q3] WAIT_DUNGEON_MENU 단계 30s 초과 -> 메뉴부터 재시도
2026-08-20 13:45:57,638 INFO [m1q3] WAIT_DUNGEON_MENU -> WAIT_MENU
2026-08-20 13:45:57,867 INFO [m1q3] 02_menu 감지 0.867 -> 클릭 (4764,706)
2026-08-20 13:45:59,023 INFO [m1q3] WAIT_MENU -> WAIT_DUNGEON_MENU
2026-08-20 13:45:59,060 INFO [m1q3] dungeon 감지 0.926 -> 클릭 (4618,881)
2026-08-20 13:46:00,221 INFO [m1q3] WAIT_DUNGEON_MENU -> WAIT_DUNGEON_SELECT
2026-08-20 13:46:00,252 INFO [m1q3] dungeon_A 감지 0.864 -> 클릭 (4031,893)
2026-08-20 13:46:01,407 INFO [m1q3] WAIT_DUNGEON_SELECT -> WAIT_ENTER
2026-08-20 13:46:01,440 INFO [m1q3] enter 감지 0.923 -> 클릭 (4633,1087)
2026-08-20 13:46:02,591 INFO [m1q3] 입장 버튼 클릭 -> 5초 후 AUTO 탐색 시작
2026-08-20 13:46:05,019 INFO [m1q4] 던전 A 세션 156.8s 누적 -> 총 156.8s / 3600.0s
2026-08-20 13:46:05,019 INFO [m1q4] DungeonRunner 종료
2026-08-20 13:46:05,039 INFO [m1q1] 던전 A 세션 157.0s 누적 -> 총 157.0s / 3600.0s
2026-08-20 13:46:05,040 INFO [m1q1] DungeonRunner 종료
2026-08-20 13:46:05,683 INFO [m1q2] DungeonRunner 종료
2026-08-20 13:46:07,591 INFO [m1q3] WAIT_ENTER -> WAIT_AUTO
2026-08-20 13:46:07,592 INFO [m1q3] DungeonRunner 종료
