2026-08-15 19:16:58,374 | INFO | m2q2 루틴 시작 / 분면 작업 잠금
2026-08-15 19:19:47,921 | INFO | m2q2 루틴 시작 / 분면 작업 잠금
2026-08-15 19:25:00,180 | INFO | m2q2 루틴 시작 / 분면 작업 잠금
2026-08-15 19:28:12,032 | INFO | m2q2 루틴 시작 / 분면 작업 잠금
2026-08-15 19:29:00,102 | INFO | m2q2 루틴 완료 / 분면 작업 잠금 해제
2026-08-15 19:37:53,664 | INFO | m1q3 사망 진입 루틴 시작 / 분면 작업 잠금
2026-08-15 19:38:59,216 | INFO | m1q3 루틴 완료 / 분면 작업 잠금 해제
2026-08-15 20:24:41,991 | INFO | m1q3 사망 진입 루틴 시작 / 분면 작업 잠금
2026-08-15 20:25:45,306 | INFO | m1q3 루틴 완료 / 분면 작업 잠금 해제
2026-08-15 20:47:44,765 | INFO | m1q4 사망 진입 루틴 시작 / 분면 작업 잠금
2026-08-15 20:48:45,328 | INFO | m1q4 루틴 완료 / 분면 작업 잠금 해제
2026-08-15 20:50:05,797 | INFO | m2q1 루틴 시작 / 분면 작업 잠금
2026-08-15 20:56:07,634 | INFO | m2q1 루틴 시작 / 분면 작업 잠금
2026-08-15 20:57:28,946 | INFO | m2q1 루틴 완료 / 분면 작업 잠금 해제
2026-08-15 20:59:50,946 | INFO | m2q1 루틴 시작 / 분면 작업 잠금
2026-08-15 21:00:47,726 | INFO | m2q1 루틴 완료 / 분면 작업 잠금 해제
2026-08-15 21:00:48,408 | INFO | m2q2 루틴 시작 / 분면 작업 잠금
2026-08-15 21:01:48,888 | INFO | m2q2 루틴 완료 / 분면 작업 잠금 해제
2026-08-15 21:01:49,617 | INFO | m1q1 루틴 시작 / 분면 작업 잠금
2026-08-15 21:02:38,034 | INFO | m1q1 루틴 완료 / 분면 작업 잠금 해제
2026-08-15 21:02:38,604 | INFO | m1q2 루틴 시작 / 분면 작업 잠금
2026-08-15 21:03:40,387 | INFO | m1q2 루틴 완료 / 분면 작업 잠금 해제
2026-08-15 21:03:40,954 | INFO | m1q3 루틴 시작 / 분면 작업 잠금
2026-08-15 21:04:46,330 | INFO | m1q3 루틴 완료 / 분면 작업 잠금 해제
2026-08-15 21:04:46,886 | INFO | m1q4 루틴 시작 / 분면 작업 잠금
2026-08-15 21:05:43,286 | INFO | m1q4 루틴 완료 / 분면 작업 잠금 해제
2026-08-15 21:41:12,032 | INFO | m1q1 루틴 시작 / 분면 작업 잠금
2026-08-15 21:43:47,330 | INFO | m1q1 루틴 시작 / 분면 작업 잠금
2026-08-15 21:47:08,353 | INFO | m1q2 루틴 시작 / 분면 작업 잠금
2026-08-15 21:50:42,287 | INFO | m1q3 루틴 시작 / 분면 작업 잠금
2026-08-15 21:50:55,975 | INFO | m1q3 루틴 시작 / 분면 작업 잠금
2026-08-15 21:52:04,662 | INFO | m1q3 루틴 완료 / 분면 작업 잠금 해제
2026-08-15 22:22:08,436 | INFO | m2q1 루틴 시작 / 분면 작업 잠금
2026-08-15 22:38:31,439 | INFO | m2q1 루틴 시작 / 분면 작업 잠금
2026-08-15 22:42:40,894 | INFO | m1q1 루틴 시작 / 분면 작업 잠금
2026-08-15 22:43:36,950 | INFO | m1q1 루틴 완료 / 분면 작업 잠금 해제
2026-08-15 22:45:43,120 | INFO | m2q1 루틴 시작 / 분면 작업 잠금
2026-08-15 22:46:28,616 | INFO | m2q1 루틴 완료 / 분면 작업 잠금 해제
2026-08-15 23:00:11,913 | INFO | m1q4 사망 진입 루틴 시작 / 분면 작업 잠금
2026-08-15 23:01:16,278 | INFO | m1q4 루틴 완료 / 분면 작업 잠금 해제
2026-08-15 23:01:45,978 | INFO | m2q1 루틴 시작 / 분면 작업 잠금
2026-08-15 23:02:36,015 | INFO | m2q1 루틴 완료 / 분면 작업 잠금 해제
2026-08-15 23:02:36,688 | INFO | m2q2 루틴 시작 / 분면 작업 잠금
2026-08-15 23:07:31,947 | INFO | m2q2 루틴 시작 / 분면 작업 잠금
2026-08-15 23:09:31,925 | INFO | m2q2 루틴 완료 / 분면 작업 잠금 해제
2026-08-16 00:11:47,144 | INFO | m1q1 사망 진입 루틴 시작 / 분면 작업 잠금
2026-08-16 00:12:39,194 | INFO | m1q1 루틴 완료 / 분면 작업 잠금 해제
2026-08-16 00:37:48,746 | INFO | m1q4 사망 진입 루틴 시작 / 분면 작업 잠금
2026-08-16 00:38:49,693 | INFO | m1q4 루틴 완료 / 분면 작업 잠금 해제
2026-08-16 01:02:35,622 | INFO | m1q3 사망 진입 루틴 시작 / 분면 작업 잠금
2026-08-16 06:00:33,344 | ERROR | 감시 엔진 종료
Traceback (most recent call last):
  File "C:\Users\Jongseo Won\Desktop\auto\macro_manager.py", line 626, in loop
    routine_overrides, routine_fallbacks = (
    ^^^^^^^^^^^^^^^^^^^^^^^^^^^^^^^^^^^^
TypeError: cannot unpack non-iterable NoneType object
2026-08-16 06:00:38,436 | ERROR | 감시 엔진 종료
Traceback (most recent call last):
  File "C:\Users\Jongseo Won\Desktop\auto\macro_manager.py", line 626, in loop
    routine_overrides, routine_fallbacks = (
    ^^^^^^^^^^^^^^^^^^^^^^^^^^^^^^^^^^^^
TypeError: cannot unpack non-iterable NoneType object
2026-08-16 06:02:50,739 | ERROR | 감시 엔진 종료
Traceback (most recent call last):
  File "C:\Users\Jongseo Won\Desktop\auto\macro_manager.py", line 626, in loop
    routine_overrides, routine_fallbacks = (
    ^^^^^^^^^^^^^^^^^^^^^^^^^^^^^^^^^^^^
TypeError: cannot unpack non-iterable NoneType object
2026-08-16 06:33:22,793 | INFO | m1q1 사망 진입 루틴 시작 / 분면 작업 잠금
2026-08-16 06:34:21,375 | INFO | m1q1 루틴 완료 / 분면 작업 잠금 해제
2026-08-16 07:42:26,205 | INFO | m1q1 사망 진입 루틴 시작 / 분면 작업 잠금
2026-08-16 07:43:25,113 | INFO | m1q1 루틴 완료 / 분면 작업 잠금 해제
2026-08-16 07:57:33,541 | INFO | m1q2 사망 진입 루틴 시작 / 분면 작업 잠금
2026-08-16 15:49:58,128 | INFO | m1q1 사망 진입 루틴 시작 / 분면 작업 잠금
2026-08-16 15:50:49,894 | INFO | m1q1 루틴 완료 / 분면 작업 잠금 해제
2026-08-16 15:50:49,963 | INFO | m1q3 사망 진입 루틴 시작 / 분면 작업 잠금
2026-08-16 15:51:44,219 | INFO | m1q3 루틴 완료 / 분면 작업 잠금 해제
2026-08-16 15:53:45,939 | INFO | m2q2 루틴 시작 / 분면 작업 잠금
2026-08-16 15:54:37,236 | INFO | m2q2 루틴 완료 / 분면 작업 잠금 해제
2026-08-16 16:49:35,928 | INFO | m1q3 루틴 진행 시작
2026-08-16 16:49:44,239 | INFO | m1q3 루틴 진행 시작
2026-08-16 16:49:45,907 | INFO | m1q3 루틴 진행 시작
2026-08-16 16:49:48,010 | INFO | m1q3 루틴 진행 시작
2026-08-16 16:49:49,193 | INFO | m1q3 루틴 진행 시작
2026-08-16 16:49:50,383 | INFO | m1q3 루틴 진행 시작
2026-08-16 16:49:52,016 | INFO | m1q3 루틴 진행 시작
2026-08-16 16:49:53,181 | INFO | m1q3 루틴 진행 시작
2026-08-16 16:49:54,349 | INFO | m1q3 루틴 진행 시작
2026-08-16 16:49:55,534 | INFO | m1q3 루틴 진행 시작
2026-08-16 16:50:06,382 | INFO | m1q3 루틴 진행 시작
2026-08-16 16:50:07,528 | INFO | m1q3 루틴 진행 시작
2026-08-16 16:50:08,683 | INFO | m1q3 루틴 진행 시작
2026-08-16 16:50:09,832 | INFO | m1q3 루틴 진행 시작
2026-08-16 16:50:13,353 | INFO | m1q3 루틴 진행 시작
2026-08-16 16:50:14,504 | INFO | m1q3 루틴 진행 시작
2026-08-16 16:50:15,689 | INFO | m1q3 루틴 진행 시작
2026-08-16 16:50:16,876 | INFO | m1q3 루틴 진행 시작
2026-08-16 16:50:18,057 | INFO | m1q3 루틴 진행 시작
2026-08-16 16:50:36,560 | INFO | m1q1 루틴 진행 시작
2026-08-16 16:50:39,284 | INFO | m1q3 루틴 진행 시작
2026-08-16 16:50:39,450 | INFO | m1q3 루틴 완료
2026-08-16 16:50:41,364 | INFO | m1q1 루틴 진행 시작
2026-08-16 16:50:43,022 | INFO | m1q1 루틴 진행 시작
2026-08-16 16:50:44,601 | INFO | m1q1 루틴 진행 시작
2026-08-16 16:50:45,756 | INFO | m1q1 루틴 진행 시작
2026-08-16 16:50:46,887 | INFO | m1q1 루틴 진행 시작
2026-08-16 16:50:48,490 | INFO | m1q1 루틴 진행 시작
2026-08-16 16:50:49,643 | INFO | m1q1 루틴 진행 시작
2026-08-16 16:50:50,813 | INFO | m1q1 루틴 진행 시작
2026-08-16 16:50:51,977 | INFO | m1q1 루틴 진행 시작
2026-08-16 16:50:57,887 | INFO | m1q2 루틴 진행 시작
2026-08-16 16:51:00,537 | INFO | m1q1 루틴 진행 시작
2026-08-16 16:51:01,723 | INFO | m1q1 루틴 진행 시작
2026-08-16 16:51:02,892 | INFO | m1q1 루틴 진행 시작
2026-08-16 16:51:04,123 | INFO | m1q2 루틴 진행 시작
2026-08-16 16:51:05,243 | INFO | m1q1 루틴 진행 시작
2026-08-16 16:51:06,476 | INFO | m1q2 루틴 진행 시작
2026-08-16 16:51:08,745 | INFO | m1q2 루틴 진행 시작
2026-08-16 16:51:09,913 | INFO | m1q2 루틴 진행 시작
2026-08-16 16:51:11,063 | INFO | m1q1 루틴 진행 시작
2026-08-16 16:51:11,783 | INFO | m1q2 루틴 진행 시작
2026-08-16 16:51:12,920 | INFO | m1q1 루틴 진행 시작
2026-08-16 16:51:13,652 | INFO | m1q2 루틴 진행 시작
2026-08-16 16:51:14,756 | INFO | m1q1 루틴 진행 시작
2026-08-16 16:51:15,466 | INFO | m1q2 루틴 진행 시작
2026-08-16 16:51:16,588 | INFO | m1q1 루틴 진행 시작
2026-08-16 16:51:17,325 | INFO | m1q2 루틴 진행 시작
2026-08-16 16:51:18,476 | INFO | m1q1 루틴 진행 시작
2026-08-16 16:51:19,188 | INFO | m1q2 루틴 진행 시작
2026-08-16 16:51:23,949 | INFO | m1q2 루틴 진행 시작
2026-08-16 16:51:25,095 | INFO | m1q2 루틴 진행 시작
2026-08-16 16:51:26,227 | INFO | m1q2 루틴 진행 시작
2026-08-16 16:51:27,385 | INFO | m1q2 루틴 진행 시작
2026-08-16 16:51:35,122 | INFO | m1q2 루틴 진행 시작
2026-08-16 16:51:36,222 | INFO | m1q2 루틴 진행 시작
2026-08-16 16:51:37,341 | INFO | m1q2 루틴 진행 시작
2026-08-16 16:51:38,442 | INFO | m1q2 루틴 진행 시작
2026-08-16 16:51:39,561 | INFO | m1q2 루틴 진행 시작
2026-08-16 16:51:40,695 | INFO | m1q1 루틴 진행 시작
2026-08-16 16:51:40,862 | INFO | m1q1 루틴 완료
2026-08-16 16:52:01,786 | INFO | m1q2 루틴 진행 시작
2026-08-16 16:52:01,954 | INFO | m1q2 루틴 완료
2026-08-16 16:52:08,640 | INFO | m1q4 루틴 진행 시작
2026-08-16 16:52:14,580 | INFO | m1q4 루틴 진행 시작
2026-08-16 16:52:16,253 | INFO | m1q4 루틴 진행 시작
2026-08-16 16:52:18,256 | INFO | m1q4 루틴 진행 시작
2026-08-16 16:52:19,388 | INFO | m1q4 루틴 진행 시작
2026-08-16 16:52:20,520 | INFO | m1q4 루틴 진행 시작
2026-08-16 16:52:22,103 | INFO | m1q4 루틴 진행 시작
2026-08-16 16:52:23,257 | INFO | m1q4 루틴 진행 시작
2026-08-16 16:52:24,425 | INFO | m1q4 루틴 진행 시작
2026-08-16 16:52:25,592 | INFO | m1q4 루틴 진행 시작
2026-08-16 16:52:36,692 | INFO | m1q4 루틴 진행 시작
2026-08-16 16:52:37,857 | INFO | m1q4 루틴 진행 시작
2026-08-16 16:52:39,025 | INFO | m1q4 루틴 진행 시작
2026-08-16 16:52:40,191 | INFO | m1q4 루틴 진행 시작
2026-08-16 16:52:44,279 | INFO | m1q4 루틴 진행 시작
2026-08-16 16:52:45,465 | INFO | m1q4 루틴 진행 시작
2026-08-16 16:52:46,631 | INFO | m1q4 루틴 진행 시작
2026-08-16 16:52:47,819 | INFO | m1q4 루틴 진행 시작
2026-08-16 16:52:49,027 | INFO | m1q4 루틴 진행 시작
2026-08-16 16:53:10,392 | INFO | m1q4 루틴 진행 시작
2026-08-16 16:53:10,559 | INFO | m1q4 루틴 완료
2026-08-16 16:53:49,247 | INFO | m2q1 루틴 진행 시작
2026-08-16 16:53:55,263 | INFO | m2q1 루틴 진행 시작
2026-08-16 16:54:04,529 | INFO | m2q1 루틴 진행 시작
2026-08-16 16:54:06,197 | INFO | m2q1 루틴 진행 시작
2026-08-16 16:54:07,397 | INFO | m2q1 루틴 진행 시작
2026-08-16 16:54:08,584 | INFO | m2q1 루틴 진행 시작
2026-08-16 16:54:10,233 | INFO | m2q1 루틴 진행 시작
2026-08-16 16:54:11,434 | INFO | m2q1 루틴 진행 시작
2026-08-16 16:54:12,612 | INFO | m2q1 루틴 진행 시작
2026-08-16 16:54:13,804 | INFO | m2q1 루틴 진행 시작
2026-08-16 16:54:24,097 | INFO | m2q1 루틴 진행 시작
2026-08-16 16:54:25,353 | INFO | m2q1 루틴 진행 시작
2026-08-16 16:54:26,604 | INFO | m2q1 루틴 진행 시작
2026-08-16 16:54:27,822 | INFO | m2q1 루틴 진행 시작
2026-08-16 16:54:29,504 | INFO | m2q1 루틴 진행 시작
2026-08-16 16:54:30,727 | INFO | m2q1 루틴 진행 시작
2026-08-16 16:54:31,941 | INFO | m2q1 루틴 진행 시작
2026-08-16 16:54:33,138 | INFO | m2q1 루틴 진행 시작
2026-08-16 16:54:54,606 | INFO | m2q1 루틴 진행 시작
2026-08-16 16:54:54,772 | INFO | m2q1 루틴 완료
2026-08-16 16:59:26,677 | INFO | m1q4 루틴 진행 시작
2026-08-16 16:59:29,328 | INFO | m1q3 루틴 진행 시작
2026-08-16 16:59:32,547 | INFO | m1q4 루틴 진행 시작
2026-08-16 16:59:34,221 | INFO | m1q4 루틴 진행 시작
2026-08-16 16:59:35,853 | INFO | m1q4 루틴 진행 시작
2026-08-16 16:59:37,525 | INFO | m1q3 루틴 진행 시작
2026-08-16 16:59:38,262 | INFO | m1q4 루틴 진행 시작
2026-08-16 16:59:39,903 | INFO | m1q3 루틴 진행 시작
2026-08-16 16:59:40,637 | INFO | m1q4 루틴 진행 시작
2026-08-16 16:59:42,309 | INFO | m1q3 루틴 진행 시작
2026-08-16 16:59:43,043 | INFO | m1q4 루틴 진행 시작
2026-08-16 16:59:44,246 | INFO | m1q3 루틴 진행 시작
2026-08-16 16:59:44,982 | INFO | m1q4 루틴 진행 시작
2026-08-16 16:59:46,150 | INFO | m1q3 루틴 진행 시작
2026-08-16 16:59:46,882 | INFO | m1q4 루틴 진행 시작
2026-08-16 16:59:48,034 | INFO | m1q3 루틴 진행 시작
2026-08-16 16:59:48,770 | INFO | m1q4 루틴 진행 시작
2026-08-16 16:59:49,919 | INFO | m1q3 루틴 진행 시작
2026-08-16 16:59:51,122 | INFO | m1q3 루틴 진행 시작
2026-08-16 16:59:52,325 | INFO | m1q3 루틴 진행 시작
2026-08-16 16:59:58,041 | INFO | m1q4 루틴 진행 시작
2026-08-16 16:59:59,232 | INFO | m1q4 루틴 진행 시작
2026-08-16 17:00:00,401 | INFO | m1q3 루틴 진행 시작
2026-08-16 17:00:01,133 | INFO | m1q4 루틴 진행 시작
2026-08-16 17:00:02,294 | INFO | m1q3 루틴 진행 시작
2026-08-16 17:00:03,029 | INFO | m1q4 루틴 진행 시작
2026-08-16 17:00:04,217 | INFO | m1q3 루틴 진행 시작
2026-08-16 17:00:05,389 | INFO | m1q3 루틴 진행 시작
2026-08-16 17:00:08,423 | INFO | m1q4 루틴 진행 시작
2026-08-16 17:00:09,624 | INFO | m1q4 루틴 진행 시작
2026-08-16 17:00:10,772 | INFO | m1q3 루틴 진행 시작
2026-08-16 17:00:11,508 | INFO | m1q4 루틴 진행 시작
2026-08-16 17:00:12,695 | INFO | m1q3 루틴 진행 시작
2026-08-16 17:00:13,431 | INFO | m1q4 루틴 진행 시작
2026-08-16 17:00:14,578 | INFO | m1q3 루틴 진행 시작
2026-08-16 17:00:15,298 | INFO | m1q4 루틴 진행 시작
2026-08-16 17:00:16,467 | INFO | m1q3 루틴 진행 시작
2026-08-16 17:00:17,202 | INFO | m1q4 루틴 진행 시작
2026-08-16 17:00:18,344 | INFO | m1q3 루틴 진행 시작
2026-08-16 17:00:19,499 | INFO | m1q3 루틴 진행 시작
2026-08-16 17:00:23,779 | INFO | m2q1 루틴 진행 시작
2026-08-16 17:00:28,990 | INFO | m2q1 루틴 진행 시작
2026-08-16 17:00:30,654 | INFO | m2q1 루틴 진행 시작
2026-08-16 17:00:32,191 | INFO | m2q1 루틴 진행 시작
2026-08-16 17:00:33,325 | INFO | m2q1 루틴 진행 시작
2026-08-16 17:00:34,484 | INFO | m2q1 루틴 진행 시작
2026-08-16 17:00:36,049 | INFO | m2q1 루틴 진행 시작
2026-08-16 17:00:37,211 | INFO | m2q1 루틴 진행 시작
2026-08-16 17:00:38,342 | INFO | m2q1 루틴 진행 시작
2026-08-16 17:00:39,388 | INFO | m1q4 루틴 진행 시작
2026-08-16 17:00:39,555 | INFO | m1q4 루틴 완료
2026-08-16 17:00:40,197 | INFO | m2q1 루틴 진행 시작
2026-08-16 17:00:41,258 | INFO | m1q3 루틴 진행 시작
2026-08-16 17:00:41,422 | INFO | m1q3 루틴 완료
2026-08-16 17:00:42,153 | INFO | m2q1 루틴 진행 시작
2026-08-16 17:00:43,450 | INFO | m2q1 루틴 진행 시작
2026-08-16 17:00:44,766 | INFO | m2q1 루틴 진행 시작
2026-08-16 17:00:46,055 | INFO | m2q1 루틴 진행 시작
2026-08-16 17:00:47,780 | INFO | m2q1 루틴 진행 시작
2026-08-16 17:00:49,016 | INFO | m2q1 루틴 진행 시작
2026-08-16 17:00:50,247 | INFO | m2q1 루틴 진행 시작
2026-08-16 17:00:51,442 | INFO | m2q1 루틴 진행 시작
2026-08-16 17:01:12,788 | INFO | m2q1 루틴 진행 시작
2026-08-16 17:01:12,955 | INFO | m2q1 루틴 완료
2026-08-16 17:07:28,151 | INFO | m1q4 루틴 진행 시작
2026-08-16 17:07:30,498 | INFO | m2q1 루틴 진행 시작
2026-08-16 17:07:33,118 | INFO | m1q3 루틴 진행 시작
2026-08-16 17:07:35,861 | INFO | m1q4 루틴 진행 시작
2026-08-16 17:07:37,193 | INFO | m2q1 루틴 진행 시작
2026-08-16 17:07:38,085 | INFO | m2q2 루틴 진행 시작
2026-08-16 17:07:40,482 | INFO | m1q1 루틴 진행 시작
2026-08-16 17:07:42,707 | INFO | m1q2 루틴 진행 시작
2026-08-16 17:07:45,443 | INFO | m1q3 루틴 진행 시작
2026-08-16 17:07:46,675 | INFO | m1q4 루틴 진행 시작
2026-08-16 17:07:48,010 | INFO | m2q1 루틴 진행 시작
2026-08-16 17:07:49,326 | INFO | m2q2 루틴 진행 시작
2026-08-16 17:07:50,712 | INFO | m1q1 루틴 진행 시작
2026-08-16 17:07:51,929 | INFO | m1q2 루틴 진행 시작
2026-08-16 17:07:53,165 | INFO | m1q3 루틴 진행 시작
2026-08-16 17:07:53,901 | INFO | m1q4 루틴 진행 시작
2026-08-16 17:07:55,278 | INFO | m2q2 루틴 진행 시작
2026-08-16 17:07:56,665 | INFO | m1q1 루틴 진행 시작
2026-08-16 17:07:57,889 | INFO | m1q2 루틴 진행 시작
2026-08-16 17:07:58,624 | INFO | m1q3 루틴 진행 시작
2026-08-16 17:07:59,357 | INFO | m1q4 루틴 진행 시작
2026-08-16 17:08:00,181 | INFO | m2q1 루틴 진행 시작
2026-08-16 17:08:01,158 | INFO | m1q1 루틴 진행 시작
2026-08-16 17:08:01,893 | INFO | m1q2 루틴 진행 시작
2026-08-16 17:08:02,627 | INFO | m1q3 루틴 진행 시작
2026-08-16 17:08:03,358 | INFO | m1q4 루틴 진행 시작
2026-08-16 17:08:04,188 | INFO | m2q1 루틴 진행 시작
2026-08-16 17:08:05,161 | INFO | m1q1 루틴 진행 시작
2026-08-16 17:08:05,893 | INFO | m1q2 루틴 진행 시작
2026-08-16 17:08:06,633 | INFO | m1q3 루틴 진행 시작
2026-08-16 17:08:07,362 | INFO | m1q4 루틴 진행 시작
2026-08-16 17:08:08,196 | INFO | m2q1 루틴 진행 시작
2026-08-16 17:08:09,163 | INFO | m1q1 루틴 진행 시작
2026-08-16 17:08:09,896 | INFO | m1q2 루틴 진행 시작
2026-08-16 17:08:10,633 | INFO | m1q3 루틴 진행 시작
2026-08-16 17:08:11,347 | INFO | m1q4 루틴 진행 시작
2026-08-16 17:08:12,179 | INFO | m2q1 루틴 진행 시작
2026-08-16 17:08:13,013 | INFO | m2q2 루틴 진행 시작
2026-08-16 17:08:13,902 | INFO | m1q1 루틴 진행 시작
2026-08-16 17:08:14,636 | INFO | m1q2 루틴 진행 시작
2026-08-16 17:08:15,370 | INFO | m1q3 루틴 진행 시작
2026-08-16 17:08:16,104 | INFO | m1q4 루틴 진행 시작
2026-08-16 17:08:16,919 | INFO | m2q1 루틴 진행 시작
2026-08-16 17:08:17,750 | INFO | m2q2 루틴 진행 시작
2026-08-16 17:08:18,640 | INFO | m1q1 루틴 진행 시작
2026-08-16 17:08:19,373 | INFO | m1q2 루틴 진행 시작
2026-08-16 17:08:20,110 | INFO | m1q3 루틴 진행 시작
2026-08-16 17:08:20,846 | INFO | m1q4 루틴 진행 시작
2026-08-16 17:08:21,674 | INFO | m2q1 루틴 진행 시작
2026-08-16 17:08:22,508 | INFO | m2q2 루틴 진행 시작
2026-08-16 17:08:23,395 | INFO | m1q1 루틴 진행 시작
2026-08-16 17:08:24,130 | INFO | m1q2 루틴 진행 시작
2026-08-16 17:08:24,866 | INFO | m1q3 루틴 진행 시작
2026-08-16 17:08:25,730 | INFO | m2q1 루틴 진행 시작
2026-08-16 17:08:26,570 | INFO | m2q2 루틴 진행 시작
2026-08-16 17:08:27,455 | INFO | m1q1 루틴 진행 시작
2026-08-16 17:08:28,182 | INFO | m1q2 루틴 진행 시작
2026-08-16 17:08:29,174 | INFO | m2q2 루틴 진행 시작
2026-08-16 17:08:30,056 | INFO | m1q1 루틴 진행 시작
2026-08-16 17:08:30,826 | INFO | m1q3 루틴 진행 시작
2026-08-16 17:08:31,556 | INFO | m1q4 루틴 진행 시작
2026-08-16 17:08:32,454 | INFO | m2q2 루틴 진행 시작
2026-08-16 17:08:33,345 | INFO | m1q1 루틴 진행 시작
2026-08-16 17:08:34,076 | INFO | m1q2 루틴 진행 시작
2026-08-16 17:08:34,811 | INFO | m1q3 루틴 진행 시작
2026-08-16 17:08:35,546 | INFO | m1q4 루틴 진행 시작
2026-08-16 17:08:36,399 | INFO | m2q1 루틴 진행 시작
2026-08-16 17:08:37,263 | INFO | m2q2 루틴 진행 시작
2026-08-16 17:08:38,153 | INFO | m1q1 루틴 진행 시작
2026-08-16 17:08:38,901 | INFO | m1q2 루틴 진행 시작
2026-08-16 17:08:39,642 | INFO | m1q3 루틴 진행 시작
2026-08-16 17:08:40,389 | INFO | m1q4 루틴 진행 시작
2026-08-16 17:08:41,259 | INFO | m2q1 루틴 진행 시작
2026-08-16 17:08:42,167 | INFO | m2q2 루틴 진행 시작
2026-08-16 17:08:43,074 | INFO | m1q1 루틴 진행 시작
2026-08-16 17:08:43,806 | INFO | m1q2 루틴 진행 시작
2026-08-16 17:08:44,542 | INFO | m1q3 루틴 진행 시작
2026-08-16 17:08:45,278 | INFO | m1q4 루틴 진행 시작
2026-08-16 17:08:46,157 | INFO | m2q1 루틴 진행 시작
2026-08-16 17:08:47,062 | INFO | m2q2 루틴 진행 시작
2026-08-16 17:08:47,980 | INFO | m1q2 루틴 진행 시작
2026-08-16 17:08:48,896 | INFO | m2q1 루틴 진행 시작
2026-08-16 17:08:49,762 | INFO | m2q2 루틴 진행 시작
2026-08-16 17:08:52,901 | INFO | m2q2 루틴 진행 시작
2026-08-16 17:08:54,498 | INFO | m1q3 루틴 진행 시작
2026-08-16 17:08:55,233 | INFO | m1q4 루틴 진행 시작
2026-08-16 17:08:56,865 | INFO | m1q1 루틴 진행 시작
2026-08-16 17:08:57,600 | INFO | m1q3 루틴 진행 시작
2026-08-16 17:08:58,333 | INFO | m1q4 루틴 진행 시작
2026-08-16 17:08:59,167 | INFO | m2q1 루틴 진행 시작
2026-08-16 17:09:00,754 | INFO | m1q1 루틴 진행 시작
2026-08-16 17:09:01,487 | INFO | m1q2 루틴 진행 시작
2026-08-16 17:09:02,219 | INFO | m1q3 루틴 진행 시작
2026-08-16 17:09:02,954 | INFO | m1q4 루틴 진행 시작
2026-08-16 17:09:03,796 | INFO | m2q1 루틴 진행 시작
2026-08-16 17:09:04,688 | INFO | m1q1 루틴 진행 시작
2026-08-16 17:09:05,425 | INFO | m1q2 루틴 진행 시작
2026-08-16 17:09:06,159 | INFO | m1q3 루틴 진행 시작
2026-08-16 17:09:06,893 | INFO | m1q4 루틴 진행 시작
2026-08-16 17:09:07,744 | INFO | m2q1 루틴 진행 시작
2026-08-16 17:09:08,585 | INFO | m2q2 루틴 진행 시작
2026-08-16 17:09:09,461 | INFO | m1q1 루틴 진행 시작
2026-08-16 17:09:10,204 | INFO | m1q2 루틴 진행 시작
2026-08-16 17:09:10,931 | INFO | m1q3 루틴 진행 시작
2026-08-16 17:09:11,665 | INFO | m1q4 루틴 진행 시작
2026-08-16 17:09:12,505 | INFO | m2q1 루틴 진행 시작
2026-08-16 17:09:13,343 | INFO | m2q2 루틴 진행 시작
2026-08-16 17:09:14,236 | INFO | m1q1 루틴 진행 시작
2026-08-16 17:09:14,972 | INFO | m1q2 루틴 진행 시작
2026-08-16 17:09:15,706 | INFO | m1q3 루틴 진행 시작
2026-08-16 17:09:16,440 | INFO | m1q4 루틴 진행 시작
2026-08-16 17:09:17,263 | INFO | m2q1 루틴 진행 시작
2026-08-16 17:09:18,109 | INFO | m2q2 루틴 진행 시작
2026-08-16 17:09:18,990 | INFO | m1q2 루틴 진행 시작
2026-08-16 17:09:19,825 | INFO | m2q1 루틴 진행 시작
2026-08-16 17:09:20,662 | INFO | m2q2 루틴 진행 시작
2026-08-16 17:09:21,879 | INFO | m2q2 루틴 진행 시작
2026-08-16 17:09:39,126 | INFO | m1q1 루틴 진행 시작
2026-08-16 17:09:39,292 | INFO | m1q1 루틴 완료
2026-08-16 17:09:39,861 | INFO | m1q3 루틴 진행 시작
2026-08-16 17:09:40,026 | INFO | m1q3 루틴 완료
2026-08-16 17:09:40,595 | INFO | m1q4 루틴 진행 시작
2026-08-16 17:09:40,760 | INFO | m1q4 루틴 완료
2026-08-16 17:09:41,650 | INFO | m2q1 루틴 진행 시작
2026-08-16 17:09:41,812 | INFO | m2q1 루틴 완료
2026-08-16 17:09:42,566 | INFO | m1q2 루틴 진행 시작
2026-08-16 17:09:42,730 | INFO | m1q2 루틴 완료
2026-08-16 17:09:43,535 | INFO | m2q2 루틴 진행 시작
2026-08-16 17:09:43,697 | INFO | m2q2 루틴 완료
